../Src/BME280Sensor.cpp:38:1:BME280Sensor::BME280Sensor(uint8_t)	8	static
../Src/BME280Sensor.cpp:44:9:int32_t BME280Sensor::GetTemperature() const	0	static
../Src/BME280Sensor.cpp:49:10:uint32_t BME280Sensor::GetPreassure() const	0	static
../Src/BME280Sensor.cpp:54:10:uint32_t BME280Sensor::GetHumidity() const	0	static
../Src/BME280Sensor.cpp:123:9:int32_t BME280Sensor::GetTemperatureWithCompensation(int32_t)	0	static
../Src/BME280Sensor.cpp:136:10:uint32_t BME280Sensor::GetPressureWithCompensations(int32_t)	24	static
../Src/BME280Sensor.cpp:157:10:uint32_t BME280Sensor::GetHumidityWithCompensation(int32_t)	8	static
../Src/BME280Sensor.cpp:239:6:bool BME280Sensor::ReadBurst(uint8_t, uint8_t*, uint8_t) const	24	static
../Src/BME280Sensor.cpp:234:6:bool BME280Sensor::Read(uint8_t, uint8_t&) const	0	static
../Src/BME280Sensor.cpp:59:6:bool BME280Sensor::ReadCalibrationConstants()	24	static
../Src/BME280Sensor.cpp:288:6:bool BME280Sensor::WriteBurst(uint8_t, const uint8_t*, uint8_t)	24	static
../Src/BME280Sensor.cpp:283:6:bool BME280Sensor::Write(uint8_t, uint8_t)	16	static
../Src/BME280Sensor.cpp:172:6:bool BME280Sensor::ReadProbe()	32	static
