../Src/LcdScreen.cpp:26:6:void LcdScreen::PORTB_CLOCK_ENABLE()	0	static
../Src/LcdScreen.cpp:32:6:void LcdScreen::SetGpioOutPushPull(GPIO_TypeDef*, uint8_t)	8	static
../Src/LcdScreen.cpp:50:6:void LcdScreen::SetGpioInFloating(GPIO_TypeDef*, uint8_t)	8	static
../Src/LcdScreen.cpp:68:6:void LcdScreen::LcdRS(uint8_t)	0	static
../Src/LcdScreen.cpp:75:6:void LcdScreen::LcdRW(uint8_t)	0	static
../Src/LcdScreen.cpp:82:6:void LcdScreen::LcdE(uint8_t)	0	static
../Src/LcdScreen.cpp:89:6:void LcdScreen::LcdOut4bits(uint8_t)	8	static
../Src/LcdScreen.cpp:100:9:uint8_t LcdScreen::LcdIn4bits()	0	static
../Src/LcdScreen.cpp:112:6:void LcdScreen::LcdDelayUs(uint32_t)	8	static
../Src/LcdScreen.cpp:130:6:void LcdScreen::LcdSetDataOut()	8	static
../Src/LcdScreen.cpp:138:6:void LcdScreen::LcdSetDataIn()	8	static
../Src/LcdScreen.cpp:146:6:void LcdScreen::Lcd4BitCommand(uint8_t, uint8_t, uint8_t)	8	static
../Src/LcdScreen.cpp:164:6:void LcdScreen::LcdInit()	8	static
../Src/LcdScreen.cpp:209:6:void LcdScreen::LcdClear()	8	static
../Src/LcdScreen.cpp:215:6:void LcdScreen::LcdToPos(uint8_t, uint8_t)	8	static
../Src/LcdScreen.cpp:223:6:void LcdScreen::LcdPrintChar(uint8_t)	8	static
../Src/LcdScreen.cpp:230:6:void LcdScreen::LcdPrint(char*)	8	static
../Src/LcdScreen.cpp:240:6:void LcdScreen::LcdPrintNumber(uint16_t)	24	static
