../Src/LcdScreen.cpp:27:6:void LcdScreen::PORTB_CLOCK_ENABLE()	0	static
../Src/LcdScreen.cpp:32:6:void LcdScreen::LcdRS(uint8_t)	0	static
../Src/LcdScreen.cpp:39:6:void LcdScreen::LcdRW(uint8_t)	0	static
../Src/LcdScreen.cpp:46:6:void LcdScreen::LcdE(uint8_t)	0	static
../Src/LcdScreen.cpp:53:6:void LcdScreen::LcdOut4bits(uint8_t)	8	static
../Src/LcdScreen.cpp:64:9:uint8_t LcdScreen::LcdIn4bits()	0	static
../Src/LcdScreen.cpp:75:6:void LcdScreen::LcdSetDataOut()	8	static
../Src/LcdScreen.cpp:83:6:void LcdScreen::LcdSetDataIn()	8	static
../Src/LcdScreen.cpp:91:9:uint8_t LcdScreen::Lcd4BitWideRead(uint8_t, uint8_t)	16	static
../Src/LcdScreen.cpp:118:6:bool LcdScreen::IsBusy()	8	static
../Src/LcdScreen.cpp:124:6:void LcdScreen::Lcd4BitWideWrite(uint8_t, uint8_t, uint8_t)	8	static
../Src/LcdScreen.cpp:142:6:void LcdScreen::Lcd8BitWideFakeWrite(uint8_t, uint8_t, uint8_t)	8	static
../Src/LcdScreen.cpp:155:6:void LcdScreen::WaitForBusy()	8	static
../Src/LcdScreen.cpp:161:6:void LcdScreen::LcdInit()	8	static
../Src/LcdScreen.cpp:221:6:void LcdScreen::LcdClear()	8	static
../Src/LcdScreen.cpp:228:6:void LcdScreen::LcdToPos(uint8_t, uint8_t)	16	static
../Src/LcdScreen.cpp:237:6:void LcdScreen::LcdPrintChar(uint8_t)	8	static
../Src/LcdScreen.cpp:245:6:void LcdScreen::LcdPrint(char*)	8	static
../Src/LcdScreen.cpp:255:6:void LcdScreen::LcdPrintNumber(uint16_t)	24	static
../Src/LcdScreen.cpp:275:6:void LcdScreen::LcdPrintNumber(uint32_t)	32	static
../Src/LcdScreen.cpp:298:6:void LcdScreen::LcdPrintHex(uint8_t)	8	static
../Src/LcdScreen.cpp:322:6:void LcdScreen::LcdPrintHex(uint16_t)	8	static
../Src/LcdScreen.cpp:331:6:void LcdScreen::LcdPrintHex(uint32_t)	8	static
../Src/LcdScreen.cpp:341:6:void LcdScreen::LcdPrintNumber(uint8_t)	16	static
../Src/LcdScreen.cpp:361:6:void LcdScreen::LcdPrintDigit(uint8_t)	0	static
