Archive member included to satisfy reference by file (symbol)

C:\__myworkspace\ColomboProjects\12_to_200V_inverter\sw\Inverter12to200\DataStorageRawC\Release\libDataStorageRawC.a(IndicatorsTable.o)
                              main.o (GetVoltageCurrentTableValue)
C:\__myworkspace\ColomboProjects\12_to_200V_inverter\sw\Inverter12to200\DataStorageRawC\Release\libDataStorageRawC.a(TempSensorTable.o)
                              src/cs_adc.o (GetTempSensorTableSize)
c:/program files (x86)/atmel/studio/7.0/toolchain/avr8/avr8-gnu-toolchain/bin/../lib/gcc/avr/5.4.0/avr25\libgcc.a(_mulhi3.o)
                              src/cs_adc.o (__mulhi3)
c:/program files (x86)/atmel/studio/7.0/toolchain/avr8/avr8-gnu-toolchain/bin/../lib/gcc/avr/5.4.0/avr25\libgcc.a(_mulsi3.o)
                              src/cs_adc.o (__mulsi3)
c:/program files (x86)/atmel/studio/7.0/toolchain/avr8/avr8-gnu-toolchain/bin/../lib/gcc/avr/5.4.0/avr25\libgcc.a(_udivmodhi4.o)
                              src/cs_adc.o (__udivmodhi4)
c:/program files (x86)/atmel/studio/7.0/toolchain/avr8/avr8-gnu-toolchain/bin/../lib/gcc/avr/5.4.0/avr25\libgcc.a(_udivmodsi4.o)
                              src/cs_adc.o (__udivmodsi4)
c:/program files (x86)/atmel/studio/7.0/toolchain/avr8/avr8-gnu-toolchain/bin/../lib/gcc/avr/5.4.0/avr25\libgcc.a(_exit.o)
                              C:/Program Files (x86)/Atmel/Studio/7.0/Packs/atmel/ATtiny_DFP/1.10.348/gcc/dev/attiny45/avr25/crtattiny45.o (exit)
c:/program files (x86)/atmel/studio/7.0/toolchain/avr8/avr8-gnu-toolchain/bin/../lib/gcc/avr/5.4.0/avr25\libgcc.a(_copy_data.o)
                              main.o (__do_copy_data)
c:/program files (x86)/atmel/studio/7.0/toolchain/avr8/avr8-gnu-toolchain/bin/../lib/gcc/avr/5.4.0/avr25\libgcc.a(_clear_bss.o)
                              main.o (__do_clear_bss)
c:/program files (x86)/atmel/studio/7.0/toolchain/avr8/avr8-gnu-toolchain/bin/../lib/gcc/avr/5.4.0/avr25\libgcc.a(_ctors.o)
                              main.o (__do_global_ctors)
c:/program files (x86)/atmel/studio/7.0/toolchain/avr8/avr8-gnu-toolchain/bin/../lib/gcc/avr/5.4.0/avr25\libgcc.a(_tablejump2.o)
                              c:/program files (x86)/atmel/studio/7.0/toolchain/avr8/avr8-gnu-toolchain/bin/../lib/gcc/avr/5.4.0/avr25\libgcc.a(_ctors.o) (__tablejump2__)

Discarded input sections

 .data          0x00000000        0x0 C:/Program Files (x86)/Atmel/Studio/7.0/Packs/atmel/ATtiny_DFP/1.10.348/gcc/dev/attiny45/avr25/crtattiny45.o
 .bss           0x00000000        0x0 C:/Program Files (x86)/Atmel/Studio/7.0/Packs/atmel/ATtiny_DFP/1.10.348/gcc/dev/attiny45/avr25/crtattiny45.o
 .group         0x00000000        0xc main.o
 .group         0x00000000        0x8 main.o
 .group         0x00000000        0x8 main.o
 .group         0x00000000        0x8 main.o
 .group         0x00000000        0x8 main.o
 .text          0x00000000        0x0 main.o
 .data          0x00000000        0x0 main.o
 .bss           0x00000000        0x0 main.o
 .text          0x00000000        0x0 src/CsDelay.o
 .data          0x00000000        0x0 src/CsDelay.o
 .bss           0x00000000        0x0 src/CsDelay.o
 .text          0x00000000        0x0 src/cs_adc.o
 .data          0x00000000        0x0 src/cs_adc.o
 .bss           0x00000000        0x0 src/cs_adc.o
 .group         0x00000000        0x8 src/DebugSwUart.o
 .group         0x00000000        0x8 src/DebugSwUart.o
 .text          0x00000000        0x0 src/DebugSwUart.o
 .data          0x00000000        0x0 src/DebugSwUart.o
 .bss           0x00000000        0x0 src/DebugSwUart.o
 .text._Z5SetTxv
                0x00000000        0x4 src/DebugSwUart.o
 .text._Z5ClrTxv
                0x00000000        0x4 src/DebugSwUart.o
 .text._Z17SwUartOneBitDelayv
                0x00000000       0x26 src/DebugSwUart.o
 .text._Z9SetOsccalh
                0x00000000       0x2c src/DebugSwUart.o
 .text._Z10SwUartInith
                0x00000000       0x14 src/DebugSwUart.o
 .text._Z14SwUartSendByteh
                0x00000000       0x2a src/DebugSwUart.o
 .text._Z28SwUartTestFrequencyPrecisionv
                0x00000000       0x14 src/DebugSwUart.o
 .text._Z17SwUartPrintStringPc
                0x00000000       0x16 src/DebugSwUart.o
 .text._Z15SwUartPrintWordj
                0x00000000       0x90 src/DebugSwUart.o
 .text._Z15SwUartPrintLongm
                0x00000000       0xb0 src/DebugSwUart.o
 .text._Z15SwUartPrintByteh
                0x00000000        0x4 src/DebugSwUart.o
 .bss.g_swUartBaudrate
                0x00000000        0x1 src/DebugSwUart.o
 .comment       0x00000000       0x31 src/DebugSwUart.o
 .text          0x00000000        0x0 src/LedLampStatus.o
 .data          0x00000000        0x0 src/LedLampStatus.o
 .bss           0x00000000        0x0 src/LedLampStatus.o
 .text._ZNK7LedLamp13LedLampStatus13IsConverterOnEv
                0x00000000        0xa src/LedLampStatus.o
 .text._ZN7LedLamp13LedLampStatus14SetConverterOnEb
                0x00000000       0x12 src/LedLampStatus.o
 .text._ZNK7LedLamp13LedLampStatus11IsPrevKeyONEv
                0x00000000        0xc src/LedLampStatus.o
 .group         0x00000000        0x8 src/LedsControl.o
 .text          0x00000000        0x0 src/LedsControl.o
 .data          0x00000000        0x0 src/LedsControl.o
 .bss           0x00000000        0x0 src/LedsControl.o
 .text          0x00000000        0x0 src/my_debug.o
 .data          0x00000000        0x0 src/my_debug.o
 .bss           0x00000000        0x0 src/my_debug.o
 .text._Z22DelayDebugMicrosecondsh
                0x00000000       0x1a src/my_debug.o
 .text._Z21DelayDebugMiliSecondsh
                0x00000000       0x24 src/my_debug.o
 .text._Z6Markerh
                0x00000000       0x1c src/my_debug.o
 .text._Z18ShowDebug8bitValueh
                0x00000000       0x2e src/my_debug.o
 .text._Z19ShowDebug16bitValuej
                0x00000000       0x44 src/my_debug.o
 .comment       0x00000000       0x31 src/my_debug.o
 .text          0x00000000        0x0 C:\__myworkspace\ColomboProjects\12_to_200V_inverter\sw\Inverter12to200\DataStorageRawC\Release\libDataStorageRawC.a(IndicatorsTable.o)
 .data          0x00000000        0x0 C:\__myworkspace\ColomboProjects\12_to_200V_inverter\sw\Inverter12to200\DataStorageRawC\Release\libDataStorageRawC.a(IndicatorsTable.o)
 .bss           0x00000000        0x0 C:\__myworkspace\ColomboProjects\12_to_200V_inverter\sw\Inverter12to200\DataStorageRawC\Release\libDataStorageRawC.a(IndicatorsTable.o)
 .text          0x00000000        0x0 C:\__myworkspace\ColomboProjects\12_to_200V_inverter\sw\Inverter12to200\DataStorageRawC\Release\libDataStorageRawC.a(TempSensorTable.o)
 .data          0x00000000        0x0 C:\__myworkspace\ColomboProjects\12_to_200V_inverter\sw\Inverter12to200\DataStorageRawC\Release\libDataStorageRawC.a(TempSensorTable.o)
 .bss           0x00000000        0x0 C:\__myworkspace\ColomboProjects\12_to_200V_inverter\sw\Inverter12to200\DataStorageRawC\Release\libDataStorageRawC.a(TempSensorTable.o)
 .text          0x00000000        0x0 c:/program files (x86)/atmel/studio/7.0/toolchain/avr8/avr8-gnu-toolchain/bin/../lib/gcc/avr/5.4.0/avr25\libgcc.a(_mulhi3.o)
 .data          0x00000000        0x0 c:/program files (x86)/atmel/studio/7.0/toolchain/avr8/avr8-gnu-toolchain/bin/../lib/gcc/avr/5.4.0/avr25\libgcc.a(_mulhi3.o)
 .bss           0x00000000        0x0 c:/program files (x86)/atmel/studio/7.0/toolchain/avr8/avr8-gnu-toolchain/bin/../lib/gcc/avr/5.4.0/avr25\libgcc.a(_mulhi3.o)
 .text.libgcc.div
                0x00000000        0x0 c:/program files (x86)/atmel/studio/7.0/toolchain/avr8/avr8-gnu-toolchain/bin/../lib/gcc/avr/5.4.0/avr25\libgcc.a(_mulhi3.o)
 .text.libgcc   0x00000000        0x0 c:/program files (x86)/atmel/studio/7.0/toolchain/avr8/avr8-gnu-toolchain/bin/../lib/gcc/avr/5.4.0/avr25\libgcc.a(_mulhi3.o)
 .text.libgcc.prologue
                0x00000000        0x0 c:/program files (x86)/atmel/studio/7.0/toolchain/avr8/avr8-gnu-toolchain/bin/../lib/gcc/avr/5.4.0/avr25\libgcc.a(_mulhi3.o)
 .text.libgcc.builtins
                0x00000000        0x0 c:/program files (x86)/atmel/studio/7.0/toolchain/avr8/avr8-gnu-toolchain/bin/../lib/gcc/avr/5.4.0/avr25\libgcc.a(_mulhi3.o)
 .text.libgcc.fmul
                0x00000000        0x0 c:/program files (x86)/atmel/studio/7.0/toolchain/avr8/avr8-gnu-toolchain/bin/../lib/gcc/avr/5.4.0/avr25\libgcc.a(_mulhi3.o)
 .text.libgcc.fixed
                0x00000000        0x0 c:/program files (x86)/atmel/studio/7.0/toolchain/avr8/avr8-gnu-toolchain/bin/../lib/gcc/avr/5.4.0/avr25\libgcc.a(_mulhi3.o)
 .text          0x00000000        0x0 c:/program files (x86)/atmel/studio/7.0/toolchain/avr8/avr8-gnu-toolchain/bin/../lib/gcc/avr/5.4.0/avr25\libgcc.a(_mulsi3.o)
 .data          0x00000000        0x0 c:/program files (x86)/atmel/studio/7.0/toolchain/avr8/avr8-gnu-toolchain/bin/../lib/gcc/avr/5.4.0/avr25\libgcc.a(_mulsi3.o)
 .bss           0x00000000        0x0 c:/program files (x86)/atmel/studio/7.0/toolchain/avr8/avr8-gnu-toolchain/bin/../lib/gcc/avr/5.4.0/avr25\libgcc.a(_mulsi3.o)
 .text.libgcc.div
                0x00000000        0x0 c:/program files (x86)/atmel/studio/7.0/toolchain/avr8/avr8-gnu-toolchain/bin/../lib/gcc/avr/5.4.0/avr25\libgcc.a(_mulsi3.o)
 .text.libgcc   0x00000000        0x0 c:/program files (x86)/atmel/studio/7.0/toolchain/avr8/avr8-gnu-toolchain/bin/../lib/gcc/avr/5.4.0/avr25\libgcc.a(_mulsi3.o)
 .text.libgcc.prologue
                0x00000000        0x0 c:/program files (x86)/atmel/studio/7.0/toolchain/avr8/avr8-gnu-toolchain/bin/../lib/gcc/avr/5.4.0/avr25\libgcc.a(_mulsi3.o)
 .text.libgcc.builtins
                0x00000000        0x0 c:/program files (x86)/atmel/studio/7.0/toolchain/avr8/avr8-gnu-toolchain/bin/../lib/gcc/avr/5.4.0/avr25\libgcc.a(_mulsi3.o)
 .text.libgcc.fmul
                0x00000000        0x0 c:/program files (x86)/atmel/studio/7.0/toolchain/avr8/avr8-gnu-toolchain/bin/../lib/gcc/avr/5.4.0/avr25\libgcc.a(_mulsi3.o)
 .text.libgcc.fixed
                0x00000000        0x0 c:/program files (x86)/atmel/studio/7.0/toolchain/avr8/avr8-gnu-toolchain/bin/../lib/gcc/avr/5.4.0/avr25\libgcc.a(_mulsi3.o)
 .text          0x00000000        0x0 c:/program files (x86)/atmel/studio/7.0/toolchain/avr8/avr8-gnu-toolchain/bin/../lib/gcc/avr/5.4.0/avr25\libgcc.a(_udivmodhi4.o)
 .data          0x00000000        0x0 c:/program files (x86)/atmel/studio/7.0/toolchain/avr8/avr8-gnu-toolchain/bin/../lib/gcc/avr/5.4.0/avr25\libgcc.a(_udivmodhi4.o)
 .bss           0x00000000        0x0 c:/program files (x86)/atmel/studio/7.0/toolchain/avr8/avr8-gnu-toolchain/bin/../lib/gcc/avr/5.4.0/avr25\libgcc.a(_udivmodhi4.o)
 .text.libgcc.mul
                0x00000000        0x0 c:/program files (x86)/atmel/studio/7.0/toolchain/avr8/avr8-gnu-toolchain/bin/../lib/gcc/avr/5.4.0/avr25\libgcc.a(_udivmodhi4.o)
 .text.libgcc   0x00000000        0x0 c:/program files (x86)/atmel/studio/7.0/toolchain/avr8/avr8-gnu-toolchain/bin/../lib/gcc/avr/5.4.0/avr25\libgcc.a(_udivmodhi4.o)
 .text.libgcc.prologue
                0x00000000        0x0 c:/program files (x86)/atmel/studio/7.0/toolchain/avr8/avr8-gnu-toolchain/bin/../lib/gcc/avr/5.4.0/avr25\libgcc.a(_udivmodhi4.o)
 .text.libgcc.builtins
                0x00000000        0x0 c:/program files (x86)/atmel/studio/7.0/toolchain/avr8/avr8-gnu-toolchain/bin/../lib/gcc/avr/5.4.0/avr25\libgcc.a(_udivmodhi4.o)
 .text.libgcc.fmul
                0x00000000        0x0 c:/program files (x86)/atmel/studio/7.0/toolchain/avr8/avr8-gnu-toolchain/bin/../lib/gcc/avr/5.4.0/avr25\libgcc.a(_udivmodhi4.o)
 .text.libgcc.fixed
                0x00000000        0x0 c:/program files (x86)/atmel/studio/7.0/toolchain/avr8/avr8-gnu-toolchain/bin/../lib/gcc/avr/5.4.0/avr25\libgcc.a(_udivmodhi4.o)
 .text          0x00000000        0x0 c:/program files (x86)/atmel/studio/7.0/toolchain/avr8/avr8-gnu-toolchain/bin/../lib/gcc/avr/5.4.0/avr25\libgcc.a(_udivmodsi4.o)
 .data          0x00000000        0x0 c:/program files (x86)/atmel/studio/7.0/toolchain/avr8/avr8-gnu-toolchain/bin/../lib/gcc/avr/5.4.0/avr25\libgcc.a(_udivmodsi4.o)
 .bss           0x00000000        0x0 c:/program files (x86)/atmel/studio/7.0/toolchain/avr8/avr8-gnu-toolchain/bin/../lib/gcc/avr/5.4.0/avr25\libgcc.a(_udivmodsi4.o)
 .text.libgcc.mul
                0x00000000        0x0 c:/program files (x86)/atmel/studio/7.0/toolchain/avr8/avr8-gnu-toolchain/bin/../lib/gcc/avr/5.4.0/avr25\libgcc.a(_udivmodsi4.o)
 .text.libgcc   0x00000000        0x0 c:/program files (x86)/atmel/studio/7.0/toolchain/avr8/avr8-gnu-toolchain/bin/../lib/gcc/avr/5.4.0/avr25\libgcc.a(_udivmodsi4.o)
 .text.libgcc.prologue
                0x00000000        0x0 c:/program files (x86)/atmel/studio/7.0/toolchain/avr8/avr8-gnu-toolchain/bin/../lib/gcc/avr/5.4.0/avr25\libgcc.a(_udivmodsi4.o)
 .text.libgcc.builtins
                0x00000000        0x0 c:/program files (x86)/atmel/studio/7.0/toolchain/avr8/avr8-gnu-toolchain/bin/../lib/gcc/avr/5.4.0/avr25\libgcc.a(_udivmodsi4.o)
 .text.libgcc.fmul
                0x00000000        0x0 c:/program files (x86)/atmel/studio/7.0/toolchain/avr8/avr8-gnu-toolchain/bin/../lib/gcc/avr/5.4.0/avr25\libgcc.a(_udivmodsi4.o)
 .text.libgcc.fixed
                0x00000000        0x0 c:/program files (x86)/atmel/studio/7.0/toolchain/avr8/avr8-gnu-toolchain/bin/../lib/gcc/avr/5.4.0/avr25\libgcc.a(_udivmodsi4.o)
 .text          0x00000000        0x0 c:/program files (x86)/atmel/studio/7.0/toolchain/avr8/avr8-gnu-toolchain/bin/../lib/gcc/avr/5.4.0/avr25\libgcc.a(_exit.o)
 .data          0x00000000        0x0 c:/program files (x86)/atmel/studio/7.0/toolchain/avr8/avr8-gnu-toolchain/bin/../lib/gcc/avr/5.4.0/avr25\libgcc.a(_exit.o)
 .bss           0x00000000        0x0 c:/program files (x86)/atmel/studio/7.0/toolchain/avr8/avr8-gnu-toolchain/bin/../lib/gcc/avr/5.4.0/avr25\libgcc.a(_exit.o)
 .text.libgcc.mul
                0x00000000        0x0 c:/program files (x86)/atmel/studio/7.0/toolchain/avr8/avr8-gnu-toolchain/bin/../lib/gcc/avr/5.4.0/avr25\libgcc.a(_exit.o)
 .text.libgcc.div
                0x00000000        0x0 c:/program files (x86)/atmel/studio/7.0/toolchain/avr8/avr8-gnu-toolchain/bin/../lib/gcc/avr/5.4.0/avr25\libgcc.a(_exit.o)
 .text.libgcc   0x00000000        0x0 c:/program files (x86)/atmel/studio/7.0/toolchain/avr8/avr8-gnu-toolchain/bin/../lib/gcc/avr/5.4.0/avr25\libgcc.a(_exit.o)
 .text.libgcc.prologue
                0x00000000        0x0 c:/program files (x86)/atmel/studio/7.0/toolchain/avr8/avr8-gnu-toolchain/bin/../lib/gcc/avr/5.4.0/avr25\libgcc.a(_exit.o)
 .text.libgcc.builtins
                0x00000000        0x0 c:/program files (x86)/atmel/studio/7.0/toolchain/avr8/avr8-gnu-toolchain/bin/../lib/gcc/avr/5.4.0/avr25\libgcc.a(_exit.o)
 .text.libgcc.fmul
                0x00000000        0x0 c:/program files (x86)/atmel/studio/7.0/toolchain/avr8/avr8-gnu-toolchain/bin/../lib/gcc/avr/5.4.0/avr25\libgcc.a(_exit.o)
 .text.libgcc.fixed
                0x00000000        0x0 c:/program files (x86)/atmel/studio/7.0/toolchain/avr8/avr8-gnu-toolchain/bin/../lib/gcc/avr/5.4.0/avr25\libgcc.a(_exit.o)
 .text          0x00000000        0x0 c:/program files (x86)/atmel/studio/7.0/toolchain/avr8/avr8-gnu-toolchain/bin/../lib/gcc/avr/5.4.0/avr25\libgcc.a(_copy_data.o)
 .data          0x00000000        0x0 c:/program files (x86)/atmel/studio/7.0/toolchain/avr8/avr8-gnu-toolchain/bin/../lib/gcc/avr/5.4.0/avr25\libgcc.a(_copy_data.o)
 .bss           0x00000000        0x0 c:/program files (x86)/atmel/studio/7.0/toolchain/avr8/avr8-gnu-toolchain/bin/../lib/gcc/avr/5.4.0/avr25\libgcc.a(_copy_data.o)
 .text.libgcc.mul
                0x00000000        0x0 c:/program files (x86)/atmel/studio/7.0/toolchain/avr8/avr8-gnu-toolchain/bin/../lib/gcc/avr/5.4.0/avr25\libgcc.a(_copy_data.o)
 .text.libgcc.div
                0x00000000        0x0 c:/program files (x86)/atmel/studio/7.0/toolchain/avr8/avr8-gnu-toolchain/bin/../lib/gcc/avr/5.4.0/avr25\libgcc.a(_copy_data.o)
 .text.libgcc   0x00000000        0x0 c:/program files (x86)/atmel/studio/7.0/toolchain/avr8/avr8-gnu-toolchain/bin/../lib/gcc/avr/5.4.0/avr25\libgcc.a(_copy_data.o)
 .text.libgcc.prologue
                0x00000000        0x0 c:/program files (x86)/atmel/studio/7.0/toolchain/avr8/avr8-gnu-toolchain/bin/../lib/gcc/avr/5.4.0/avr25\libgcc.a(_copy_data.o)
 .text.libgcc.builtins
                0x00000000        0x0 c:/program files (x86)/atmel/studio/7.0/toolchain/avr8/avr8-gnu-toolchain/bin/../lib/gcc/avr/5.4.0/avr25\libgcc.a(_copy_data.o)
 .text.libgcc.fmul
                0x00000000        0x0 c:/program files (x86)/atmel/studio/7.0/toolchain/avr8/avr8-gnu-toolchain/bin/../lib/gcc/avr/5.4.0/avr25\libgcc.a(_copy_data.o)
 .text.libgcc.fixed
                0x00000000        0x0 c:/program files (x86)/atmel/studio/7.0/toolchain/avr8/avr8-gnu-toolchain/bin/../lib/gcc/avr/5.4.0/avr25\libgcc.a(_copy_data.o)
 .text          0x00000000        0x0 c:/program files (x86)/atmel/studio/7.0/toolchain/avr8/avr8-gnu-toolchain/bin/../lib/gcc/avr/5.4.0/avr25\libgcc.a(_clear_bss.o)
 .data          0x00000000        0x0 c:/program files (x86)/atmel/studio/7.0/toolchain/avr8/avr8-gnu-toolchain/bin/../lib/gcc/avr/5.4.0/avr25\libgcc.a(_clear_bss.o)
 .bss           0x00000000        0x0 c:/program files (x86)/atmel/studio/7.0/toolchain/avr8/avr8-gnu-toolchain/bin/../lib/gcc/avr/5.4.0/avr25\libgcc.a(_clear_bss.o)
 .text.libgcc.mul
                0x00000000        0x0 c:/program files (x86)/atmel/studio/7.0/toolchain/avr8/avr8-gnu-toolchain/bin/../lib/gcc/avr/5.4.0/avr25\libgcc.a(_clear_bss.o)
 .text.libgcc.div
                0x00000000        0x0 c:/program files (x86)/atmel/studio/7.0/toolchain/avr8/avr8-gnu-toolchain/bin/../lib/gcc/avr/5.4.0/avr25\libgcc.a(_clear_bss.o)
 .text.libgcc   0x00000000        0x0 c:/program files (x86)/atmel/studio/7.0/toolchain/avr8/avr8-gnu-toolchain/bin/../lib/gcc/avr/5.4.0/avr25\libgcc.a(_clear_bss.o)
 .text.libgcc.prologue
                0x00000000        0x0 c:/program files (x86)/atmel/studio/7.0/toolchain/avr8/avr8-gnu-toolchain/bin/../lib/gcc/avr/5.4.0/avr25\libgcc.a(_clear_bss.o)
 .text.libgcc.builtins
                0x00000000        0x0 c:/program files (x86)/atmel/studio/7.0/toolchain/avr8/avr8-gnu-toolchain/bin/../lib/gcc/avr/5.4.0/avr25\libgcc.a(_clear_bss.o)
 .text.libgcc.fmul
                0x00000000        0x0 c:/program files (x86)/atmel/studio/7.0/toolchain/avr8/avr8-gnu-toolchain/bin/../lib/gcc/avr/5.4.0/avr25\libgcc.a(_clear_bss.o)
 .text.libgcc.fixed
                0x00000000        0x0 c:/program files (x86)/atmel/studio/7.0/toolchain/avr8/avr8-gnu-toolchain/bin/../lib/gcc/avr/5.4.0/avr25\libgcc.a(_clear_bss.o)
 .text          0x00000000        0x0 c:/program files (x86)/atmel/studio/7.0/toolchain/avr8/avr8-gnu-toolchain/bin/../lib/gcc/avr/5.4.0/avr25\libgcc.a(_ctors.o)
 .data          0x00000000        0x0 c:/program files (x86)/atmel/studio/7.0/toolchain/avr8/avr8-gnu-toolchain/bin/../lib/gcc/avr/5.4.0/avr25\libgcc.a(_ctors.o)
 .bss           0x00000000        0x0 c:/program files (x86)/atmel/studio/7.0/toolchain/avr8/avr8-gnu-toolchain/bin/../lib/gcc/avr/5.4.0/avr25\libgcc.a(_ctors.o)
 .text.libgcc.mul
                0x00000000        0x0 c:/program files (x86)/atmel/studio/7.0/toolchain/avr8/avr8-gnu-toolchain/bin/../lib/gcc/avr/5.4.0/avr25\libgcc.a(_ctors.o)
 .text.libgcc.div
                0x00000000        0x0 c:/program files (x86)/atmel/studio/7.0/toolchain/avr8/avr8-gnu-toolchain/bin/../lib/gcc/avr/5.4.0/avr25\libgcc.a(_ctors.o)
 .text.libgcc   0x00000000        0x0 c:/program files (x86)/atmel/studio/7.0/toolchain/avr8/avr8-gnu-toolchain/bin/../lib/gcc/avr/5.4.0/avr25\libgcc.a(_ctors.o)
 .text.libgcc.prologue
                0x00000000        0x0 c:/program files (x86)/atmel/studio/7.0/toolchain/avr8/avr8-gnu-toolchain/bin/../lib/gcc/avr/5.4.0/avr25\libgcc.a(_ctors.o)
 .text.libgcc.builtins
                0x00000000        0x0 c:/program files (x86)/atmel/studio/7.0/toolchain/avr8/avr8-gnu-toolchain/bin/../lib/gcc/avr/5.4.0/avr25\libgcc.a(_ctors.o)
 .text.libgcc.fmul
                0x00000000        0x0 c:/program files (x86)/atmel/studio/7.0/toolchain/avr8/avr8-gnu-toolchain/bin/../lib/gcc/avr/5.4.0/avr25\libgcc.a(_ctors.o)
 .text.libgcc.fixed
                0x00000000        0x0 c:/program files (x86)/atmel/studio/7.0/toolchain/avr8/avr8-gnu-toolchain/bin/../lib/gcc/avr/5.4.0/avr25\libgcc.a(_ctors.o)
 .text          0x00000000        0x0 c:/program files (x86)/atmel/studio/7.0/toolchain/avr8/avr8-gnu-toolchain/bin/../lib/gcc/avr/5.4.0/avr25\libgcc.a(_tablejump2.o)
 .data          0x00000000        0x0 c:/program files (x86)/atmel/studio/7.0/toolchain/avr8/avr8-gnu-toolchain/bin/../lib/gcc/avr/5.4.0/avr25\libgcc.a(_tablejump2.o)
 .bss           0x00000000        0x0 c:/program files (x86)/atmel/studio/7.0/toolchain/avr8/avr8-gnu-toolchain/bin/../lib/gcc/avr/5.4.0/avr25\libgcc.a(_tablejump2.o)
 .text.libgcc.mul
                0x00000000        0x0 c:/program files (x86)/atmel/studio/7.0/toolchain/avr8/avr8-gnu-toolchain/bin/../lib/gcc/avr/5.4.0/avr25\libgcc.a(_tablejump2.o)
 .text.libgcc.div
                0x00000000        0x0 c:/program files (x86)/atmel/studio/7.0/toolchain/avr8/avr8-gnu-toolchain/bin/../lib/gcc/avr/5.4.0/avr25\libgcc.a(_tablejump2.o)
 .text.libgcc.prologue
                0x00000000        0x0 c:/program files (x86)/atmel/studio/7.0/toolchain/avr8/avr8-gnu-toolchain/bin/../lib/gcc/avr/5.4.0/avr25\libgcc.a(_tablejump2.o)
 .text.libgcc.builtins
                0x00000000        0x0 c:/program files (x86)/atmel/studio/7.0/toolchain/avr8/avr8-gnu-toolchain/bin/../lib/gcc/avr/5.4.0/avr25\libgcc.a(_tablejump2.o)
 .text.libgcc.fmul
                0x00000000        0x0 c:/program files (x86)/atmel/studio/7.0/toolchain/avr8/avr8-gnu-toolchain/bin/../lib/gcc/avr/5.4.0/avr25\libgcc.a(_tablejump2.o)
 .text.libgcc.fixed
                0x00000000        0x0 c:/program files (x86)/atmel/studio/7.0/toolchain/avr8/avr8-gnu-toolchain/bin/../lib/gcc/avr/5.4.0/avr25\libgcc.a(_tablejump2.o)

Memory Configuration

Name             Origin             Length             Attributes
text             0x00000000         0x00001000         xr
data             0x00800060         0x00000100         rw !x
eeprom           0x00810000         0x00000100         rw !x
fuse             0x00820000         0x00000003         rw !x
lock             0x00830000         0x00000400         rw !x
signature        0x00840000         0x00000400         rw !x
user_signatures  0x00850000         0x00000400         rw !x
*default*        0x00000000         0xffffffff

Linker script and memory map

LOAD C:/Program Files (x86)/Atmel/Studio/7.0/Packs/atmel/ATtiny_DFP/1.10.348/gcc/dev/attiny45/avr25/crtattiny45.o
LOAD main.o
LOAD src/CsDelay.o
LOAD src/cs_adc.o
LOAD src/DebugSwUart.o
LOAD src/LedLampStatus.o
LOAD src/LedsControl.o
LOAD src/my_debug.o
START GROUP
LOAD c:/program files (x86)/atmel/studio/7.0/toolchain/avr8/avr8-gnu-toolchain/bin/../lib/gcc/avr/5.4.0/../../../../avr/lib/avr25\libm.a
LOAD C:\__myworkspace\ColomboProjects\12_to_200V_inverter\sw\Inverter12to200\DataStorageRawC\Release\libDataStorageRawC.a
END GROUP
LOAD c:/program files (x86)/atmel/studio/7.0/toolchain/avr8/avr8-gnu-toolchain/bin/../lib/gcc/avr/5.4.0/avr25\libgcc.a
LOAD c:/program files (x86)/atmel/studio/7.0/toolchain/avr8/avr8-gnu-toolchain/bin/../lib/gcc/avr/5.4.0/../../../../avr/lib/avr25\libm.a
START GROUP
LOAD c:/program files (x86)/atmel/studio/7.0/toolchain/avr8/avr8-gnu-toolchain/bin/../lib/gcc/avr/5.4.0/avr25\libgcc.a
LOAD c:/program files (x86)/atmel/studio/7.0/toolchain/avr8/avr8-gnu-toolchain/bin/../lib/gcc/avr/5.4.0/../../../../avr/lib/avr25\libm.a
LOAD c:/program files (x86)/atmel/studio/7.0/toolchain/avr8/avr8-gnu-toolchain/bin/../lib/gcc/avr/5.4.0/../../../../avr/lib/avr25\libc.a
LOAD C:/Program Files (x86)/Atmel/Studio/7.0/Packs/atmel/ATtiny_DFP/1.10.348/gcc/dev/attiny45/avr25\libattiny45.a
END GROUP
                0x00000000                __TEXT_REGION_ORIGIN__ = DEFINED (__TEXT_REGION_ORIGIN__)?__TEXT_REGION_ORIGIN__:0x0
                [0x00800060]                __DATA_REGION_ORIGIN__ = DEFINED (__DATA_REGION_ORIGIN__)?__DATA_REGION_ORIGIN__:0x800060
                [0x00001000]                __TEXT_REGION_LENGTH__ = DEFINED (__TEXT_REGION_LENGTH__)?__TEXT_REGION_LENGTH__:0x2000
                [0x00000100]                __DATA_REGION_LENGTH__ = DEFINED (__DATA_REGION_LENGTH__)?__DATA_REGION_LENGTH__:0xffa0
                [0x00000100]                __EEPROM_REGION_LENGTH__ = DEFINED (__EEPROM_REGION_LENGTH__)?__EEPROM_REGION_LENGTH__:0x10000
                [0x00000003]                __FUSE_REGION_LENGTH__ = DEFINED (__FUSE_REGION_LENGTH__)?__FUSE_REGION_LENGTH__:0x400
                0x00000400                __LOCK_REGION_LENGTH__ = DEFINED (__LOCK_REGION_LENGTH__)?__LOCK_REGION_LENGTH__:0x400
                0x00000400                __SIGNATURE_REGION_LENGTH__ = DEFINED (__SIGNATURE_REGION_LENGTH__)?__SIGNATURE_REGION_LENGTH__:0x400
                0x00000400                __USER_SIGNATURE_REGION_LENGTH__ = DEFINED (__USER_SIGNATURE_REGION_LENGTH__)?__USER_SIGNATURE_REGION_LENGTH__:0x400

.hash
 *(.hash)

.dynsym
 *(.dynsym)

.dynstr
 *(.dynstr)

.gnu.version
 *(.gnu.version)

.gnu.version_d
 *(.gnu.version_d)

.gnu.version_r
 *(.gnu.version_r)

.rel.init
 *(.rel.init)

.rela.init
 *(.rela.init)

.rel.text
 *(.rel.text)
 *(.rel.text.*)
 *(.rel.gnu.linkonce.t*)

.rela.text
 *(.rela.text)
 *(.rela.text.*)
 *(.rela.gnu.linkonce.t*)

.rel.fini
 *(.rel.fini)

.rela.fini
 *(.rela.fini)

.rel.rodata
 *(.rel.rodata)
 *(.rel.rodata.*)
 *(.rel.gnu.linkonce.r*)

.rela.rodata
 *(.rela.rodata)
 *(.rela.rodata.*)
 *(.rela.gnu.linkonce.r*)

.rel.data
 *(.rel.data)
 *(.rel.data.*)
 *(.rel.gnu.linkonce.d*)

.rela.data
 *(.rela.data)
 *(.rela.data.*)
 *(.rela.gnu.linkonce.d*)

.rel.ctors
 *(.rel.ctors)

.rela.ctors
 *(.rela.ctors)

.rel.dtors
 *(.rel.dtors)

.rela.dtors
 *(.rela.dtors)

.rel.got
 *(.rel.got)

.rela.got
 *(.rela.got)

.rel.bss
 *(.rel.bss)

.rela.bss
 *(.rela.bss)

.rel.plt
 *(.rel.plt)

.rela.plt
 *(.rela.plt)

.text           0x00000000      0xca2
 *(.vectors)
 .vectors       0x00000000       0x1e C:/Program Files (x86)/Atmel/Studio/7.0/Packs/atmel/ATtiny_DFP/1.10.348/gcc/dev/attiny45/avr25/crtattiny45.o
                0x00000000                __vector_default
                0x00000000                __vectors
 *(.vectors)
 *(.progmem.gcc*)
                0x0000001e                . = ALIGN (0x2)
                0x0000001e                __trampolines_start = .
 *(.trampolines)
 .trampolines   0x0000001e        0x0 linker stubs
 *(.trampolines*)
                0x0000001e                __trampolines_end = .
 *libprintf_flt.a:*(.progmem.data)
 *libc.a:*(.progmem.data)
 *(.progmem*)
 .progmem.data.IndicationTableMap
                0x0000001e        0xc C:\__myworkspace\ColomboProjects\12_to_200V_inverter\sw\Inverter12to200\DataStorageRawC\Release\libDataStorageRawC.a(IndicatorsTable.o)
                0x0000001e                IndicationTableMap
 .progmem.data.OvertemperatureMaskTable
                0x0000002a        0x4 C:\__myworkspace\ColomboProjects\12_to_200V_inverter\sw\Inverter12to200\DataStorageRawC\Release\libDataStorageRawC.a(IndicatorsTable.o)
                0x0000002a                OvertemperatureMaskTable
 .progmem.data.IgnoreLowBatteryMaskTable
                0x0000002e        0x4 C:\__myworkspace\ColomboProjects\12_to_200V_inverter\sw\Inverter12to200\DataStorageRawC\Release\libDataStorageRawC.a(IndicatorsTable.o)
                0x0000002e                IgnoreLowBatteryMaskTable
 .progmem.data.LowBatteryShutdownMaskTable
                0x00000032        0x4 C:\__myworkspace\ColomboProjects\12_to_200V_inverter\sw\Inverter12to200\DataStorageRawC\Release\libDataStorageRawC.a(IndicatorsTable.o)
                0x00000032                LowBatteryShutdownMaskTable
 .progmem.data.LowBatteryWarningMaskTable
                0x00000036        0x4 C:\__myworkspace\ColomboProjects\12_to_200V_inverter\sw\Inverter12to200\DataStorageRawC\Release\libDataStorageRawC.a(IndicatorsTable.o)
                0x00000036                LowBatteryWarningMaskTable
 .progmem.data.CurrentMaskTable
                0x0000003a       0x28 C:\__myworkspace\ColomboProjects\12_to_200V_inverter\sw\Inverter12to200\DataStorageRawC\Release\libDataStorageRawC.a(IndicatorsTable.o)
                0x0000003a                CurrentMaskTable
 .progmem.data.VoltageMaskTable
                0x00000062       0x28 C:\__myworkspace\ColomboProjects\12_to_200V_inverter\sw\Inverter12to200\DataStorageRawC\Release\libDataStorageRawC.a(IndicatorsTable.o)
                0x00000062                VoltageMaskTable
 .progmem.data.FlashingTableMap
                0x0000008a        0xe C:\__myworkspace\ColomboProjects\12_to_200V_inverter\sw\Inverter12to200\DataStorageRawC\Release\libDataStorageRawC.a(IndicatorsTable.o)
                0x0000008a                FlashingTableMap
 .progmem.data.IgnoreLowBatteryFlashingTable
                0x00000098        0xb C:\__myworkspace\ColomboProjects\12_to_200V_inverter\sw\Inverter12to200\DataStorageRawC\Release\libDataStorageRawC.a(IndicatorsTable.o)
                0x00000098                IgnoreLowBatteryFlashingTable
 .progmem.data.OverTemperatureFlashingTable
                0x000000a3        0x7 C:\__myworkspace\ColomboProjects\12_to_200V_inverter\sw\Inverter12to200\DataStorageRawC\Release\libDataStorageRawC.a(IndicatorsTable.o)
                0x000000a3                OverTemperatureFlashingTable
 .progmem.data.LowBatteryShutdownFlashingTable
                0x000000aa        0x3 C:\__myworkspace\ColomboProjects\12_to_200V_inverter\sw\Inverter12to200\DataStorageRawC\Release\libDataStorageRawC.a(IndicatorsTable.o)
                0x000000aa                LowBatteryShutdownFlashingTable
 .progmem.data.LowBatteryWarningFlashingTable
                0x000000ad        0x7 C:\__myworkspace\ColomboProjects\12_to_200V_inverter\sw\Inverter12to200\DataStorageRawC\Release\libDataStorageRawC.a(IndicatorsTable.o)
                0x000000ad                LowBatteryWarningFlashingTable
 .progmem.data.CurrentVoltageDoubleFlashingTable
                0x000000b4        0x5 C:\__myworkspace\ColomboProjects\12_to_200V_inverter\sw\Inverter12to200\DataStorageRawC\Release\libDataStorageRawC.a(IndicatorsTable.o)
                0x000000b4                CurrentVoltageDoubleFlashingTable
 .progmem.data.CurrentVoltageSignleFlashingTable
                0x000000b9        0x3 C:\__myworkspace\ColomboProjects\12_to_200V_inverter\sw\Inverter12to200\DataStorageRawC\Release\libDataStorageRawC.a(IndicatorsTable.o)
                0x000000b9                CurrentVoltageSignleFlashingTable
 .progmem.data.NoFlashingTable
                0x000000bc        0x1 C:\__myworkspace\ColomboProjects\12_to_200V_inverter\sw\Inverter12to200\DataStorageRawC\Release\libDataStorageRawC.a(IndicatorsTable.o)
                0x000000bc                NoFlashingTable
 .progmem.data.CurrentLevelsTable
                0x000000bd       0x1c C:\__myworkspace\ColomboProjects\12_to_200V_inverter\sw\Inverter12to200\DataStorageRawC\Release\libDataStorageRawC.a(IndicatorsTable.o)
                0x000000bd                CurrentLevelsTable
 .progmem.data.VoltageLevelsTable
                0x000000d9       0x1c C:\__myworkspace\ColomboProjects\12_to_200V_inverter\sw\Inverter12to200\DataStorageRawC\Release\libDataStorageRawC.a(IndicatorsTable.o)
                0x000000d9                VoltageLevelsTable
 .progmem.data.TempSensorTable
                0x000000f5       0x5a C:\__myworkspace\ColomboProjects\12_to_200V_inverter\sw\Inverter12to200\DataStorageRawC\Release\libDataStorageRawC.a(TempSensorTable.o)
                0x000000f5                TempSensorTable
                0x00000150                . = ALIGN (0x2)
 *fill*         0x0000014f        0x1 
 *(.jumptables)
 *(.jumptables*)
 *(.lowtext)
 *(.lowtext*)
                0x00000150                __ctors_start = .
 *(.ctors)
 .ctors         0x00000150        0x2 main.o
                0x00000152                __ctors_end = .
                0x00000152                __dtors_start = .
 *(.dtors)
                0x00000152                __dtors_end = .
 SORT(*)(.ctors)
 SORT(*)(.dtors)
 *(.init0)
 .init0         0x00000152        0x0 C:/Program Files (x86)/Atmel/Studio/7.0/Packs/atmel/ATtiny_DFP/1.10.348/gcc/dev/attiny45/avr25/crtattiny45.o
                0x00000152                __init
 *(.init0)
 *(.init1)
 *(.init1)
 *(.init2)
 .init2         0x00000152        0xc C:/Program Files (x86)/Atmel/Studio/7.0/Packs/atmel/ATtiny_DFP/1.10.348/gcc/dev/attiny45/avr25/crtattiny45.o
 *(.init2)
 *(.init3)
 *(.init3)
 *(.init4)
 .init4         0x0000015e       0x16 c:/program files (x86)/atmel/studio/7.0/toolchain/avr8/avr8-gnu-toolchain/bin/../lib/gcc/avr/5.4.0/avr25\libgcc.a(_copy_data.o)
                0x0000015e                __do_copy_data
 .init4         0x00000174       0x10 c:/program files (x86)/atmel/studio/7.0/toolchain/avr8/avr8-gnu-toolchain/bin/../lib/gcc/avr/5.4.0/avr25\libgcc.a(_clear_bss.o)
                0x00000174                __do_clear_bss
 *(.init4)
 *(.init5)
 *(.init5)
 *(.init6)
 .init6         0x00000184       0x14 c:/program files (x86)/atmel/studio/7.0/toolchain/avr8/avr8-gnu-toolchain/bin/../lib/gcc/avr/5.4.0/avr25\libgcc.a(_ctors.o)
                0x00000184                __do_global_ctors
 *(.init6)
 *(.init7)
 *(.init7)
 *(.init8)
 *(.init8)
 *(.init9)
 .init9         0x00000198        0x4 C:/Program Files (x86)/Atmel/Studio/7.0/Packs/atmel/ATtiny_DFP/1.10.348/gcc/dev/attiny45/avr25/crtattiny45.o
 *(.init9)
 *(.text)
 .text          0x0000019c        0x2 C:/Program Files (x86)/Atmel/Studio/7.0/Packs/atmel/ATtiny_DFP/1.10.348/gcc/dev/attiny45/avr25/crtattiny45.o
                0x0000019c                __vector_1
                0x0000019c                __vector_12
                0x0000019c                __bad_interrupt
                0x0000019c                __vector_6
                0x0000019c                __vector_3
                0x0000019c                __vector_11
                0x0000019c                __vector_13
                0x0000019c                __vector_7
                0x0000019c                __vector_5
                0x0000019c                __vector_4
                0x0000019c                __vector_9
                0x0000019c                __vector_2
                0x0000019c                __vector_8
                0x0000019c                __vector_14
                0x0000019c                __vector_10
                0x0000019e                . = ALIGN (0x2)
 *(.text.*)
 .text._ZNK7LedLamp24IndicatorLevelCalculator14CalculateLevelEj.isra.1.constprop.4
                0x0000019e       0x48 main.o
 .text._ZN7LedLamp24IndicatorLevelCalculator6UpdateEj
                0x000001e6       0x66 main.o
                0x000001e6                _ZN7LedLamp24IndicatorLevelCalculator6UpdateEj
 .text._ZN11LedsControl10AllLedsOffEv
                0x0000024c       0x14 main.o
                0x0000024c                _ZN11LedsControl10AllLedsOffEv
 .text._ZN7LedLamp20LedsAndBeepIndicator15UpdateLedsStateEjb
                0x00000260       0xea main.o
                0x00000260                _ZN7LedLamp20LedsAndBeepIndicator15UpdateLedsStateEjb
 .text._ZN7LedLamp20LedsAndBeepIndicator6UpdateEhhh
                0x0000034a        0xc main.o
                0x0000034a                _ZN7LedLamp20LedsAndBeepIndicator6UpdateEhhh
 .text._Z8IsKeysONv
                0x00000356       0x50 main.o
                0x00000356                _Z8IsKeysONv
 .text._Z20StartTimer1DelayInMsj
                0x000003a6       0x3a main.o
                0x000003a6                _Z20StartTimer1DelayInMsj
 .text._Z24IsTimer1DelayInMsElapsedv
                0x000003e0       0x14 main.o
                0x000003e0                _Z24IsTimer1DelayInMsElapsedv
 .text._Z26WaitTimer1DelayInMsElapsedv
                0x000003f4        0x8 main.o
                0x000003f4                _Z26WaitTimer1DelayInMsElapsedv
 .text._Z11StartUpInitv
                0x000003fc       0x1a main.o
                0x000003fc                _Z11StartUpInitv
 .text._Z4Beepj
                0x00000416       0x36 main.o
                0x00000416                _Z4Beepj
 .text.startup.main
                0x0000044c      0x312 main.o
                0x0000044c                main
 .text.startup._GLOBAL__sub_I__Z8IsKeysONv
                0x0000075e       0x22 main.o
 .text._Z13DelayMicroSech
                0x00000780       0x14 src/CsDelay.o
                0x00000780                _Z13DelayMicroSech
 .text._Z12DelayMiliSecj
                0x00000794       0x24 src/CsDelay.o
                0x00000794                _Z12DelayMiliSecj
 .text._Z20InitCurrentSensorADCv
                0x000007b8       0x16 src/cs_adc.o
                0x000007b8                _Z20InitCurrentSensorADCv
 .text._Z14InitVoltageADCv
                0x000007ce       0x16 src/cs_adc.o
                0x000007ce                _Z14InitVoltageADCv
 .text._Z24InitTemperatureSensorADCv
                0x000007e4       0x16 src/cs_adc.o
                0x000007e4                _Z24InitTemperatureSensorADCv
 .text._Z18StartAdcConversionv
                0x000007fa       0x1a src/cs_adc.o
                0x000007fa                _Z18StartAdcConversionv
 .text.GetVoltageAdcValueInMv
                0x00000814       0x7c src/cs_adc.o
                0x00000814                GetVoltageAdcValueInMv
 .text.GetCurrentAdcInMa
                0x00000890       0x7c src/cs_adc.o
                0x00000890                GetCurrentAdcInMa
 .text.GetTemperatureAdcInDegrees
                0x0000090c       0xc0 src/cs_adc.o
                0x0000090c                GetTemperatureAdcInDegrees
 .text._ZN7LedLamp13LedLampStatusC2Ev
                0x000009cc        0x6 src/LedLampStatus.o
                0x000009cc                _ZN7LedLamp13LedLampStatusC2Ev
                0x000009cc                _ZN7LedLamp13LedLampStatusC1Ev
 .text._ZNK7LedLamp13LedLampStatus17IsOverTemperatureEv
                0x000009d2        0x8 src/LedLampStatus.o
                0x000009d2                _ZNK7LedLamp13LedLampStatus17IsOverTemperatureEv
 .text._ZN7LedLamp13LedLampStatus18SetOverTemperatureEb
                0x000009da       0x12 src/LedLampStatus.o
                0x000009da                _ZN7LedLamp13LedLampStatus18SetOverTemperatureEb
 .text._ZNK7LedLamp13LedLampStatus12IsLowBatteryEv
                0x000009ec        0xc src/LedLampStatus.o
                0x000009ec                _ZNK7LedLamp13LedLampStatus12IsLowBatteryEv
 .text._ZN7LedLamp13LedLampStatus13SetLowBatteryEb
                0x000009f8       0x12 src/LedLampStatus.o
                0x000009f8                _ZN7LedLamp13LedLampStatus13SetLowBatteryEb
 .text._ZNK7LedLamp13LedLampStatus19IsLowBatteryWarningEv
                0x00000a0a        0xc src/LedLampStatus.o
                0x00000a0a                _ZNK7LedLamp13LedLampStatus19IsLowBatteryWarningEv
 .text._ZN7LedLamp13LedLampStatus20SetLowBatteryWarningEb
                0x00000a16       0x12 src/LedLampStatus.o
                0x00000a16                _ZN7LedLamp13LedLampStatus20SetLowBatteryWarningEb
 .text._ZNK7LedLamp13LedLampStatus18IsIgnoreLowBatteryEv
                0x00000a28        0xa src/LedLampStatus.o
                0x00000a28                _ZNK7LedLamp13LedLampStatus18IsIgnoreLowBatteryEv
 .text._ZN7LedLamp13LedLampStatus19SetIgnoreLowBatteryEb
                0x00000a32       0x12 src/LedLampStatus.o
                0x00000a32                _ZN7LedLamp13LedLampStatus19SetIgnoreLowBatteryEb
 .text._ZNK7LedLamp13LedLampStatus22IsPrevIgnoreLowBatteryEv
                0x00000a44        0xc src/LedLampStatus.o
                0x00000a44                _ZNK7LedLamp13LedLampStatus22IsPrevIgnoreLowBatteryEv
 .text._ZN7LedLamp13LedLampStatus23SetPrevIgnoreLowBatteryEb
                0x00000a50       0x12 src/LedLampStatus.o
                0x00000a50                _ZN7LedLamp13LedLampStatus23SetPrevIgnoreLowBatteryEb
 .text._ZNK7LedLamp13LedLampStatus7IsKeyONEv
                0x00000a62        0xc src/LedLampStatus.o
                0x00000a62                _ZNK7LedLamp13LedLampStatus7IsKeyONEv
 .text._ZN7LedLamp13LedLampStatus8SetKeyONEb
                0x00000a6e       0x12 src/LedLampStatus.o
                0x00000a6e                _ZN7LedLamp13LedLampStatus8SetKeyONEb
 .text._ZN7LedLamp13LedLampStatus12SetPrevKeyONEb
                0x00000a80       0x12 src/LedLampStatus.o
                0x00000a80                _ZN7LedLamp13LedLampStatus12SetPrevKeyONEb
 .text._ZN11LedsControl11ClearLedSckEv
                0x00000a92        0x4 src/LedsControl.o
                0x00000a92                _ZN11LedsControl11ClearLedSckEv
 .text._ZN11LedsControl21SendShiftRegisterWordEj
                0x00000a96       0x36 src/LedsControl.o
                0x00000a96                _ZN11LedsControl21SendShiftRegisterWordEj
 .text._ZN11LedsControl12ShiftRegInitEv
                0x00000acc       0x10 src/LedsControl.o
                0x00000acc                _ZN11LedsControl12ShiftRegInitEv
 .text._ZN11LedsControl12ShiftRegPushEv
                0x00000adc        0xa src/LedsControl.o
                0x00000adc                _ZN11LedsControl12ShiftRegPushEv
 .text.GetVoltageCurrentTableValue
                0x00000ae6       0x22 C:\__myworkspace\ColomboProjects\12_to_200V_inverter\sw\Inverter12to200\DataStorageRawC\Release\libDataStorageRawC.a(IndicatorsTable.o)
                0x00000ae6                GetVoltageCurrentTableValue
 .text.GetCurrVoltBeepInfo
                0x00000b08       0xa0 C:\__myworkspace\ColomboProjects\12_to_200V_inverter\sw\Inverter12to200\DataStorageRawC\Release\libDataStorageRawC.a(IndicatorsTable.o)
                0x00000b08                GetCurrVoltBeepInfo
 .text.GetTempSensorTableSize
                0x00000ba8        0x4 C:\__myworkspace\ColomboProjects\12_to_200V_inverter\sw\Inverter12to200\DataStorageRawC\Release\libDataStorageRawC.a(TempSensorTable.o)
                0x00000ba8                GetTempSensorTableSize
 .text.GetTempSensorTableAdcValue
                0x00000bac       0x14 C:\__myworkspace\ColomboProjects\12_to_200V_inverter\sw\Inverter12to200\DataStorageRawC\Release\libDataStorageRawC.a(TempSensorTable.o)
                0x00000bac                GetTempSensorTableAdcValue
 .text.GetTempSensorTableTemperatureValue
                0x00000bc0       0x12 C:\__myworkspace\ColomboProjects\12_to_200V_inverter\sw\Inverter12to200\DataStorageRawC\Release\libDataStorageRawC.a(TempSensorTable.o)
                0x00000bc0                GetTempSensorTableTemperatureValue
 .text.libgcc.mul
                0x00000bd2       0x22 c:/program files (x86)/atmel/studio/7.0/toolchain/avr8/avr8-gnu-toolchain/bin/../lib/gcc/avr/5.4.0/avr25\libgcc.a(_mulhi3.o)
                0x00000bd2                __mulhi3
 .text.libgcc.mul
                0x00000bf4       0x32 c:/program files (x86)/atmel/studio/7.0/toolchain/avr8/avr8-gnu-toolchain/bin/../lib/gcc/avr/5.4.0/avr25\libgcc.a(_mulsi3.o)
                0x00000bf4                __mulsi3
                0x00000bf8                __mulsi3_helper
 .text.libgcc.div
                0x00000c26       0x28 c:/program files (x86)/atmel/studio/7.0/toolchain/avr8/avr8-gnu-toolchain/bin/../lib/gcc/avr/5.4.0/avr25\libgcc.a(_udivmodhi4.o)
                0x00000c26                __udivmodhi4
 .text.libgcc.div
                0x00000c4e       0x44 c:/program files (x86)/atmel/studio/7.0/toolchain/avr8/avr8-gnu-toolchain/bin/../lib/gcc/avr/5.4.0/avr25\libgcc.a(_udivmodsi4.o)
                0x00000c4e                __udivmodsi4
 .text.libgcc   0x00000c92        0xc c:/program files (x86)/atmel/studio/7.0/toolchain/avr8/avr8-gnu-toolchain/bin/../lib/gcc/avr/5.4.0/avr25\libgcc.a(_tablejump2.o)
                0x00000c92                __tablejump2__
                0x00000c9e                . = ALIGN (0x2)
 *(.fini9)
 .fini9         0x00000c9e        0x0 c:/program files (x86)/atmel/studio/7.0/toolchain/avr8/avr8-gnu-toolchain/bin/../lib/gcc/avr/5.4.0/avr25\libgcc.a(_exit.o)
                0x00000c9e                _exit
                0x00000c9e                exit
 *(.fini9)
 *(.fini8)
 *(.fini8)
 *(.fini7)
 *(.fini7)
 *(.fini6)
 *(.fini6)
 *(.fini5)
 *(.fini5)
 *(.fini4)
 *(.fini4)
 *(.fini3)
 *(.fini3)
 *(.fini2)
 *(.fini2)
 *(.fini1)
 *(.fini1)
 *(.fini0)
 .fini0         0x00000c9e        0x4 c:/program files (x86)/atmel/studio/7.0/toolchain/avr8/avr8-gnu-toolchain/bin/../lib/gcc/avr/5.4.0/avr25\libgcc.a(_exit.o)
 *(.fini0)
                0x00000ca2                _etext = .

.data           0x00800060        0xa load address 0x00000ca2
                0x00800060                PROVIDE (__data_start, .)
 *(.data)
 *(.data*)
 *(.gnu.linkonce.d*)
 *(.rodata)
 *(.rodata*)
 .rodata._ZTVN7LedLamp24IndicatorLevelCalculatorE
                0x00800060        0x6 main.o
                0x00800060                _ZTVN7LedLamp24IndicatorLevelCalculatorE
 .rodata.VoltageCurrentAddrTable
                0x00800066        0x4 C:\__myworkspace\ColomboProjects\12_to_200V_inverter\sw\Inverter12to200\DataStorageRawC\Release\libDataStorageRawC.a(IndicatorsTable.o)
                0x00800066                VoltageCurrentAddrTable
 *(.gnu.linkonce.r*)
                0x0080006a                . = ALIGN (0x2)
                0x0080006a                _edata = .
                0x0080006a                PROVIDE (__data_end, .)

.bss            0x0080006a        0xc
                0x0080006a                PROVIDE (__bss_start, .)
 *(.bss)
 *(.bss*)
 .bss.fastKeySwitchDetector
                0x0080006a        0xa main.o
                0x0080006a                fastKeySwitchDetector
 .bss._ZN11LedsControl18g_shiftRegCodeWordE
                0x00800074        0x2 src/LedsControl.o
                0x00800074                _ZN11LedsControl18g_shiftRegCodeWordE
 *(COMMON)
                0x00800076                PROVIDE (__bss_end, .)
                0x00000ca2                __data_load_start = LOADADDR (.data)
                0x00000cac                __data_load_end = (__data_load_start + SIZEOF (.data))

.noinit         0x00800076        0x0
                [!provide]                PROVIDE (__noinit_start, .)
 *(.noinit*)
                [!provide]                PROVIDE (__noinit_end, .)
                0x00800076                _end = .
                [!provide]                PROVIDE (__heap_start, .)

.eeprom         0x00810000        0x0
 *(.eeprom*)
                0x00810000                __eeprom_end = .

.fuse
 *(.fuse)
 *(.lfuse)
 *(.hfuse)
 *(.efuse)

.lock
 *(.lock*)

.signature
 *(.signature*)

.user_signatures
 *(.user_signatures*)

.stab
 *(.stab)

.stabstr
 *(.stabstr)

.stab.excl
 *(.stab.excl)

.stab.exclstr
 *(.stab.exclstr)

.stab.index
 *(.stab.index)

.stab.indexstr
 *(.stab.indexstr)

.comment        0x00000000       0x30
 *(.comment)
 .comment       0x00000000       0x30 main.o
                                 0x31 (size before relaxing)
 .comment       0x00000030       0x31 src/CsDelay.o
 .comment       0x00000030       0x31 src/cs_adc.o
 .comment       0x00000030       0x31 src/LedLampStatus.o
 .comment       0x00000030       0x31 src/LedsControl.o
 .comment       0x00000030       0x31 C:\__myworkspace\ColomboProjects\12_to_200V_inverter\sw\Inverter12to200\DataStorageRawC\Release\libDataStorageRawC.a(IndicatorsTable.o)
 .comment       0x00000030       0x31 C:\__myworkspace\ColomboProjects\12_to_200V_inverter\sw\Inverter12to200\DataStorageRawC\Release\libDataStorageRawC.a(TempSensorTable.o)

.note.gnu.avr.deviceinfo
                0x00000000       0x3c
 .note.gnu.avr.deviceinfo
                0x00000000       0x3c C:/Program Files (x86)/Atmel/Studio/7.0/Packs/atmel/ATtiny_DFP/1.10.348/gcc/dev/attiny45/avr25/crtattiny45.o

.note.gnu.build-id
 *(.note.gnu.build-id)

.debug
 *(.debug)

.line
 *(.line)

.debug_srcinfo
 *(.debug_srcinfo)

.debug_sfnames
 *(.debug_sfnames)

.debug_aranges
 *(.debug_aranges)

.debug_pubnames
 *(.debug_pubnames)

.debug_info     0x00000000      0x420
 *(.debug_info .gnu.linkonce.wi.*)
 .debug_info    0x00000000      0x420 C:/Program Files (x86)/Atmel/Studio/7.0/Packs/atmel/ATtiny_DFP/1.10.348/gcc/dev/attiny45/avr25/crtattiny45.o

.debug_abbrev   0x00000000      0x3e8
 *(.debug_abbrev)
 .debug_abbrev  0x00000000      0x3e8 C:/Program Files (x86)/Atmel/Studio/7.0/Packs/atmel/ATtiny_DFP/1.10.348/gcc/dev/attiny45/avr25/crtattiny45.o

.debug_line     0x00000000       0xf2
 *(.debug_line .debug_line.* .debug_line_end)
 .debug_line    0x00000000       0xf2 C:/Program Files (x86)/Atmel/Studio/7.0/Packs/atmel/ATtiny_DFP/1.10.348/gcc/dev/attiny45/avr25/crtattiny45.o

.debug_frame
 *(.debug_frame)

.debug_str      0x00000000      0x169
 *(.debug_str)
 .debug_str     0x00000000      0x169 C:/Program Files (x86)/Atmel/Studio/7.0/Packs/atmel/ATtiny_DFP/1.10.348/gcc/dev/attiny45/avr25/crtattiny45.o

.debug_loc
 *(.debug_loc)

.debug_macinfo
 *(.debug_macinfo)

.debug_weaknames
 *(.debug_weaknames)

.debug_funcnames
 *(.debug_funcnames)

.debug_typenames
 *(.debug_typenames)

.debug_varnames
 *(.debug_varnames)

.debug_pubtypes
 *(.debug_pubtypes)

.debug_ranges
 *(.debug_ranges)

.debug_macro
 *(.debug_macro)
OUTPUT(BatteryLampInverterController.elf elf32-avr)
LOAD linker stubs
