Archive member included to satisfy reference by file (symbol)

C:\__myworkspace\ColomboProjects\12_to_200V_inverter\sw\Inverter12to200\DataStorageRawC\Release\libDataStorageRawC.a(TempSensorTable.o)
                              src/cs_adc.o (GetTempSensorTableSize)
c:/program files (x86)/atmel/studio/7.0/toolchain/avr8/avr8-gnu-toolchain/bin/../lib/gcc/avr/5.4.0/avr25\libgcc.a(_mulhi3.o)
                              src/cs_adc.o (__mulhi3)
c:/program files (x86)/atmel/studio/7.0/toolchain/avr8/avr8-gnu-toolchain/bin/../lib/gcc/avr/5.4.0/avr25\libgcc.a(_mulsi3.o)
                              src/cs_adc.o (__mulsi3)
c:/program files (x86)/atmel/studio/7.0/toolchain/avr8/avr8-gnu-toolchain/bin/../lib/gcc/avr/5.4.0/avr25\libgcc.a(_udivmodqi4.o)
                              src/VoltageCurrentLevels.o (__udivmodqi4)
c:/program files (x86)/atmel/studio/7.0/toolchain/avr8/avr8-gnu-toolchain/bin/../lib/gcc/avr/5.4.0/avr25\libgcc.a(_udivmodhi4.o)
                              src/cs_adc.o (__udivmodhi4)
c:/program files (x86)/atmel/studio/7.0/toolchain/avr8/avr8-gnu-toolchain/bin/../lib/gcc/avr/5.4.0/avr25\libgcc.a(_divmodhi4.o)
                              src/VoltageCurrentLevels.o (__divmodhi4)
c:/program files (x86)/atmel/studio/7.0/toolchain/avr8/avr8-gnu-toolchain/bin/../lib/gcc/avr/5.4.0/avr25\libgcc.a(_udivmodsi4.o)
                              src/cs_adc.o (__udivmodsi4)
c:/program files (x86)/atmel/studio/7.0/toolchain/avr8/avr8-gnu-toolchain/bin/../lib/gcc/avr/5.4.0/avr25\libgcc.a(_exit.o)
                              C:/Program Files (x86)/Atmel/Studio/7.0/Packs/atmel/ATtiny_DFP/1.10.348/gcc/dev/attiny45/avr25/crtattiny45.o (exit)
c:/program files (x86)/atmel/studio/7.0/toolchain/avr8/avr8-gnu-toolchain/bin/../lib/gcc/avr/5.4.0/avr25\libgcc.a(_clear_bss.o)
                              src/DebugSwUart.o (__do_clear_bss)

Discarded input sections

 .data          0x00000000        0x0 C:/Program Files (x86)/Atmel/Studio/7.0/Packs/atmel/ATtiny_DFP/1.10.348/gcc/dev/attiny45/avr25/crtattiny45.o
 .bss           0x00000000        0x0 C:/Program Files (x86)/Atmel/Studio/7.0/Packs/atmel/ATtiny_DFP/1.10.348/gcc/dev/attiny45/avr25/crtattiny45.o
 .text          0x00000000        0x0 main.o
 .data          0x00000000        0x0 main.o
 .bss           0x00000000        0x0 main.o
 .text          0x00000000        0x0 src/CsDelay.o
 .data          0x00000000        0x0 src/CsDelay.o
 .bss           0x00000000        0x0 src/CsDelay.o
 .text          0x00000000        0x0 src/cs_adc.o
 .data          0x00000000        0x0 src/cs_adc.o
 .bss           0x00000000        0x0 src/cs_adc.o
 .group         0x00000000        0x8 src/DebugSwUart.o
 .group         0x00000000        0x8 src/DebugSwUart.o
 .text          0x00000000        0x0 src/DebugSwUart.o
 .data          0x00000000        0x0 src/DebugSwUart.o
 .bss           0x00000000        0x0 src/DebugSwUart.o
 .text._Z5SetTxv
                0x00000000        0x4 src/DebugSwUart.o
 .text._Z5ClrTxv
                0x00000000        0x4 src/DebugSwUart.o
 .text._Z17SwUartOneBitDelayv
                0x00000000       0x26 src/DebugSwUart.o
 .text._Z9SetOsccalh
                0x00000000       0x2c src/DebugSwUart.o
 .text._Z10SwUartInith
                0x00000000       0x14 src/DebugSwUart.o
 .text._Z14SwUartSendByteh
                0x00000000       0x2a src/DebugSwUart.o
 .text._Z28SwUartTestFrequencyPrecisionv
                0x00000000       0x14 src/DebugSwUart.o
 .text._Z17SwUartPrintStringPc
                0x00000000       0x16 src/DebugSwUart.o
 .text._Z15SwUartPrintWordj
                0x00000000       0x90 src/DebugSwUart.o
 .text._Z15SwUartPrintLongm
                0x00000000       0xb0 src/DebugSwUart.o
 .text._Z15SwUartPrintByteh
                0x00000000        0x4 src/DebugSwUart.o
 .bss.g_swUartBaudrate
                0x00000000        0x1 src/DebugSwUart.o
 .comment       0x00000000       0x31 src/DebugSwUart.o
 .text          0x00000000        0x0 src/LedLampStatus.o
 .data          0x00000000        0x0 src/LedLampStatus.o
 .bss           0x00000000        0x0 src/LedLampStatus.o
 .text._ZNK7LedLamp13LedLampStatus13IsConverterOnEv
                0x00000000        0xa src/LedLampStatus.o
 .text._ZN7LedLamp13LedLampStatus14SetConverterOnEb
                0x00000000       0x12 src/LedLampStatus.o
 .text._ZNK7LedLamp13LedLampStatus19IsLowBatteryWarningEv
                0x00000000        0xc src/LedLampStatus.o
 .text._ZNK7LedLamp13LedLampStatus18IsIgnoreLowBatteryEv
                0x00000000        0xa src/LedLampStatus.o
 .text._ZN7LedLamp13LedLampStatus19SetIgnoreLowBatteryEb
                0x00000000       0x12 src/LedLampStatus.o
 .text._ZNK7LedLamp13LedLampStatus11IsPrevKeyONEv
                0x00000000        0xc src/LedLampStatus.o
 .group         0x00000000        0x8 src/LedsControl.o
 .text          0x00000000        0x0 src/LedsControl.o
 .data          0x00000000        0x0 src/LedsControl.o
 .bss           0x00000000        0x0 src/LedsControl.o
 .text._Z11ConverterOnv
                0x00000000       0x14 src/LedsControl.o
 .text._Z15LedVoltGreen2Onv
                0x00000000       0x14 src/LedsControl.o
 .text._Z15LedVoltGreen1Onv
                0x00000000       0x14 src/LedsControl.o
 .text._Z15LedVoltYellowOnv
                0x00000000       0x14 src/LedsControl.o
 .text._Z12LedVoltRedOnv
                0x00000000       0x14 src/LedsControl.o
 .text._Z15LedCurrGreen2Onv
                0x00000000       0x14 src/LedsControl.o
 .text._Z15LedCurrGreen1Onv
                0x00000000       0x14 src/LedsControl.o
 .text._Z15LedCurrYellowOnv
                0x00000000       0x14 src/LedsControl.o
 .text._Z12LedCurrRedOnv
                0x00000000       0x14 src/LedsControl.o
 .text          0x00000000        0x0 src/my_debug.o
 .data          0x00000000        0x0 src/my_debug.o
 .bss           0x00000000        0x0 src/my_debug.o
 .text._Z22DelayDebugMicrosecondsh
                0x00000000       0x1a src/my_debug.o
 .text._Z21DelayDebugMiliSecondsh
                0x00000000       0x24 src/my_debug.o
 .text._Z6Markerh
                0x00000000       0x1c src/my_debug.o
 .text._Z18ShowDebug8bitValueh
                0x00000000       0x2e src/my_debug.o
 .text._Z19ShowDebug16bitValuej
                0x00000000       0x44 src/my_debug.o
 .comment       0x00000000       0x31 src/my_debug.o
 .text          0x00000000        0x0 src/VoltageCurrentLevels.o
 .data          0x00000000        0x0 src/VoltageCurrentLevels.o
 .bss           0x00000000        0x0 src/VoltageCurrentLevels.o
 .text._Z8GetLevelPKjjj
                0x00000000       0x20 src/VoltageCurrentLevels.o
 .text._Z21GetCurrentLedLevelNewjj
                0x00000000        0xa src/VoltageCurrentLevels.o
 .text._Z21GetVoltageLedLevelNewjj
                0x00000000        0xa src/VoltageCurrentLevels.o
 .text._Z34ConvertLevelToBitsAndFlashCountNewhP13LedsFlashData
                0x00000000       0x36 src/VoltageCurrentLevels.o
 .text._Z34ConvertLevelToBitsAndFlashCountOldhP13LedsFlashData
                0x00000000       0x58 src/VoltageCurrentLevels.o
 .progmem.data._ZL28LevelToBitsMaskAndFlashTable
                0x00000000       0x1a src/VoltageCurrentLevels.o
 .progmem.data._ZL18VoltageLevelsTable
                0x00000000       0x18 src/VoltageCurrentLevels.o
 .progmem.data._ZL18CurrentLevelsTable
                0x00000000       0x18 src/VoltageCurrentLevels.o
 .comment       0x00000000       0x31 src/VoltageCurrentLevels.o
 .text          0x00000000        0x0 C:\__myworkspace\ColomboProjects\12_to_200V_inverter\sw\Inverter12to200\DataStorageRawC\Release\libDataStorageRawC.a(TempSensorTable.o)
 .data          0x00000000        0x0 C:\__myworkspace\ColomboProjects\12_to_200V_inverter\sw\Inverter12to200\DataStorageRawC\Release\libDataStorageRawC.a(TempSensorTable.o)
 .bss           0x00000000        0x0 C:\__myworkspace\ColomboProjects\12_to_200V_inverter\sw\Inverter12to200\DataStorageRawC\Release\libDataStorageRawC.a(TempSensorTable.o)
 .text          0x00000000        0x0 c:/program files (x86)/atmel/studio/7.0/toolchain/avr8/avr8-gnu-toolchain/bin/../lib/gcc/avr/5.4.0/avr25\libgcc.a(_mulhi3.o)
 .data          0x00000000        0x0 c:/program files (x86)/atmel/studio/7.0/toolchain/avr8/avr8-gnu-toolchain/bin/../lib/gcc/avr/5.4.0/avr25\libgcc.a(_mulhi3.o)
 .bss           0x00000000        0x0 c:/program files (x86)/atmel/studio/7.0/toolchain/avr8/avr8-gnu-toolchain/bin/../lib/gcc/avr/5.4.0/avr25\libgcc.a(_mulhi3.o)
 .text.libgcc.div
                0x00000000        0x0 c:/program files (x86)/atmel/studio/7.0/toolchain/avr8/avr8-gnu-toolchain/bin/../lib/gcc/avr/5.4.0/avr25\libgcc.a(_mulhi3.o)
 .text.libgcc   0x00000000        0x0 c:/program files (x86)/atmel/studio/7.0/toolchain/avr8/avr8-gnu-toolchain/bin/../lib/gcc/avr/5.4.0/avr25\libgcc.a(_mulhi3.o)
 .text.libgcc.prologue
                0x00000000        0x0 c:/program files (x86)/atmel/studio/7.0/toolchain/avr8/avr8-gnu-toolchain/bin/../lib/gcc/avr/5.4.0/avr25\libgcc.a(_mulhi3.o)
 .text.libgcc.builtins
                0x00000000        0x0 c:/program files (x86)/atmel/studio/7.0/toolchain/avr8/avr8-gnu-toolchain/bin/../lib/gcc/avr/5.4.0/avr25\libgcc.a(_mulhi3.o)
 .text.libgcc.fmul
                0x00000000        0x0 c:/program files (x86)/atmel/studio/7.0/toolchain/avr8/avr8-gnu-toolchain/bin/../lib/gcc/avr/5.4.0/avr25\libgcc.a(_mulhi3.o)
 .text.libgcc.fixed
                0x00000000        0x0 c:/program files (x86)/atmel/studio/7.0/toolchain/avr8/avr8-gnu-toolchain/bin/../lib/gcc/avr/5.4.0/avr25\libgcc.a(_mulhi3.o)
 .text          0x00000000        0x0 c:/program files (x86)/atmel/studio/7.0/toolchain/avr8/avr8-gnu-toolchain/bin/../lib/gcc/avr/5.4.0/avr25\libgcc.a(_mulsi3.o)
 .data          0x00000000        0x0 c:/program files (x86)/atmel/studio/7.0/toolchain/avr8/avr8-gnu-toolchain/bin/../lib/gcc/avr/5.4.0/avr25\libgcc.a(_mulsi3.o)
 .bss           0x00000000        0x0 c:/program files (x86)/atmel/studio/7.0/toolchain/avr8/avr8-gnu-toolchain/bin/../lib/gcc/avr/5.4.0/avr25\libgcc.a(_mulsi3.o)
 .text.libgcc.div
                0x00000000        0x0 c:/program files (x86)/atmel/studio/7.0/toolchain/avr8/avr8-gnu-toolchain/bin/../lib/gcc/avr/5.4.0/avr25\libgcc.a(_mulsi3.o)
 .text.libgcc   0x00000000        0x0 c:/program files (x86)/atmel/studio/7.0/toolchain/avr8/avr8-gnu-toolchain/bin/../lib/gcc/avr/5.4.0/avr25\libgcc.a(_mulsi3.o)
 .text.libgcc.prologue
                0x00000000        0x0 c:/program files (x86)/atmel/studio/7.0/toolchain/avr8/avr8-gnu-toolchain/bin/../lib/gcc/avr/5.4.0/avr25\libgcc.a(_mulsi3.o)
 .text.libgcc.builtins
                0x00000000        0x0 c:/program files (x86)/atmel/studio/7.0/toolchain/avr8/avr8-gnu-toolchain/bin/../lib/gcc/avr/5.4.0/avr25\libgcc.a(_mulsi3.o)
 .text.libgcc.fmul
                0x00000000        0x0 c:/program files (x86)/atmel/studio/7.0/toolchain/avr8/avr8-gnu-toolchain/bin/../lib/gcc/avr/5.4.0/avr25\libgcc.a(_mulsi3.o)
 .text.libgcc.fixed
                0x00000000        0x0 c:/program files (x86)/atmel/studio/7.0/toolchain/avr8/avr8-gnu-toolchain/bin/../lib/gcc/avr/5.4.0/avr25\libgcc.a(_mulsi3.o)
 .text          0x00000000        0x0 c:/program files (x86)/atmel/studio/7.0/toolchain/avr8/avr8-gnu-toolchain/bin/../lib/gcc/avr/5.4.0/avr25\libgcc.a(_udivmodqi4.o)
 .data          0x00000000        0x0 c:/program files (x86)/atmel/studio/7.0/toolchain/avr8/avr8-gnu-toolchain/bin/../lib/gcc/avr/5.4.0/avr25\libgcc.a(_udivmodqi4.o)
 .bss           0x00000000        0x0 c:/program files (x86)/atmel/studio/7.0/toolchain/avr8/avr8-gnu-toolchain/bin/../lib/gcc/avr/5.4.0/avr25\libgcc.a(_udivmodqi4.o)
 .text.libgcc.mul
                0x00000000        0x0 c:/program files (x86)/atmel/studio/7.0/toolchain/avr8/avr8-gnu-toolchain/bin/../lib/gcc/avr/5.4.0/avr25\libgcc.a(_udivmodqi4.o)
 .text.libgcc.div
                0x00000000       0x18 c:/program files (x86)/atmel/studio/7.0/toolchain/avr8/avr8-gnu-toolchain/bin/../lib/gcc/avr/5.4.0/avr25\libgcc.a(_udivmodqi4.o)
 .text.libgcc   0x00000000        0x0 c:/program files (x86)/atmel/studio/7.0/toolchain/avr8/avr8-gnu-toolchain/bin/../lib/gcc/avr/5.4.0/avr25\libgcc.a(_udivmodqi4.o)
 .text.libgcc.prologue
                0x00000000        0x0 c:/program files (x86)/atmel/studio/7.0/toolchain/avr8/avr8-gnu-toolchain/bin/../lib/gcc/avr/5.4.0/avr25\libgcc.a(_udivmodqi4.o)
 .text.libgcc.builtins
                0x00000000        0x0 c:/program files (x86)/atmel/studio/7.0/toolchain/avr8/avr8-gnu-toolchain/bin/../lib/gcc/avr/5.4.0/avr25\libgcc.a(_udivmodqi4.o)
 .text.libgcc.fmul
                0x00000000        0x0 c:/program files (x86)/atmel/studio/7.0/toolchain/avr8/avr8-gnu-toolchain/bin/../lib/gcc/avr/5.4.0/avr25\libgcc.a(_udivmodqi4.o)
 .text.libgcc.fixed
                0x00000000        0x0 c:/program files (x86)/atmel/studio/7.0/toolchain/avr8/avr8-gnu-toolchain/bin/../lib/gcc/avr/5.4.0/avr25\libgcc.a(_udivmodqi4.o)
 .text          0x00000000        0x0 c:/program files (x86)/atmel/studio/7.0/toolchain/avr8/avr8-gnu-toolchain/bin/../lib/gcc/avr/5.4.0/avr25\libgcc.a(_udivmodhi4.o)
 .data          0x00000000        0x0 c:/program files (x86)/atmel/studio/7.0/toolchain/avr8/avr8-gnu-toolchain/bin/../lib/gcc/avr/5.4.0/avr25\libgcc.a(_udivmodhi4.o)
 .bss           0x00000000        0x0 c:/program files (x86)/atmel/studio/7.0/toolchain/avr8/avr8-gnu-toolchain/bin/../lib/gcc/avr/5.4.0/avr25\libgcc.a(_udivmodhi4.o)
 .text.libgcc.mul
                0x00000000        0x0 c:/program files (x86)/atmel/studio/7.0/toolchain/avr8/avr8-gnu-toolchain/bin/../lib/gcc/avr/5.4.0/avr25\libgcc.a(_udivmodhi4.o)
 .text.libgcc   0x00000000        0x0 c:/program files (x86)/atmel/studio/7.0/toolchain/avr8/avr8-gnu-toolchain/bin/../lib/gcc/avr/5.4.0/avr25\libgcc.a(_udivmodhi4.o)
 .text.libgcc.prologue
                0x00000000        0x0 c:/program files (x86)/atmel/studio/7.0/toolchain/avr8/avr8-gnu-toolchain/bin/../lib/gcc/avr/5.4.0/avr25\libgcc.a(_udivmodhi4.o)
 .text.libgcc.builtins
                0x00000000        0x0 c:/program files (x86)/atmel/studio/7.0/toolchain/avr8/avr8-gnu-toolchain/bin/../lib/gcc/avr/5.4.0/avr25\libgcc.a(_udivmodhi4.o)
 .text.libgcc.fmul
                0x00000000        0x0 c:/program files (x86)/atmel/studio/7.0/toolchain/avr8/avr8-gnu-toolchain/bin/../lib/gcc/avr/5.4.0/avr25\libgcc.a(_udivmodhi4.o)
 .text.libgcc.fixed
                0x00000000        0x0 c:/program files (x86)/atmel/studio/7.0/toolchain/avr8/avr8-gnu-toolchain/bin/../lib/gcc/avr/5.4.0/avr25\libgcc.a(_udivmodhi4.o)
 .text          0x00000000        0x0 c:/program files (x86)/atmel/studio/7.0/toolchain/avr8/avr8-gnu-toolchain/bin/../lib/gcc/avr/5.4.0/avr25\libgcc.a(_divmodhi4.o)
 .data          0x00000000        0x0 c:/program files (x86)/atmel/studio/7.0/toolchain/avr8/avr8-gnu-toolchain/bin/../lib/gcc/avr/5.4.0/avr25\libgcc.a(_divmodhi4.o)
 .bss           0x00000000        0x0 c:/program files (x86)/atmel/studio/7.0/toolchain/avr8/avr8-gnu-toolchain/bin/../lib/gcc/avr/5.4.0/avr25\libgcc.a(_divmodhi4.o)
 .text.libgcc.mul
                0x00000000        0x0 c:/program files (x86)/atmel/studio/7.0/toolchain/avr8/avr8-gnu-toolchain/bin/../lib/gcc/avr/5.4.0/avr25\libgcc.a(_divmodhi4.o)
 .text.libgcc.div
                0x00000000       0x26 c:/program files (x86)/atmel/studio/7.0/toolchain/avr8/avr8-gnu-toolchain/bin/../lib/gcc/avr/5.4.0/avr25\libgcc.a(_divmodhi4.o)
 .text.libgcc   0x00000000        0x0 c:/program files (x86)/atmel/studio/7.0/toolchain/avr8/avr8-gnu-toolchain/bin/../lib/gcc/avr/5.4.0/avr25\libgcc.a(_divmodhi4.o)
 .text.libgcc.prologue
                0x00000000        0x0 c:/program files (x86)/atmel/studio/7.0/toolchain/avr8/avr8-gnu-toolchain/bin/../lib/gcc/avr/5.4.0/avr25\libgcc.a(_divmodhi4.o)
 .text.libgcc.builtins
                0x00000000        0x0 c:/program files (x86)/atmel/studio/7.0/toolchain/avr8/avr8-gnu-toolchain/bin/../lib/gcc/avr/5.4.0/avr25\libgcc.a(_divmodhi4.o)
 .text.libgcc.fmul
                0x00000000        0x0 c:/program files (x86)/atmel/studio/7.0/toolchain/avr8/avr8-gnu-toolchain/bin/../lib/gcc/avr/5.4.0/avr25\libgcc.a(_divmodhi4.o)
 .text.libgcc.fixed
                0x00000000        0x0 c:/program files (x86)/atmel/studio/7.0/toolchain/avr8/avr8-gnu-toolchain/bin/../lib/gcc/avr/5.4.0/avr25\libgcc.a(_divmodhi4.o)
 .text          0x00000000        0x0 c:/program files (x86)/atmel/studio/7.0/toolchain/avr8/avr8-gnu-toolchain/bin/../lib/gcc/avr/5.4.0/avr25\libgcc.a(_udivmodsi4.o)
 .data          0x00000000        0x0 c:/program files (x86)/atmel/studio/7.0/toolchain/avr8/avr8-gnu-toolchain/bin/../lib/gcc/avr/5.4.0/avr25\libgcc.a(_udivmodsi4.o)
 .bss           0x00000000        0x0 c:/program files (x86)/atmel/studio/7.0/toolchain/avr8/avr8-gnu-toolchain/bin/../lib/gcc/avr/5.4.0/avr25\libgcc.a(_udivmodsi4.o)
 .text.libgcc.mul
                0x00000000        0x0 c:/program files (x86)/atmel/studio/7.0/toolchain/avr8/avr8-gnu-toolchain/bin/../lib/gcc/avr/5.4.0/avr25\libgcc.a(_udivmodsi4.o)
 .text.libgcc   0x00000000        0x0 c:/program files (x86)/atmel/studio/7.0/toolchain/avr8/avr8-gnu-toolchain/bin/../lib/gcc/avr/5.4.0/avr25\libgcc.a(_udivmodsi4.o)
 .text.libgcc.prologue
                0x00000000        0x0 c:/program files (x86)/atmel/studio/7.0/toolchain/avr8/avr8-gnu-toolchain/bin/../lib/gcc/avr/5.4.0/avr25\libgcc.a(_udivmodsi4.o)
 .text.libgcc.builtins
                0x00000000        0x0 c:/program files (x86)/atmel/studio/7.0/toolchain/avr8/avr8-gnu-toolchain/bin/../lib/gcc/avr/5.4.0/avr25\libgcc.a(_udivmodsi4.o)
 .text.libgcc.fmul
                0x00000000        0x0 c:/program files (x86)/atmel/studio/7.0/toolchain/avr8/avr8-gnu-toolchain/bin/../lib/gcc/avr/5.4.0/avr25\libgcc.a(_udivmodsi4.o)
 .text.libgcc.fixed
                0x00000000        0x0 c:/program files (x86)/atmel/studio/7.0/toolchain/avr8/avr8-gnu-toolchain/bin/../lib/gcc/avr/5.4.0/avr25\libgcc.a(_udivmodsi4.o)
 .text          0x00000000        0x0 c:/program files (x86)/atmel/studio/7.0/toolchain/avr8/avr8-gnu-toolchain/bin/../lib/gcc/avr/5.4.0/avr25\libgcc.a(_exit.o)
 .data          0x00000000        0x0 c:/program files (x86)/atmel/studio/7.0/toolchain/avr8/avr8-gnu-toolchain/bin/../lib/gcc/avr/5.4.0/avr25\libgcc.a(_exit.o)
 .bss           0x00000000        0x0 c:/program files (x86)/atmel/studio/7.0/toolchain/avr8/avr8-gnu-toolchain/bin/../lib/gcc/avr/5.4.0/avr25\libgcc.a(_exit.o)
 .text.libgcc.mul
                0x00000000        0x0 c:/program files (x86)/atmel/studio/7.0/toolchain/avr8/avr8-gnu-toolchain/bin/../lib/gcc/avr/5.4.0/avr25\libgcc.a(_exit.o)
 .text.libgcc.div
                0x00000000        0x0 c:/program files (x86)/atmel/studio/7.0/toolchain/avr8/avr8-gnu-toolchain/bin/../lib/gcc/avr/5.4.0/avr25\libgcc.a(_exit.o)
 .text.libgcc   0x00000000        0x0 c:/program files (x86)/atmel/studio/7.0/toolchain/avr8/avr8-gnu-toolchain/bin/../lib/gcc/avr/5.4.0/avr25\libgcc.a(_exit.o)
 .text.libgcc.prologue
                0x00000000        0x0 c:/program files (x86)/atmel/studio/7.0/toolchain/avr8/avr8-gnu-toolchain/bin/../lib/gcc/avr/5.4.0/avr25\libgcc.a(_exit.o)
 .text.libgcc.builtins
                0x00000000        0x0 c:/program files (x86)/atmel/studio/7.0/toolchain/avr8/avr8-gnu-toolchain/bin/../lib/gcc/avr/5.4.0/avr25\libgcc.a(_exit.o)
 .text.libgcc.fmul
                0x00000000        0x0 c:/program files (x86)/atmel/studio/7.0/toolchain/avr8/avr8-gnu-toolchain/bin/../lib/gcc/avr/5.4.0/avr25\libgcc.a(_exit.o)
 .text.libgcc.fixed
                0x00000000        0x0 c:/program files (x86)/atmel/studio/7.0/toolchain/avr8/avr8-gnu-toolchain/bin/../lib/gcc/avr/5.4.0/avr25\libgcc.a(_exit.o)
 .text          0x00000000        0x0 c:/program files (x86)/atmel/studio/7.0/toolchain/avr8/avr8-gnu-toolchain/bin/../lib/gcc/avr/5.4.0/avr25\libgcc.a(_clear_bss.o)
 .data          0x00000000        0x0 c:/program files (x86)/atmel/studio/7.0/toolchain/avr8/avr8-gnu-toolchain/bin/../lib/gcc/avr/5.4.0/avr25\libgcc.a(_clear_bss.o)
 .bss           0x00000000        0x0 c:/program files (x86)/atmel/studio/7.0/toolchain/avr8/avr8-gnu-toolchain/bin/../lib/gcc/avr/5.4.0/avr25\libgcc.a(_clear_bss.o)
 .text.libgcc.mul
                0x00000000        0x0 c:/program files (x86)/atmel/studio/7.0/toolchain/avr8/avr8-gnu-toolchain/bin/../lib/gcc/avr/5.4.0/avr25\libgcc.a(_clear_bss.o)
 .text.libgcc.div
                0x00000000        0x0 c:/program files (x86)/atmel/studio/7.0/toolchain/avr8/avr8-gnu-toolchain/bin/../lib/gcc/avr/5.4.0/avr25\libgcc.a(_clear_bss.o)
 .text.libgcc   0x00000000        0x0 c:/program files (x86)/atmel/studio/7.0/toolchain/avr8/avr8-gnu-toolchain/bin/../lib/gcc/avr/5.4.0/avr25\libgcc.a(_clear_bss.o)
 .text.libgcc.prologue
                0x00000000        0x0 c:/program files (x86)/atmel/studio/7.0/toolchain/avr8/avr8-gnu-toolchain/bin/../lib/gcc/avr/5.4.0/avr25\libgcc.a(_clear_bss.o)
 .text.libgcc.builtins
                0x00000000        0x0 c:/program files (x86)/atmel/studio/7.0/toolchain/avr8/avr8-gnu-toolchain/bin/../lib/gcc/avr/5.4.0/avr25\libgcc.a(_clear_bss.o)
 .text.libgcc.fmul
                0x00000000        0x0 c:/program files (x86)/atmel/studio/7.0/toolchain/avr8/avr8-gnu-toolchain/bin/../lib/gcc/avr/5.4.0/avr25\libgcc.a(_clear_bss.o)
 .text.libgcc.fixed
                0x00000000        0x0 c:/program files (x86)/atmel/studio/7.0/toolchain/avr8/avr8-gnu-toolchain/bin/../lib/gcc/avr/5.4.0/avr25\libgcc.a(_clear_bss.o)

Memory Configuration

Name             Origin             Length             Attributes
text             0x00000000         0x00001000         xr
data             0x00800060         0x00000100         rw !x
eeprom           0x00810000         0x00000100         rw !x
fuse             0x00820000         0x00000003         rw !x
lock             0x00830000         0x00000400         rw !x
signature        0x00840000         0x00000400         rw !x
user_signatures  0x00850000         0x00000400         rw !x
*default*        0x00000000         0xffffffff

Linker script and memory map

LOAD C:/Program Files (x86)/Atmel/Studio/7.0/Packs/atmel/ATtiny_DFP/1.10.348/gcc/dev/attiny45/avr25/crtattiny45.o
LOAD main.o
LOAD src/CsDelay.o
LOAD src/cs_adc.o
LOAD src/DebugSwUart.o
LOAD src/LedLampStatus.o
LOAD src/LedsControl.o
LOAD src/my_debug.o
LOAD src/VoltageCurrentLevels.o
START GROUP
LOAD c:/program files (x86)/atmel/studio/7.0/toolchain/avr8/avr8-gnu-toolchain/bin/../lib/gcc/avr/5.4.0/../../../../avr/lib/avr25\libm.a
LOAD C:\__myworkspace\ColomboProjects\12_to_200V_inverter\sw\Inverter12to200\DataStorageRawC\Release\libDataStorageRawC.a
END GROUP
LOAD c:/program files (x86)/atmel/studio/7.0/toolchain/avr8/avr8-gnu-toolchain/bin/../lib/gcc/avr/5.4.0/avr25\libgcc.a
LOAD c:/program files (x86)/atmel/studio/7.0/toolchain/avr8/avr8-gnu-toolchain/bin/../lib/gcc/avr/5.4.0/../../../../avr/lib/avr25\libm.a
START GROUP
LOAD c:/program files (x86)/atmel/studio/7.0/toolchain/avr8/avr8-gnu-toolchain/bin/../lib/gcc/avr/5.4.0/avr25\libgcc.a
LOAD c:/program files (x86)/atmel/studio/7.0/toolchain/avr8/avr8-gnu-toolchain/bin/../lib/gcc/avr/5.4.0/../../../../avr/lib/avr25\libm.a
LOAD c:/program files (x86)/atmel/studio/7.0/toolchain/avr8/avr8-gnu-toolchain/bin/../lib/gcc/avr/5.4.0/../../../../avr/lib/avr25\libc.a
LOAD C:/Program Files (x86)/Atmel/Studio/7.0/Packs/atmel/ATtiny_DFP/1.10.348/gcc/dev/attiny45/avr25\libattiny45.a
END GROUP
                0x00000000                __TEXT_REGION_ORIGIN__ = DEFINED (__TEXT_REGION_ORIGIN__)?__TEXT_REGION_ORIGIN__:0x0
                [0x00800060]                __DATA_REGION_ORIGIN__ = DEFINED (__DATA_REGION_ORIGIN__)?__DATA_REGION_ORIGIN__:0x800060
                [0x00001000]                __TEXT_REGION_LENGTH__ = DEFINED (__TEXT_REGION_LENGTH__)?__TEXT_REGION_LENGTH__:0x2000
                [0x00000100]                __DATA_REGION_LENGTH__ = DEFINED (__DATA_REGION_LENGTH__)?__DATA_REGION_LENGTH__:0xffa0
                [0x00000100]                __EEPROM_REGION_LENGTH__ = DEFINED (__EEPROM_REGION_LENGTH__)?__EEPROM_REGION_LENGTH__:0x10000
                [0x00000003]                __FUSE_REGION_LENGTH__ = DEFINED (__FUSE_REGION_LENGTH__)?__FUSE_REGION_LENGTH__:0x400
                0x00000400                __LOCK_REGION_LENGTH__ = DEFINED (__LOCK_REGION_LENGTH__)?__LOCK_REGION_LENGTH__:0x400
                0x00000400                __SIGNATURE_REGION_LENGTH__ = DEFINED (__SIGNATURE_REGION_LENGTH__)?__SIGNATURE_REGION_LENGTH__:0x400
                0x00000400                __USER_SIGNATURE_REGION_LENGTH__ = DEFINED (__USER_SIGNATURE_REGION_LENGTH__)?__USER_SIGNATURE_REGION_LENGTH__:0x400

.hash
 *(.hash)

.dynsym
 *(.dynsym)

.dynstr
 *(.dynstr)

.gnu.version
 *(.gnu.version)

.gnu.version_d
 *(.gnu.version_d)

.gnu.version_r
 *(.gnu.version_r)

.rel.init
 *(.rel.init)

.rela.init
 *(.rela.init)

.rel.text
 *(.rel.text)
 *(.rel.text.*)
 *(.rel.gnu.linkonce.t*)

.rela.text
 *(.rela.text)
 *(.rela.text.*)
 *(.rela.gnu.linkonce.t*)

.rel.fini
 *(.rel.fini)

.rela.fini
 *(.rela.fini)

.rel.rodata
 *(.rel.rodata)
 *(.rel.rodata.*)
 *(.rel.gnu.linkonce.r*)

.rela.rodata
 *(.rela.rodata)
 *(.rela.rodata.*)
 *(.rela.gnu.linkonce.r*)

.rel.data
 *(.rel.data)
 *(.rel.data.*)
 *(.rel.gnu.linkonce.d*)

.rela.data
 *(.rela.data)
 *(.rela.data.*)
 *(.rela.gnu.linkonce.d*)

.rel.ctors
 *(.rel.ctors)

.rela.ctors
 *(.rela.ctors)

.rel.dtors
 *(.rel.dtors)

.rela.dtors
 *(.rela.dtors)

.rel.got
 *(.rel.got)

.rela.got
 *(.rela.got)

.rel.bss
 *(.rel.bss)

.rela.bss
 *(.rela.bss)

.rel.plt
 *(.rel.plt)

.rela.plt
 *(.rela.plt)

.text           0x00000000      0x794
 *(.vectors)
 .vectors       0x00000000       0x1e C:/Program Files (x86)/Atmel/Studio/7.0/Packs/atmel/ATtiny_DFP/1.10.348/gcc/dev/attiny45/avr25/crtattiny45.o
                0x00000000                __vector_default
                0x00000000                __vectors
 *(.vectors)
 *(.progmem.gcc*)
                0x0000001e                . = ALIGN (0x2)
                0x0000001e                __trampolines_start = .
 *(.trampolines)
 .trampolines   0x0000001e        0x0 linker stubs
 *(.trampolines*)
                0x0000001e                __trampolines_end = .
 *libprintf_flt.a:*(.progmem.data)
 *libc.a:*(.progmem.data)
 *(.progmem*)
 .progmem.data.TempSensorTable
                0x0000001e       0x5a C:\__myworkspace\ColomboProjects\12_to_200V_inverter\sw\Inverter12to200\DataStorageRawC\Release\libDataStorageRawC.a(TempSensorTable.o)
                0x0000001e                TempSensorTable
                0x00000078                . = ALIGN (0x2)
 *(.jumptables)
 *(.jumptables*)
 *(.lowtext)
 *(.lowtext*)
                0x00000078                __ctors_start = .
 *(.ctors)
                0x00000078                __ctors_end = .
                0x00000078                __dtors_start = .
 *(.dtors)
                0x00000078                __dtors_end = .
 SORT(*)(.ctors)
 SORT(*)(.dtors)
 *(.init0)
 .init0         0x00000078        0x0 C:/Program Files (x86)/Atmel/Studio/7.0/Packs/atmel/ATtiny_DFP/1.10.348/gcc/dev/attiny45/avr25/crtattiny45.o
                0x00000078                __init
 *(.init0)
 *(.init1)
 *(.init1)
 *(.init2)
 .init2         0x00000078        0xc C:/Program Files (x86)/Atmel/Studio/7.0/Packs/atmel/ATtiny_DFP/1.10.348/gcc/dev/attiny45/avr25/crtattiny45.o
 *(.init2)
 *(.init3)
 *(.init3)
 *(.init4)
 .init4         0x00000084       0x10 c:/program files (x86)/atmel/studio/7.0/toolchain/avr8/avr8-gnu-toolchain/bin/../lib/gcc/avr/5.4.0/avr25\libgcc.a(_clear_bss.o)
                0x00000084                __do_clear_bss
 *(.init4)
 *(.init5)
 *(.init5)
 *(.init6)
 *(.init6)
 *(.init7)
 *(.init7)
 *(.init8)
 *(.init8)
 *(.init9)
 .init9         0x00000094        0x4 C:/Program Files (x86)/Atmel/Studio/7.0/Packs/atmel/ATtiny_DFP/1.10.348/gcc/dev/attiny45/avr25/crtattiny45.o
 *(.init9)
 *(.text)
 .text          0x00000098        0x2 C:/Program Files (x86)/Atmel/Studio/7.0/Packs/atmel/ATtiny_DFP/1.10.348/gcc/dev/attiny45/avr25/crtattiny45.o
                0x00000098                __vector_1
                0x00000098                __vector_12
                0x00000098                __bad_interrupt
                0x00000098                __vector_6
                0x00000098                __vector_3
                0x00000098                __vector_11
                0x00000098                __vector_13
                0x00000098                __vector_7
                0x00000098                __vector_5
                0x00000098                __vector_4
                0x00000098                __vector_9
                0x00000098                __vector_2
                0x00000098                __vector_8
                0x00000098                __vector_14
                0x00000098                __vector_10
                0x0000009a                . = ALIGN (0x2)
 *(.text.*)
 .text._Z8IsKeysONv
                0x0000009a       0x30 main.o
                0x0000009a                _Z8IsKeysONv
 .text._Z20StartTimer1DelayInMsj
                0x000000ca       0x3a main.o
                0x000000ca                _Z20StartTimer1DelayInMsj
 .text._Z24IsTimer1DelayInMsElapsedv
                0x00000104       0x14 main.o
                0x00000104                _Z24IsTimer1DelayInMsElapsedv
 .text._Z26WaitTimer1DelayInMsElapsedv
                0x00000118        0x8 main.o
                0x00000118                _Z26WaitTimer1DelayInMsElapsedv
 .text._Z11StartUpInitv
                0x00000120        0xe main.o
                0x00000120                _Z11StartUpInitv
 .text._Z4Beepj
                0x0000012e       0x16 main.o
                0x0000012e                _Z4Beepj
 .text.startup.main
                0x00000144      0x106 main.o
                0x00000144                main
 .text._Z13DelayMicroSech
                0x0000024a       0x14 src/CsDelay.o
                0x0000024a                _Z13DelayMicroSech
 .text._Z12DelayMiliSecj
                0x0000025e       0x24 src/CsDelay.o
                0x0000025e                _Z12DelayMiliSecj
 .text._Z20InitCurrentSensorADCv
                0x00000282       0x16 src/cs_adc.o
                0x00000282                _Z20InitCurrentSensorADCv
 .text._Z14InitVoltageADCv
                0x00000298       0x16 src/cs_adc.o
                0x00000298                _Z14InitVoltageADCv
 .text._Z24InitTemperatureSensorADCv
                0x000002ae       0x16 src/cs_adc.o
                0x000002ae                _Z24InitTemperatureSensorADCv
 .text._Z18StartAdcConversionv
                0x000002c4       0x1a src/cs_adc.o
                0x000002c4                _Z18StartAdcConversionv
 .text.GetVoltageAdcValueInMv
                0x000002de       0x7c src/cs_adc.o
                0x000002de                GetVoltageAdcValueInMv
 .text.GetCurrentAdcInMa
                0x0000035a       0x7c src/cs_adc.o
                0x0000035a                GetCurrentAdcInMa
 .text.GetTemperatureAdcInDegrees
                0x000003d6       0xc0 src/cs_adc.o
                0x000003d6                GetTemperatureAdcInDegrees
 .text._ZN7LedLamp13LedLampStatusC2Ev
                0x00000496        0x6 src/LedLampStatus.o
                0x00000496                _ZN7LedLamp13LedLampStatusC2Ev
                0x00000496                _ZN7LedLamp13LedLampStatusC1Ev
 .text._ZNK7LedLamp13LedLampStatus17IsOverTemperatureEv
                0x0000049c        0x8 src/LedLampStatus.o
                0x0000049c                _ZNK7LedLamp13LedLampStatus17IsOverTemperatureEv
 .text._ZN7LedLamp13LedLampStatus18SetOverTemperatureEb
                0x000004a4       0x12 src/LedLampStatus.o
                0x000004a4                _ZN7LedLamp13LedLampStatus18SetOverTemperatureEb
 .text._ZNK7LedLamp13LedLampStatus12IsLowBatteryEv
                0x000004b6        0xc src/LedLampStatus.o
                0x000004b6                _ZNK7LedLamp13LedLampStatus12IsLowBatteryEv
 .text._ZN7LedLamp13LedLampStatus13SetLowBatteryEb
                0x000004c2       0x12 src/LedLampStatus.o
                0x000004c2                _ZN7LedLamp13LedLampStatus13SetLowBatteryEb
 .text._ZN7LedLamp13LedLampStatus20SetLowBatteryWarningEb
                0x000004d4       0x12 src/LedLampStatus.o
                0x000004d4                _ZN7LedLamp13LedLampStatus20SetLowBatteryWarningEb
 .text._ZNK7LedLamp13LedLampStatus7IsKeyONEv
                0x000004e6        0xc src/LedLampStatus.o
                0x000004e6                _ZNK7LedLamp13LedLampStatus7IsKeyONEv
 .text._ZN7LedLamp13LedLampStatus8SetKeyONEb
                0x000004f2       0x12 src/LedLampStatus.o
                0x000004f2                _ZN7LedLamp13LedLampStatus8SetKeyONEb
 .text._ZN7LedLamp13LedLampStatus12SetPrevKeyONEb
                0x00000504       0x12 src/LedLampStatus.o
                0x00000504                _ZN7LedLamp13LedLampStatus12SetPrevKeyONEb
 .text._Z8BuzzerOnv
                0x00000516       0x14 src/LedsControl.o
                0x00000516                _Z8BuzzerOnv
 .text._Z9BuzzerOffv
                0x0000052a       0x14 src/LedsControl.o
                0x0000052a                _Z9BuzzerOffv
 .text._Z18AddChargeVoltageOnv
                0x0000053e       0x14 src/LedsControl.o
                0x0000053e                _Z18AddChargeVoltageOnv
 .text._Z19AddChargeVoltageOffv
                0x00000552       0x14 src/LedsControl.o
                0x00000552                _Z19AddChargeVoltageOffv
 .text._Z12ConverterOffv
                0x00000566       0x14 src/LedsControl.o
                0x00000566                _Z12ConverterOffv
 .text._Z21SenseBatteryVoltageOnv
                0x0000057a       0x14 src/LedsControl.o
                0x0000057a                _Z21SenseBatteryVoltageOnv
 .text._Z22SenseBatteryVoltageOffv
                0x0000058e       0x14 src/LedsControl.o
                0x0000058e                _Z22SenseBatteryVoltageOffv
 .text._Z16LedVoltGreen2Offv
                0x000005a2       0x14 src/LedsControl.o
                0x000005a2                _Z16LedVoltGreen2Offv
 .text._Z16LedVoltGreen1Offv
                0x000005b6       0x14 src/LedsControl.o
                0x000005b6                _Z16LedVoltGreen1Offv
 .text._Z16LedVoltYellowOffv
                0x000005ca       0x14 src/LedsControl.o
                0x000005ca                _Z16LedVoltYellowOffv
 .text._Z13LedVoltRedOffv
                0x000005de       0x14 src/LedsControl.o
                0x000005de                _Z13LedVoltRedOffv
 .text._Z16LedCurrGreen2Offv
                0x000005f2       0x14 src/LedsControl.o
                0x000005f2                _Z16LedCurrGreen2Offv
 .text._Z16LedCurrGreen1Offv
                0x00000606       0x14 src/LedsControl.o
                0x00000606                _Z16LedCurrGreen1Offv
 .text._Z16LedCurrYellowOffv
                0x0000061a       0x14 src/LedsControl.o
                0x0000061a                _Z16LedCurrYellowOffv
 .text._Z13LedCurrRedOffv
                0x0000062e       0x14 src/LedsControl.o
                0x0000062e                _Z13LedCurrRedOffv
 .text._Z10AllLedsOffv
                0x00000642       0x10 src/LedsControl.o
                0x00000642                _Z10AllLedsOffv
 .text._Z11ClearLedSckv
                0x00000652        0x4 src/LedsControl.o
                0x00000652                _Z11ClearLedSckv
 .text._Z21SendShiftRegisterWordj
                0x00000656       0x36 src/LedsControl.o
                0x00000656                _Z21SendShiftRegisterWordj
 .text._Z12ShiftRegInitv
                0x0000068c       0x10 src/LedsControl.o
                0x0000068c                _Z12ShiftRegInitv
 .text._Z12ShiftRegPushv
                0x0000069c        0xa src/LedsControl.o
                0x0000069c                _Z12ShiftRegPushv
 .text.GetTempSensorTableSize
                0x000006a6        0x4 C:\__myworkspace\ColomboProjects\12_to_200V_inverter\sw\Inverter12to200\DataStorageRawC\Release\libDataStorageRawC.a(TempSensorTable.o)
                0x000006a6                GetTempSensorTableSize
 .text.GetTempSensorTableAdcValue
                0x000006aa       0x14 C:\__myworkspace\ColomboProjects\12_to_200V_inverter\sw\Inverter12to200\DataStorageRawC\Release\libDataStorageRawC.a(TempSensorTable.o)
                0x000006aa                GetTempSensorTableAdcValue
 .text.GetTempSensorTableTemperatureValue
                0x000006be       0x12 C:\__myworkspace\ColomboProjects\12_to_200V_inverter\sw\Inverter12to200\DataStorageRawC\Release\libDataStorageRawC.a(TempSensorTable.o)
                0x000006be                GetTempSensorTableTemperatureValue
 .text.libgcc.mul
                0x000006d0       0x22 c:/program files (x86)/atmel/studio/7.0/toolchain/avr8/avr8-gnu-toolchain/bin/../lib/gcc/avr/5.4.0/avr25\libgcc.a(_mulhi3.o)
                0x000006d0                __mulhi3
 .text.libgcc.mul
                0x000006f2       0x32 c:/program files (x86)/atmel/studio/7.0/toolchain/avr8/avr8-gnu-toolchain/bin/../lib/gcc/avr/5.4.0/avr25\libgcc.a(_mulsi3.o)
                0x000006f2                __mulsi3
                0x000006f6                __mulsi3_helper
 .text.libgcc.div
                0x00000724       0x28 c:/program files (x86)/atmel/studio/7.0/toolchain/avr8/avr8-gnu-toolchain/bin/../lib/gcc/avr/5.4.0/avr25\libgcc.a(_udivmodhi4.o)
                0x00000724                __udivmodhi4
 .text.libgcc.div
                0x0000074c       0x44 c:/program files (x86)/atmel/studio/7.0/toolchain/avr8/avr8-gnu-toolchain/bin/../lib/gcc/avr/5.4.0/avr25\libgcc.a(_udivmodsi4.o)
                0x0000074c                __udivmodsi4
                0x00000790                . = ALIGN (0x2)
 *(.fini9)
 .fini9         0x00000790        0x0 c:/program files (x86)/atmel/studio/7.0/toolchain/avr8/avr8-gnu-toolchain/bin/../lib/gcc/avr/5.4.0/avr25\libgcc.a(_exit.o)
                0x00000790                _exit
                0x00000790                exit
 *(.fini9)
 *(.fini8)
 *(.fini8)
 *(.fini7)
 *(.fini7)
 *(.fini6)
 *(.fini6)
 *(.fini5)
 *(.fini5)
 *(.fini4)
 *(.fini4)
 *(.fini3)
 *(.fini3)
 *(.fini2)
 *(.fini2)
 *(.fini1)
 *(.fini1)
 *(.fini0)
 .fini0         0x00000790        0x4 c:/program files (x86)/atmel/studio/7.0/toolchain/avr8/avr8-gnu-toolchain/bin/../lib/gcc/avr/5.4.0/avr25\libgcc.a(_exit.o)
 *(.fini0)
                0x00000794                _etext = .

.data           0x00800060        0x0 load address 0x00000794
                [!provide]                PROVIDE (__data_start, .)
 *(.data)
 *(.data*)
 *(.gnu.linkonce.d*)
 *(.rodata)
 *(.rodata*)
 *(.gnu.linkonce.r*)
                0x00800060                . = ALIGN (0x2)
                0x00800060                _edata = .
                [!provide]                PROVIDE (__data_end, .)

.bss            0x00800060        0x2
                0x00800060                PROVIDE (__bss_start, .)
 *(.bss)
 *(.bss*)
 .bss.g_shiftRegCodeWord
                0x00800060        0x2 src/LedsControl.o
                0x00800060                g_shiftRegCodeWord
 *(COMMON)
                0x00800062                PROVIDE (__bss_end, .)
                0x00000794                __data_load_start = LOADADDR (.data)
                0x00000794                __data_load_end = (__data_load_start + SIZEOF (.data))

.noinit         0x00800062        0x0
                [!provide]                PROVIDE (__noinit_start, .)
 *(.noinit*)
                [!provide]                PROVIDE (__noinit_end, .)
                0x00800062                _end = .
                [!provide]                PROVIDE (__heap_start, .)

.eeprom         0x00810000        0x0
 *(.eeprom*)
                0x00810000                __eeprom_end = .

.fuse
 *(.fuse)
 *(.lfuse)
 *(.hfuse)
 *(.efuse)

.lock
 *(.lock*)

.signature
 *(.signature*)

.user_signatures
 *(.user_signatures*)

.stab
 *(.stab)

.stabstr
 *(.stabstr)

.stab.excl
 *(.stab.excl)

.stab.exclstr
 *(.stab.exclstr)

.stab.index
 *(.stab.index)

.stab.indexstr
 *(.stab.indexstr)

.comment        0x00000000       0x30
 *(.comment)
 .comment       0x00000000       0x30 main.o
                                 0x31 (size before relaxing)
 .comment       0x00000030       0x31 src/CsDelay.o
 .comment       0x00000030       0x31 src/cs_adc.o
 .comment       0x00000030       0x31 src/LedLampStatus.o
 .comment       0x00000030       0x31 src/LedsControl.o
 .comment       0x00000030       0x31 C:\__myworkspace\ColomboProjects\12_to_200V_inverter\sw\Inverter12to200\DataStorageRawC\Release\libDataStorageRawC.a(TempSensorTable.o)

.note.gnu.avr.deviceinfo
                0x00000000       0x3c
 .note.gnu.avr.deviceinfo
                0x00000000       0x3c C:/Program Files (x86)/Atmel/Studio/7.0/Packs/atmel/ATtiny_DFP/1.10.348/gcc/dev/attiny45/avr25/crtattiny45.o

.note.gnu.build-id
 *(.note.gnu.build-id)

.debug
 *(.debug)

.line
 *(.line)

.debug_srcinfo
 *(.debug_srcinfo)

.debug_sfnames
 *(.debug_sfnames)

.debug_aranges
 *(.debug_aranges)

.debug_pubnames
 *(.debug_pubnames)

.debug_info     0x00000000      0x420
 *(.debug_info .gnu.linkonce.wi.*)
 .debug_info    0x00000000      0x420 C:/Program Files (x86)/Atmel/Studio/7.0/Packs/atmel/ATtiny_DFP/1.10.348/gcc/dev/attiny45/avr25/crtattiny45.o

.debug_abbrev   0x00000000      0x3e8
 *(.debug_abbrev)
 .debug_abbrev  0x00000000      0x3e8 C:/Program Files (x86)/Atmel/Studio/7.0/Packs/atmel/ATtiny_DFP/1.10.348/gcc/dev/attiny45/avr25/crtattiny45.o

.debug_line     0x00000000       0xf2
 *(.debug_line .debug_line.* .debug_line_end)
 .debug_line    0x00000000       0xf2 C:/Program Files (x86)/Atmel/Studio/7.0/Packs/atmel/ATtiny_DFP/1.10.348/gcc/dev/attiny45/avr25/crtattiny45.o

.debug_frame
 *(.debug_frame)

.debug_str      0x00000000      0x169
 *(.debug_str)
 .debug_str     0x00000000      0x169 C:/Program Files (x86)/Atmel/Studio/7.0/Packs/atmel/ATtiny_DFP/1.10.348/gcc/dev/attiny45/avr25/crtattiny45.o

.debug_loc
 *(.debug_loc)

.debug_macinfo
 *(.debug_macinfo)

.debug_weaknames
 *(.debug_weaknames)

.debug_funcnames
 *(.debug_funcnames)

.debug_typenames
 *(.debug_typenames)

.debug_varnames
 *(.debug_varnames)

.debug_pubtypes
 *(.debug_pubtypes)

.debug_ranges
 *(.debug_ranges)

.debug_macro
 *(.debug_macro)
OUTPUT(BatteryLampInverterController.elf elf32-avr)
LOAD linker stubs
