Archive member included to satisfy reference by file (symbol)

C:\__myworkspace\ColomboProjects\12_to_200V_inverter\sw\Inverter12to200\DataStorageRawC\Release\libDataStorageRawC.a(IndicatorsTable.o)
                              main.o (GetVoltageLevelsTableSize)
C:\__myworkspace\ColomboProjects\12_to_200V_inverter\sw\Inverter12to200\DataStorageRawC\Release\libDataStorageRawC.a(TempSensorTable.o)
                              src/cs_adc.o (GetTempSensorTableSize)
c:/program files (x86)/atmel/studio/7.0/toolchain/avr8/avr8-gnu-toolchain/bin/../lib/gcc/avr/5.4.0/avr25\libgcc.a(_mulqi3.o)
                              main.o (__mulqi3)
c:/program files (x86)/atmel/studio/7.0/toolchain/avr8/avr8-gnu-toolchain/bin/../lib/gcc/avr/5.4.0/avr25\libgcc.a(_mulhi3.o)
                              src/cs_adc.o (__mulhi3)
c:/program files (x86)/atmel/studio/7.0/toolchain/avr8/avr8-gnu-toolchain/bin/../lib/gcc/avr/5.4.0/avr25\libgcc.a(_mulsi3.o)
                              src/cs_adc.o (__mulsi3)
c:/program files (x86)/atmel/studio/7.0/toolchain/avr8/avr8-gnu-toolchain/bin/../lib/gcc/avr/5.4.0/avr25\libgcc.a(_udivmodhi4.o)
                              src/cs_adc.o (__udivmodhi4)
c:/program files (x86)/atmel/studio/7.0/toolchain/avr8/avr8-gnu-toolchain/bin/../lib/gcc/avr/5.4.0/avr25\libgcc.a(_udivmodsi4.o)
                              src/cs_adc.o (__udivmodsi4)
c:/program files (x86)/atmel/studio/7.0/toolchain/avr8/avr8-gnu-toolchain/bin/../lib/gcc/avr/5.4.0/avr25\libgcc.a(_exit.o)
                              C:/Program Files (x86)/Atmel/Studio/7.0/Packs/atmel/ATtiny_DFP/1.10.348/gcc/dev/attiny45/avr25/crtattiny45.o (exit)
c:/program files (x86)/atmel/studio/7.0/toolchain/avr8/avr8-gnu-toolchain/bin/../lib/gcc/avr/5.4.0/avr25\libgcc.a(_copy_data.o)
                              main.o (__do_copy_data)
c:/program files (x86)/atmel/studio/7.0/toolchain/avr8/avr8-gnu-toolchain/bin/../lib/gcc/avr/5.4.0/avr25\libgcc.a(_clear_bss.o)
                              main.o (__do_clear_bss)
c:/program files (x86)/atmel/studio/7.0/toolchain/avr8/avr8-gnu-toolchain/bin/../lib/gcc/avr/5.4.0/avr25\libgcc.a(_ctors.o)
                              main.o (__do_global_ctors)
c:/program files (x86)/atmel/studio/7.0/toolchain/avr8/avr8-gnu-toolchain/bin/../lib/gcc/avr/5.4.0/avr25\libgcc.a(_tablejump2.o)
                              c:/program files (x86)/atmel/studio/7.0/toolchain/avr8/avr8-gnu-toolchain/bin/../lib/gcc/avr/5.4.0/avr25\libgcc.a(_ctors.o) (__tablejump2__)

Discarded input sections

 .data          0x00000000        0x0 C:/Program Files (x86)/Atmel/Studio/7.0/Packs/atmel/ATtiny_DFP/1.10.348/gcc/dev/attiny45/avr25/crtattiny45.o
 .bss           0x00000000        0x0 C:/Program Files (x86)/Atmel/Studio/7.0/Packs/atmel/ATtiny_DFP/1.10.348/gcc/dev/attiny45/avr25/crtattiny45.o
 .group         0x00000000        0x8 main.o
 .group         0x00000000        0x8 main.o
 .group         0x00000000        0x8 main.o
 .group         0x00000000        0x8 main.o
 .text          0x00000000        0x0 main.o
 .data          0x00000000        0x0 main.o
 .bss           0x00000000        0x0 main.o
 .text          0x00000000        0x0 src/CsDelay.o
 .data          0x00000000        0x0 src/CsDelay.o
 .bss           0x00000000        0x0 src/CsDelay.o
 .text          0x00000000        0x0 src/cs_adc.o
 .data          0x00000000        0x0 src/cs_adc.o
 .bss           0x00000000        0x0 src/cs_adc.o
 .group         0x00000000        0x8 src/DebugSwUart.o
 .group         0x00000000        0x8 src/DebugSwUart.o
 .text          0x00000000        0x0 src/DebugSwUart.o
 .data          0x00000000        0x0 src/DebugSwUart.o
 .bss           0x00000000        0x0 src/DebugSwUart.o
 .text._Z5SetTxv
                0x00000000        0x4 src/DebugSwUart.o
 .text._Z5ClrTxv
                0x00000000        0x4 src/DebugSwUart.o
 .text._Z17SwUartOneBitDelayv
                0x00000000       0x26 src/DebugSwUart.o
 .text._Z9SetOsccalh
                0x00000000       0x2c src/DebugSwUart.o
 .text._Z10SwUartInith
                0x00000000       0x14 src/DebugSwUart.o
 .text._Z14SwUartSendByteh
                0x00000000       0x2a src/DebugSwUart.o
 .text._Z28SwUartTestFrequencyPrecisionv
                0x00000000       0x14 src/DebugSwUart.o
 .text._Z17SwUartPrintStringPc
                0x00000000       0x16 src/DebugSwUart.o
 .text._Z15SwUartPrintWordj
                0x00000000       0x90 src/DebugSwUart.o
 .text._Z15SwUartPrintLongm
                0x00000000       0xb0 src/DebugSwUart.o
 .text._Z15SwUartPrintByteh
                0x00000000        0x4 src/DebugSwUart.o
 .bss.g_swUartBaudrate
                0x00000000        0x1 src/DebugSwUart.o
 .comment       0x00000000       0x31 src/DebugSwUart.o
 .text          0x00000000        0x0 src/LedLampStatus.o
 .data          0x00000000        0x0 src/LedLampStatus.o
 .bss           0x00000000        0x0 src/LedLampStatus.o
 .text._ZNK7LedLamp13LedLampStatus13IsConverterOnEv
                0x00000000        0xa src/LedLampStatus.o
 .text._ZN7LedLamp13LedLampStatus14SetConverterOnEb
                0x00000000       0x12 src/LedLampStatus.o
 .text._ZNK7LedLamp13LedLampStatus19IsLowBatteryWarningEv
                0x00000000        0xc src/LedLampStatus.o
 .text._ZNK7LedLamp13LedLampStatus11IsPrevKeyONEv
                0x00000000        0xc src/LedLampStatus.o
 .group         0x00000000        0x8 src/LedsControl.o
 .text          0x00000000        0x0 src/LedsControl.o
 .data          0x00000000        0x0 src/LedsControl.o
 .bss           0x00000000        0x0 src/LedsControl.o
 .text._Z11ConverterOnv
                0x00000000       0x14 src/LedsControl.o
 .text._Z16SetLedCurrGreen2b
                0x00000000       0x1c src/LedsControl.o
 .text._Z16SetLedCurrGreen1b
                0x00000000       0x1c src/LedsControl.o
 .text._Z16SetLedCurrYellowb
                0x00000000       0x1c src/LedsControl.o
 .text._Z13SetLedCurrRedb
                0x00000000       0x1c src/LedsControl.o
 .text._Z15LedVoltGreen2Onv
                0x00000000       0x14 src/LedsControl.o
 .text._Z15LedVoltGreen1Onv
                0x00000000       0x14 src/LedsControl.o
 .text._Z15LedVoltYellowOnv
                0x00000000       0x14 src/LedsControl.o
 .text._Z12LedVoltRedOnv
                0x00000000       0x14 src/LedsControl.o
 .text._Z15LedCurrGreen2Onv
                0x00000000       0x14 src/LedsControl.o
 .text._Z15LedCurrGreen1Onv
                0x00000000       0x14 src/LedsControl.o
 .text._Z15LedCurrYellowOnv
                0x00000000       0x14 src/LedsControl.o
 .text._Z12LedCurrRedOnv
                0x00000000       0x14 src/LedsControl.o
 .text          0x00000000        0x0 src/my_debug.o
 .data          0x00000000        0x0 src/my_debug.o
 .bss           0x00000000        0x0 src/my_debug.o
 .text._Z22DelayDebugMicrosecondsh
                0x00000000       0x1a src/my_debug.o
 .text._Z21DelayDebugMiliSecondsh
                0x00000000       0x24 src/my_debug.o
 .text._Z6Markerh
                0x00000000       0x1c src/my_debug.o
 .text._Z18ShowDebug8bitValueh
                0x00000000       0x2e src/my_debug.o
 .text._Z19ShowDebug16bitValuej
                0x00000000       0x44 src/my_debug.o
 .comment       0x00000000       0x31 src/my_debug.o
 .text          0x00000000        0x0 C:\__myworkspace\ColomboProjects\12_to_200V_inverter\sw\Inverter12to200\DataStorageRawC\Release\libDataStorageRawC.a(IndicatorsTable.o)
 .data          0x00000000        0x0 C:\__myworkspace\ColomboProjects\12_to_200V_inverter\sw\Inverter12to200\DataStorageRawC\Release\libDataStorageRawC.a(IndicatorsTable.o)
 .bss           0x00000000        0x0 C:\__myworkspace\ColomboProjects\12_to_200V_inverter\sw\Inverter12to200\DataStorageRawC\Release\libDataStorageRawC.a(IndicatorsTable.o)
 .text.GetCurrentLevelsTableSize
                0x00000000        0x4 C:\__myworkspace\ColomboProjects\12_to_200V_inverter\sw\Inverter12to200\DataStorageRawC\Release\libDataStorageRawC.a(IndicatorsTable.o)
 .text.GetCurrentLevelTableValue
                0x00000000       0x12 C:\__myworkspace\ColomboProjects\12_to_200V_inverter\sw\Inverter12to200\DataStorageRawC\Release\libDataStorageRawC.a(IndicatorsTable.o)
 .text.GetLedFlashingTableSize
                0x00000000        0x4 C:\__myworkspace\ColomboProjects\12_to_200V_inverter\sw\Inverter12to200\DataStorageRawC\Release\libDataStorageRawC.a(IndicatorsTable.o)
 .progmem.data.CurrentLevelsTable
                0x00000000       0x18 C:\__myworkspace\ColomboProjects\12_to_200V_inverter\sw\Inverter12to200\DataStorageRawC\Release\libDataStorageRawC.a(IndicatorsTable.o)
 .text          0x00000000        0x0 C:\__myworkspace\ColomboProjects\12_to_200V_inverter\sw\Inverter12to200\DataStorageRawC\Release\libDataStorageRawC.a(TempSensorTable.o)
 .data          0x00000000        0x0 C:\__myworkspace\ColomboProjects\12_to_200V_inverter\sw\Inverter12to200\DataStorageRawC\Release\libDataStorageRawC.a(TempSensorTable.o)
 .bss           0x00000000        0x0 C:\__myworkspace\ColomboProjects\12_to_200V_inverter\sw\Inverter12to200\DataStorageRawC\Release\libDataStorageRawC.a(TempSensorTable.o)
 .text          0x00000000        0x0 c:/program files (x86)/atmel/studio/7.0/toolchain/avr8/avr8-gnu-toolchain/bin/../lib/gcc/avr/5.4.0/avr25\libgcc.a(_mulqi3.o)
 .data          0x00000000        0x0 c:/program files (x86)/atmel/studio/7.0/toolchain/avr8/avr8-gnu-toolchain/bin/../lib/gcc/avr/5.4.0/avr25\libgcc.a(_mulqi3.o)
 .bss           0x00000000        0x0 c:/program files (x86)/atmel/studio/7.0/toolchain/avr8/avr8-gnu-toolchain/bin/../lib/gcc/avr/5.4.0/avr25\libgcc.a(_mulqi3.o)
 .text.libgcc.div
                0x00000000        0x0 c:/program files (x86)/atmel/studio/7.0/toolchain/avr8/avr8-gnu-toolchain/bin/../lib/gcc/avr/5.4.0/avr25\libgcc.a(_mulqi3.o)
 .text.libgcc   0x00000000        0x0 c:/program files (x86)/atmel/studio/7.0/toolchain/avr8/avr8-gnu-toolchain/bin/../lib/gcc/avr/5.4.0/avr25\libgcc.a(_mulqi3.o)
 .text.libgcc.prologue
                0x00000000        0x0 c:/program files (x86)/atmel/studio/7.0/toolchain/avr8/avr8-gnu-toolchain/bin/../lib/gcc/avr/5.4.0/avr25\libgcc.a(_mulqi3.o)
 .text.libgcc.builtins
                0x00000000        0x0 c:/program files (x86)/atmel/studio/7.0/toolchain/avr8/avr8-gnu-toolchain/bin/../lib/gcc/avr/5.4.0/avr25\libgcc.a(_mulqi3.o)
 .text.libgcc.fmul
                0x00000000        0x0 c:/program files (x86)/atmel/studio/7.0/toolchain/avr8/avr8-gnu-toolchain/bin/../lib/gcc/avr/5.4.0/avr25\libgcc.a(_mulqi3.o)
 .text.libgcc.fixed
                0x00000000        0x0 c:/program files (x86)/atmel/studio/7.0/toolchain/avr8/avr8-gnu-toolchain/bin/../lib/gcc/avr/5.4.0/avr25\libgcc.a(_mulqi3.o)
 .text          0x00000000        0x0 c:/program files (x86)/atmel/studio/7.0/toolchain/avr8/avr8-gnu-toolchain/bin/../lib/gcc/avr/5.4.0/avr25\libgcc.a(_mulhi3.o)
 .data          0x00000000        0x0 c:/program files (x86)/atmel/studio/7.0/toolchain/avr8/avr8-gnu-toolchain/bin/../lib/gcc/avr/5.4.0/avr25\libgcc.a(_mulhi3.o)
 .bss           0x00000000        0x0 c:/program files (x86)/atmel/studio/7.0/toolchain/avr8/avr8-gnu-toolchain/bin/../lib/gcc/avr/5.4.0/avr25\libgcc.a(_mulhi3.o)
 .text.libgcc.div
                0x00000000        0x0 c:/program files (x86)/atmel/studio/7.0/toolchain/avr8/avr8-gnu-toolchain/bin/../lib/gcc/avr/5.4.0/avr25\libgcc.a(_mulhi3.o)
 .text.libgcc   0x00000000        0x0 c:/program files (x86)/atmel/studio/7.0/toolchain/avr8/avr8-gnu-toolchain/bin/../lib/gcc/avr/5.4.0/avr25\libgcc.a(_mulhi3.o)
 .text.libgcc.prologue
                0x00000000        0x0 c:/program files (x86)/atmel/studio/7.0/toolchain/avr8/avr8-gnu-toolchain/bin/../lib/gcc/avr/5.4.0/avr25\libgcc.a(_mulhi3.o)
 .text.libgcc.builtins
                0x00000000        0x0 c:/program files (x86)/atmel/studio/7.0/toolchain/avr8/avr8-gnu-toolchain/bin/../lib/gcc/avr/5.4.0/avr25\libgcc.a(_mulhi3.o)
 .text.libgcc.fmul
                0x00000000        0x0 c:/program files (x86)/atmel/studio/7.0/toolchain/avr8/avr8-gnu-toolchain/bin/../lib/gcc/avr/5.4.0/avr25\libgcc.a(_mulhi3.o)
 .text.libgcc.fixed
                0x00000000        0x0 c:/program files (x86)/atmel/studio/7.0/toolchain/avr8/avr8-gnu-toolchain/bin/../lib/gcc/avr/5.4.0/avr25\libgcc.a(_mulhi3.o)
 .text          0x00000000        0x0 c:/program files (x86)/atmel/studio/7.0/toolchain/avr8/avr8-gnu-toolchain/bin/../lib/gcc/avr/5.4.0/avr25\libgcc.a(_mulsi3.o)
 .data          0x00000000        0x0 c:/program files (x86)/atmel/studio/7.0/toolchain/avr8/avr8-gnu-toolchain/bin/../lib/gcc/avr/5.4.0/avr25\libgcc.a(_mulsi3.o)
 .bss           0x00000000        0x0 c:/program files (x86)/atmel/studio/7.0/toolchain/avr8/avr8-gnu-toolchain/bin/../lib/gcc/avr/5.4.0/avr25\libgcc.a(_mulsi3.o)
 .text.libgcc.div
                0x00000000        0x0 c:/program files (x86)/atmel/studio/7.0/toolchain/avr8/avr8-gnu-toolchain/bin/../lib/gcc/avr/5.4.0/avr25\libgcc.a(_mulsi3.o)
 .text.libgcc   0x00000000        0x0 c:/program files (x86)/atmel/studio/7.0/toolchain/avr8/avr8-gnu-toolchain/bin/../lib/gcc/avr/5.4.0/avr25\libgcc.a(_mulsi3.o)
 .text.libgcc.prologue
                0x00000000        0x0 c:/program files (x86)/atmel/studio/7.0/toolchain/avr8/avr8-gnu-toolchain/bin/../lib/gcc/avr/5.4.0/avr25\libgcc.a(_mulsi3.o)
 .text.libgcc.builtins
                0x00000000        0x0 c:/program files (x86)/atmel/studio/7.0/toolchain/avr8/avr8-gnu-toolchain/bin/../lib/gcc/avr/5.4.0/avr25\libgcc.a(_mulsi3.o)
 .text.libgcc.fmul
                0x00000000        0x0 c:/program files (x86)/atmel/studio/7.0/toolchain/avr8/avr8-gnu-toolchain/bin/../lib/gcc/avr/5.4.0/avr25\libgcc.a(_mulsi3.o)
 .text.libgcc.fixed
                0x00000000        0x0 c:/program files (x86)/atmel/studio/7.0/toolchain/avr8/avr8-gnu-toolchain/bin/../lib/gcc/avr/5.4.0/avr25\libgcc.a(_mulsi3.o)
 .text          0x00000000        0x0 c:/program files (x86)/atmel/studio/7.0/toolchain/avr8/avr8-gnu-toolchain/bin/../lib/gcc/avr/5.4.0/avr25\libgcc.a(_udivmodhi4.o)
 .data          0x00000000        0x0 c:/program files (x86)/atmel/studio/7.0/toolchain/avr8/avr8-gnu-toolchain/bin/../lib/gcc/avr/5.4.0/avr25\libgcc.a(_udivmodhi4.o)
 .bss           0x00000000        0x0 c:/program files (x86)/atmel/studio/7.0/toolchain/avr8/avr8-gnu-toolchain/bin/../lib/gcc/avr/5.4.0/avr25\libgcc.a(_udivmodhi4.o)
 .text.libgcc.mul
                0x00000000        0x0 c:/program files (x86)/atmel/studio/7.0/toolchain/avr8/avr8-gnu-toolchain/bin/../lib/gcc/avr/5.4.0/avr25\libgcc.a(_udivmodhi4.o)
 .text.libgcc   0x00000000        0x0 c:/program files (x86)/atmel/studio/7.0/toolchain/avr8/avr8-gnu-toolchain/bin/../lib/gcc/avr/5.4.0/avr25\libgcc.a(_udivmodhi4.o)
 .text.libgcc.prologue
                0x00000000        0x0 c:/program files (x86)/atmel/studio/7.0/toolchain/avr8/avr8-gnu-toolchain/bin/../lib/gcc/avr/5.4.0/avr25\libgcc.a(_udivmodhi4.o)
 .text.libgcc.builtins
                0x00000000        0x0 c:/program files (x86)/atmel/studio/7.0/toolchain/avr8/avr8-gnu-toolchain/bin/../lib/gcc/avr/5.4.0/avr25\libgcc.a(_udivmodhi4.o)
 .text.libgcc.fmul
                0x00000000        0x0 c:/program files (x86)/atmel/studio/7.0/toolchain/avr8/avr8-gnu-toolchain/bin/../lib/gcc/avr/5.4.0/avr25\libgcc.a(_udivmodhi4.o)
 .text.libgcc.fixed
                0x00000000        0x0 c:/program files (x86)/atmel/studio/7.0/toolchain/avr8/avr8-gnu-toolchain/bin/../lib/gcc/avr/5.4.0/avr25\libgcc.a(_udivmodhi4.o)
 .text          0x00000000        0x0 c:/program files (x86)/atmel/studio/7.0/toolchain/avr8/avr8-gnu-toolchain/bin/../lib/gcc/avr/5.4.0/avr25\libgcc.a(_udivmodsi4.o)
 .data          0x00000000        0x0 c:/program files (x86)/atmel/studio/7.0/toolchain/avr8/avr8-gnu-toolchain/bin/../lib/gcc/avr/5.4.0/avr25\libgcc.a(_udivmodsi4.o)
 .bss           0x00000000        0x0 c:/program files (x86)/atmel/studio/7.0/toolchain/avr8/avr8-gnu-toolchain/bin/../lib/gcc/avr/5.4.0/avr25\libgcc.a(_udivmodsi4.o)
 .text.libgcc.mul
                0x00000000        0x0 c:/program files (x86)/atmel/studio/7.0/toolchain/avr8/avr8-gnu-toolchain/bin/../lib/gcc/avr/5.4.0/avr25\libgcc.a(_udivmodsi4.o)
 .text.libgcc   0x00000000        0x0 c:/program files (x86)/atmel/studio/7.0/toolchain/avr8/avr8-gnu-toolchain/bin/../lib/gcc/avr/5.4.0/avr25\libgcc.a(_udivmodsi4.o)
 .text.libgcc.prologue
                0x00000000        0x0 c:/program files (x86)/atmel/studio/7.0/toolchain/avr8/avr8-gnu-toolchain/bin/../lib/gcc/avr/5.4.0/avr25\libgcc.a(_udivmodsi4.o)
 .text.libgcc.builtins
                0x00000000        0x0 c:/program files (x86)/atmel/studio/7.0/toolchain/avr8/avr8-gnu-toolchain/bin/../lib/gcc/avr/5.4.0/avr25\libgcc.a(_udivmodsi4.o)
 .text.libgcc.fmul
                0x00000000        0x0 c:/program files (x86)/atmel/studio/7.0/toolchain/avr8/avr8-gnu-toolchain/bin/../lib/gcc/avr/5.4.0/avr25\libgcc.a(_udivmodsi4.o)
 .text.libgcc.fixed
                0x00000000        0x0 c:/program files (x86)/atmel/studio/7.0/toolchain/avr8/avr8-gnu-toolchain/bin/../lib/gcc/avr/5.4.0/avr25\libgcc.a(_udivmodsi4.o)
 .text          0x00000000        0x0 c:/program files (x86)/atmel/studio/7.0/toolchain/avr8/avr8-gnu-toolchain/bin/../lib/gcc/avr/5.4.0/avr25\libgcc.a(_exit.o)
 .data          0x00000000        0x0 c:/program files (x86)/atmel/studio/7.0/toolchain/avr8/avr8-gnu-toolchain/bin/../lib/gcc/avr/5.4.0/avr25\libgcc.a(_exit.o)
 .bss           0x00000000        0x0 c:/program files (x86)/atmel/studio/7.0/toolchain/avr8/avr8-gnu-toolchain/bin/../lib/gcc/avr/5.4.0/avr25\libgcc.a(_exit.o)
 .text.libgcc.mul
                0x00000000        0x0 c:/program files (x86)/atmel/studio/7.0/toolchain/avr8/avr8-gnu-toolchain/bin/../lib/gcc/avr/5.4.0/avr25\libgcc.a(_exit.o)
 .text.libgcc.div
                0x00000000        0x0 c:/program files (x86)/atmel/studio/7.0/toolchain/avr8/avr8-gnu-toolchain/bin/../lib/gcc/avr/5.4.0/avr25\libgcc.a(_exit.o)
 .text.libgcc   0x00000000        0x0 c:/program files (x86)/atmel/studio/7.0/toolchain/avr8/avr8-gnu-toolchain/bin/../lib/gcc/avr/5.4.0/avr25\libgcc.a(_exit.o)
 .text.libgcc.prologue
                0x00000000        0x0 c:/program files (x86)/atmel/studio/7.0/toolchain/avr8/avr8-gnu-toolchain/bin/../lib/gcc/avr/5.4.0/avr25\libgcc.a(_exit.o)
 .text.libgcc.builtins
                0x00000000        0x0 c:/program files (x86)/atmel/studio/7.0/toolchain/avr8/avr8-gnu-toolchain/bin/../lib/gcc/avr/5.4.0/avr25\libgcc.a(_exit.o)
 .text.libgcc.fmul
                0x00000000        0x0 c:/program files (x86)/atmel/studio/7.0/toolchain/avr8/avr8-gnu-toolchain/bin/../lib/gcc/avr/5.4.0/avr25\libgcc.a(_exit.o)
 .text.libgcc.fixed
                0x00000000        0x0 c:/program files (x86)/atmel/studio/7.0/toolchain/avr8/avr8-gnu-toolchain/bin/../lib/gcc/avr/5.4.0/avr25\libgcc.a(_exit.o)
 .text          0x00000000        0x0 c:/program files (x86)/atmel/studio/7.0/toolchain/avr8/avr8-gnu-toolchain/bin/../lib/gcc/avr/5.4.0/avr25\libgcc.a(_copy_data.o)
 .data          0x00000000        0x0 c:/program files (x86)/atmel/studio/7.0/toolchain/avr8/avr8-gnu-toolchain/bin/../lib/gcc/avr/5.4.0/avr25\libgcc.a(_copy_data.o)
 .bss           0x00000000        0x0 c:/program files (x86)/atmel/studio/7.0/toolchain/avr8/avr8-gnu-toolchain/bin/../lib/gcc/avr/5.4.0/avr25\libgcc.a(_copy_data.o)
 .text.libgcc.mul
                0x00000000        0x0 c:/program files (x86)/atmel/studio/7.0/toolchain/avr8/avr8-gnu-toolchain/bin/../lib/gcc/avr/5.4.0/avr25\libgcc.a(_copy_data.o)
 .text.libgcc.div
                0x00000000        0x0 c:/program files (x86)/atmel/studio/7.0/toolchain/avr8/avr8-gnu-toolchain/bin/../lib/gcc/avr/5.4.0/avr25\libgcc.a(_copy_data.o)
 .text.libgcc   0x00000000        0x0 c:/program files (x86)/atmel/studio/7.0/toolchain/avr8/avr8-gnu-toolchain/bin/../lib/gcc/avr/5.4.0/avr25\libgcc.a(_copy_data.o)
 .text.libgcc.prologue
                0x00000000        0x0 c:/program files (x86)/atmel/studio/7.0/toolchain/avr8/avr8-gnu-toolchain/bin/../lib/gcc/avr/5.4.0/avr25\libgcc.a(_copy_data.o)
 .text.libgcc.builtins
                0x00000000        0x0 c:/program files (x86)/atmel/studio/7.0/toolchain/avr8/avr8-gnu-toolchain/bin/../lib/gcc/avr/5.4.0/avr25\libgcc.a(_copy_data.o)
 .text.libgcc.fmul
                0x00000000        0x0 c:/program files (x86)/atmel/studio/7.0/toolchain/avr8/avr8-gnu-toolchain/bin/../lib/gcc/avr/5.4.0/avr25\libgcc.a(_copy_data.o)
 .text.libgcc.fixed
                0x00000000        0x0 c:/program files (x86)/atmel/studio/7.0/toolchain/avr8/avr8-gnu-toolchain/bin/../lib/gcc/avr/5.4.0/avr25\libgcc.a(_copy_data.o)
 .text          0x00000000        0x0 c:/program files (x86)/atmel/studio/7.0/toolchain/avr8/avr8-gnu-toolchain/bin/../lib/gcc/avr/5.4.0/avr25\libgcc.a(_clear_bss.o)
 .data          0x00000000        0x0 c:/program files (x86)/atmel/studio/7.0/toolchain/avr8/avr8-gnu-toolchain/bin/../lib/gcc/avr/5.4.0/avr25\libgcc.a(_clear_bss.o)
 .bss           0x00000000        0x0 c:/program files (x86)/atmel/studio/7.0/toolchain/avr8/avr8-gnu-toolchain/bin/../lib/gcc/avr/5.4.0/avr25\libgcc.a(_clear_bss.o)
 .text.libgcc.mul
                0x00000000        0x0 c:/program files (x86)/atmel/studio/7.0/toolchain/avr8/avr8-gnu-toolchain/bin/../lib/gcc/avr/5.4.0/avr25\libgcc.a(_clear_bss.o)
 .text.libgcc.div
                0x00000000        0x0 c:/program files (x86)/atmel/studio/7.0/toolchain/avr8/avr8-gnu-toolchain/bin/../lib/gcc/avr/5.4.0/avr25\libgcc.a(_clear_bss.o)
 .text.libgcc   0x00000000        0x0 c:/program files (x86)/atmel/studio/7.0/toolchain/avr8/avr8-gnu-toolchain/bin/../lib/gcc/avr/5.4.0/avr25\libgcc.a(_clear_bss.o)
 .text.libgcc.prologue
                0x00000000        0x0 c:/program files (x86)/atmel/studio/7.0/toolchain/avr8/avr8-gnu-toolchain/bin/../lib/gcc/avr/5.4.0/avr25\libgcc.a(_clear_bss.o)
 .text.libgcc.builtins
                0x00000000        0x0 c:/program files (x86)/atmel/studio/7.0/toolchain/avr8/avr8-gnu-toolchain/bin/../lib/gcc/avr/5.4.0/avr25\libgcc.a(_clear_bss.o)
 .text.libgcc.fmul
                0x00000000        0x0 c:/program files (x86)/atmel/studio/7.0/toolchain/avr8/avr8-gnu-toolchain/bin/../lib/gcc/avr/5.4.0/avr25\libgcc.a(_clear_bss.o)
 .text.libgcc.fixed
                0x00000000        0x0 c:/program files (x86)/atmel/studio/7.0/toolchain/avr8/avr8-gnu-toolchain/bin/../lib/gcc/avr/5.4.0/avr25\libgcc.a(_clear_bss.o)
 .text          0x00000000        0x0 c:/program files (x86)/atmel/studio/7.0/toolchain/avr8/avr8-gnu-toolchain/bin/../lib/gcc/avr/5.4.0/avr25\libgcc.a(_ctors.o)
 .data          0x00000000        0x0 c:/program files (x86)/atmel/studio/7.0/toolchain/avr8/avr8-gnu-toolchain/bin/../lib/gcc/avr/5.4.0/avr25\libgcc.a(_ctors.o)
 .bss           0x00000000        0x0 c:/program files (x86)/atmel/studio/7.0/toolchain/avr8/avr8-gnu-toolchain/bin/../lib/gcc/avr/5.4.0/avr25\libgcc.a(_ctors.o)
 .text.libgcc.mul
                0x00000000        0x0 c:/program files (x86)/atmel/studio/7.0/toolchain/avr8/avr8-gnu-toolchain/bin/../lib/gcc/avr/5.4.0/avr25\libgcc.a(_ctors.o)
 .text.libgcc.div
                0x00000000        0x0 c:/program files (x86)/atmel/studio/7.0/toolchain/avr8/avr8-gnu-toolchain/bin/../lib/gcc/avr/5.4.0/avr25\libgcc.a(_ctors.o)
 .text.libgcc   0x00000000        0x0 c:/program files (x86)/atmel/studio/7.0/toolchain/avr8/avr8-gnu-toolchain/bin/../lib/gcc/avr/5.4.0/avr25\libgcc.a(_ctors.o)
 .text.libgcc.prologue
                0x00000000        0x0 c:/program files (x86)/atmel/studio/7.0/toolchain/avr8/avr8-gnu-toolchain/bin/../lib/gcc/avr/5.4.0/avr25\libgcc.a(_ctors.o)
 .text.libgcc.builtins
                0x00000000        0x0 c:/program files (x86)/atmel/studio/7.0/toolchain/avr8/avr8-gnu-toolchain/bin/../lib/gcc/avr/5.4.0/avr25\libgcc.a(_ctors.o)
 .text.libgcc.fmul
                0x00000000        0x0 c:/program files (x86)/atmel/studio/7.0/toolchain/avr8/avr8-gnu-toolchain/bin/../lib/gcc/avr/5.4.0/avr25\libgcc.a(_ctors.o)
 .text.libgcc.fixed
                0x00000000        0x0 c:/program files (x86)/atmel/studio/7.0/toolchain/avr8/avr8-gnu-toolchain/bin/../lib/gcc/avr/5.4.0/avr25\libgcc.a(_ctors.o)
 .text          0x00000000        0x0 c:/program files (x86)/atmel/studio/7.0/toolchain/avr8/avr8-gnu-toolchain/bin/../lib/gcc/avr/5.4.0/avr25\libgcc.a(_tablejump2.o)
 .data          0x00000000        0x0 c:/program files (x86)/atmel/studio/7.0/toolchain/avr8/avr8-gnu-toolchain/bin/../lib/gcc/avr/5.4.0/avr25\libgcc.a(_tablejump2.o)
 .bss           0x00000000        0x0 c:/program files (x86)/atmel/studio/7.0/toolchain/avr8/avr8-gnu-toolchain/bin/../lib/gcc/avr/5.4.0/avr25\libgcc.a(_tablejump2.o)
 .text.libgcc.mul
                0x00000000        0x0 c:/program files (x86)/atmel/studio/7.0/toolchain/avr8/avr8-gnu-toolchain/bin/../lib/gcc/avr/5.4.0/avr25\libgcc.a(_tablejump2.o)
 .text.libgcc.div
                0x00000000        0x0 c:/program files (x86)/atmel/studio/7.0/toolchain/avr8/avr8-gnu-toolchain/bin/../lib/gcc/avr/5.4.0/avr25\libgcc.a(_tablejump2.o)
 .text.libgcc.prologue
                0x00000000        0x0 c:/program files (x86)/atmel/studio/7.0/toolchain/avr8/avr8-gnu-toolchain/bin/../lib/gcc/avr/5.4.0/avr25\libgcc.a(_tablejump2.o)
 .text.libgcc.builtins
                0x00000000        0x0 c:/program files (x86)/atmel/studio/7.0/toolchain/avr8/avr8-gnu-toolchain/bin/../lib/gcc/avr/5.4.0/avr25\libgcc.a(_tablejump2.o)
 .text.libgcc.fmul
                0x00000000        0x0 c:/program files (x86)/atmel/studio/7.0/toolchain/avr8/avr8-gnu-toolchain/bin/../lib/gcc/avr/5.4.0/avr25\libgcc.a(_tablejump2.o)
 .text.libgcc.fixed
                0x00000000        0x0 c:/program files (x86)/atmel/studio/7.0/toolchain/avr8/avr8-gnu-toolchain/bin/../lib/gcc/avr/5.4.0/avr25\libgcc.a(_tablejump2.o)

Memory Configuration

Name             Origin             Length             Attributes
text             0x00000000         0x00001000         xr
data             0x00800060         0x00000100         rw !x
eeprom           0x00810000         0x00000100         rw !x
fuse             0x00820000         0x00000003         rw !x
lock             0x00830000         0x00000400         rw !x
signature        0x00840000         0x00000400         rw !x
user_signatures  0x00850000         0x00000400         rw !x
*default*        0x00000000         0xffffffff

Linker script and memory map

LOAD C:/Program Files (x86)/Atmel/Studio/7.0/Packs/atmel/ATtiny_DFP/1.10.348/gcc/dev/attiny45/avr25/crtattiny45.o
LOAD main.o
LOAD src/CsDelay.o
LOAD src/cs_adc.o
LOAD src/DebugSwUart.o
LOAD src/LedLampStatus.o
LOAD src/LedsControl.o
LOAD src/my_debug.o
START GROUP
LOAD c:/program files (x86)/atmel/studio/7.0/toolchain/avr8/avr8-gnu-toolchain/bin/../lib/gcc/avr/5.4.0/../../../../avr/lib/avr25\libm.a
LOAD C:\__myworkspace\ColomboProjects\12_to_200V_inverter\sw\Inverter12to200\DataStorageRawC\Release\libDataStorageRawC.a
END GROUP
LOAD c:/program files (x86)/atmel/studio/7.0/toolchain/avr8/avr8-gnu-toolchain/bin/../lib/gcc/avr/5.4.0/avr25\libgcc.a
LOAD c:/program files (x86)/atmel/studio/7.0/toolchain/avr8/avr8-gnu-toolchain/bin/../lib/gcc/avr/5.4.0/../../../../avr/lib/avr25\libm.a
START GROUP
LOAD c:/program files (x86)/atmel/studio/7.0/toolchain/avr8/avr8-gnu-toolchain/bin/../lib/gcc/avr/5.4.0/avr25\libgcc.a
LOAD c:/program files (x86)/atmel/studio/7.0/toolchain/avr8/avr8-gnu-toolchain/bin/../lib/gcc/avr/5.4.0/../../../../avr/lib/avr25\libm.a
LOAD c:/program files (x86)/atmel/studio/7.0/toolchain/avr8/avr8-gnu-toolchain/bin/../lib/gcc/avr/5.4.0/../../../../avr/lib/avr25\libc.a
LOAD C:/Program Files (x86)/Atmel/Studio/7.0/Packs/atmel/ATtiny_DFP/1.10.348/gcc/dev/attiny45/avr25\libattiny45.a
END GROUP
                0x00000000                __TEXT_REGION_ORIGIN__ = DEFINED (__TEXT_REGION_ORIGIN__)?__TEXT_REGION_ORIGIN__:0x0
                [0x00800060]                __DATA_REGION_ORIGIN__ = DEFINED (__DATA_REGION_ORIGIN__)?__DATA_REGION_ORIGIN__:0x800060
                [0x00001000]                __TEXT_REGION_LENGTH__ = DEFINED (__TEXT_REGION_LENGTH__)?__TEXT_REGION_LENGTH__:0x2000
                [0x00000100]                __DATA_REGION_LENGTH__ = DEFINED (__DATA_REGION_LENGTH__)?__DATA_REGION_LENGTH__:0xffa0
                [0x00000100]                __EEPROM_REGION_LENGTH__ = DEFINED (__EEPROM_REGION_LENGTH__)?__EEPROM_REGION_LENGTH__:0x10000
                [0x00000003]                __FUSE_REGION_LENGTH__ = DEFINED (__FUSE_REGION_LENGTH__)?__FUSE_REGION_LENGTH__:0x400
                0x00000400                __LOCK_REGION_LENGTH__ = DEFINED (__LOCK_REGION_LENGTH__)?__LOCK_REGION_LENGTH__:0x400
                0x00000400                __SIGNATURE_REGION_LENGTH__ = DEFINED (__SIGNATURE_REGION_LENGTH__)?__SIGNATURE_REGION_LENGTH__:0x400
                0x00000400                __USER_SIGNATURE_REGION_LENGTH__ = DEFINED (__USER_SIGNATURE_REGION_LENGTH__)?__USER_SIGNATURE_REGION_LENGTH__:0x400

.hash
 *(.hash)

.dynsym
 *(.dynsym)

.dynstr
 *(.dynstr)

.gnu.version
 *(.gnu.version)

.gnu.version_d
 *(.gnu.version_d)

.gnu.version_r
 *(.gnu.version_r)

.rel.init
 *(.rel.init)

.rela.init
 *(.rela.init)

.rel.text
 *(.rel.text)
 *(.rel.text.*)
 *(.rel.gnu.linkonce.t*)

.rela.text
 *(.rela.text)
 *(.rela.text.*)
 *(.rela.gnu.linkonce.t*)

.rel.fini
 *(.rel.fini)

.rela.fini
 *(.rela.fini)

.rel.rodata
 *(.rel.rodata)
 *(.rel.rodata.*)
 *(.rel.gnu.linkonce.r*)

.rela.rodata
 *(.rela.rodata)
 *(.rela.rodata.*)
 *(.rela.gnu.linkonce.r*)

.rel.data
 *(.rel.data)
 *(.rel.data.*)
 *(.rel.gnu.linkonce.d*)

.rela.data
 *(.rela.data)
 *(.rela.data.*)
 *(.rela.gnu.linkonce.d*)

.rel.ctors
 *(.rel.ctors)

.rela.ctors
 *(.rela.ctors)

.rel.dtors
 *(.rel.dtors)

.rela.dtors
 *(.rela.dtors)

.rel.got
 *(.rel.got)

.rela.got
 *(.rela.got)

.rel.bss
 *(.rel.bss)

.rela.bss
 *(.rela.bss)

.rel.plt
 *(.rel.plt)

.rela.plt
 *(.rela.plt)

.text           0x00000000      0xa30
 *(.vectors)
 .vectors       0x00000000       0x1e C:/Program Files (x86)/Atmel/Studio/7.0/Packs/atmel/ATtiny_DFP/1.10.348/gcc/dev/attiny45/avr25/crtattiny45.o
                0x00000000                __vector_default
                0x00000000                __vectors
 *(.vectors)
 *(.progmem.gcc*)
                0x0000001e                . = ALIGN (0x2)
                0x0000001e                __trampolines_start = .
 *(.trampolines)
 .trampolines   0x0000001e        0x0 linker stubs
 *(.trampolines*)
                0x0000001e                __trampolines_end = .
 *libprintf_flt.a:*(.progmem.data)
 *libc.a:*(.progmem.data)
 *(.progmem*)
 .progmem.data.LedFlashingTable
                0x0000001e       0x27 C:\__myworkspace\ColomboProjects\12_to_200V_inverter\sw\Inverter12to200\DataStorageRawC\Release\libDataStorageRawC.a(IndicatorsTable.o)
                0x0000001e                LedFlashingTable
 .progmem.data.VoltageLevelsTable
                0x00000045       0x18 C:\__myworkspace\ColomboProjects\12_to_200V_inverter\sw\Inverter12to200\DataStorageRawC\Release\libDataStorageRawC.a(IndicatorsTable.o)
                0x00000045                VoltageLevelsTable
 .progmem.data.TempSensorTable
                0x0000005d       0x5a C:\__myworkspace\ColomboProjects\12_to_200V_inverter\sw\Inverter12to200\DataStorageRawC\Release\libDataStorageRawC.a(TempSensorTable.o)
                0x0000005d                TempSensorTable
                0x000000b8                . = ALIGN (0x2)
 *fill*         0x000000b7        0x1 
 *(.jumptables)
 *(.jumptables*)
 *(.lowtext)
 *(.lowtext*)
                0x000000b8                __ctors_start = .
 *(.ctors)
 .ctors         0x000000b8        0x2 main.o
                0x000000ba                __ctors_end = .
                0x000000ba                __dtors_start = .
 *(.dtors)
                0x000000ba                __dtors_end = .
 SORT(*)(.ctors)
 SORT(*)(.dtors)
 *(.init0)
 .init0         0x000000ba        0x0 C:/Program Files (x86)/Atmel/Studio/7.0/Packs/atmel/ATtiny_DFP/1.10.348/gcc/dev/attiny45/avr25/crtattiny45.o
                0x000000ba                __init
 *(.init0)
 *(.init1)
 *(.init1)
 *(.init2)
 .init2         0x000000ba        0xc C:/Program Files (x86)/Atmel/Studio/7.0/Packs/atmel/ATtiny_DFP/1.10.348/gcc/dev/attiny45/avr25/crtattiny45.o
 *(.init2)
 *(.init3)
 *(.init3)
 *(.init4)
 .init4         0x000000c6       0x16 c:/program files (x86)/atmel/studio/7.0/toolchain/avr8/avr8-gnu-toolchain/bin/../lib/gcc/avr/5.4.0/avr25\libgcc.a(_copy_data.o)
                0x000000c6                __do_copy_data
 .init4         0x000000dc       0x10 c:/program files (x86)/atmel/studio/7.0/toolchain/avr8/avr8-gnu-toolchain/bin/../lib/gcc/avr/5.4.0/avr25\libgcc.a(_clear_bss.o)
                0x000000dc                __do_clear_bss
 *(.init4)
 *(.init5)
 *(.init5)
 *(.init6)
 .init6         0x000000ec       0x14 c:/program files (x86)/atmel/studio/7.0/toolchain/avr8/avr8-gnu-toolchain/bin/../lib/gcc/avr/5.4.0/avr25\libgcc.a(_ctors.o)
                0x000000ec                __do_global_ctors
 *(.init6)
 *(.init7)
 *(.init7)
 *(.init8)
 *(.init8)
 *(.init9)
 .init9         0x00000100        0x4 C:/Program Files (x86)/Atmel/Studio/7.0/Packs/atmel/ATtiny_DFP/1.10.348/gcc/dev/attiny45/avr25/crtattiny45.o
 *(.init9)
 *(.text)
 .text          0x00000104        0x2 C:/Program Files (x86)/Atmel/Studio/7.0/Packs/atmel/ATtiny_DFP/1.10.348/gcc/dev/attiny45/avr25/crtattiny45.o
                0x00000104                __vector_1
                0x00000104                __vector_12
                0x00000104                __bad_interrupt
                0x00000104                __vector_6
                0x00000104                __vector_3
                0x00000104                __vector_11
                0x00000104                __vector_13
                0x00000104                __vector_7
                0x00000104                __vector_5
                0x00000104                __vector_4
                0x00000104                __vector_9
                0x00000104                __vector_2
                0x00000104                __vector_8
                0x00000104                __vector_14
                0x00000104                __vector_10
                0x00000106                . = ALIGN (0x2)
 *(.text.*)
 .text._ZN7LedLamp11IndicatorIF6UpdateEv
                0x00000106       0x12 main.o
                0x00000106                _ZN7LedLamp11IndicatorIF6UpdateEv
 .text._ZNK7LedLamp16VoltageIndicator13GetTableValueEh
                0x00000118        0x4 main.o
                0x00000118                _ZNK7LedLamp16VoltageIndicator13GetTableValueEh
 .text._ZNK7LedLamp16VoltageIndicator12GetTableSizeEv
                0x0000011c        0x2 main.o
                0x0000011c                _ZNK7LedLamp16VoltageIndicator12GetTableSizeEv
 .text._Z8IsKeysONv
                0x0000011e       0x30 main.o
                0x0000011e                _Z8IsKeysONv
 .text._Z20StartTimer1DelayInMsj
                0x0000014e       0x3a main.o
                0x0000014e                _Z20StartTimer1DelayInMsj
 .text._Z24IsTimer1DelayInMsElapsedv
                0x00000188       0x14 main.o
                0x00000188                _Z24IsTimer1DelayInMsElapsedv
 .text._Z26WaitTimer1DelayInMsElapsedv
                0x0000019c        0x8 main.o
                0x0000019c                _Z26WaitTimer1DelayInMsElapsedv
 .text._Z11StartUpInitv
                0x000001a4        0xe main.o
                0x000001a4                _Z11StartUpInitv
 .text._Z4Beepj
                0x000001b2       0x16 main.o
                0x000001b2                _Z4Beepj
 .text.startup.main
                0x000001c8      0x230 main.o
                0x000001c8                main
 .text.startup._GLOBAL__sub_I__Z8IsKeysONv
                0x000003f8       0x22 main.o
 .text._Z13DelayMicroSech
                0x0000041a       0x14 src/CsDelay.o
                0x0000041a                _Z13DelayMicroSech
 .text._Z12DelayMiliSecj
                0x0000042e       0x24 src/CsDelay.o
                0x0000042e                _Z12DelayMiliSecj
 .text._Z20InitCurrentSensorADCv
                0x00000452       0x16 src/cs_adc.o
                0x00000452                _Z20InitCurrentSensorADCv
 .text._Z14InitVoltageADCv
                0x00000468       0x16 src/cs_adc.o
                0x00000468                _Z14InitVoltageADCv
 .text._Z24InitTemperatureSensorADCv
                0x0000047e       0x16 src/cs_adc.o
                0x0000047e                _Z24InitTemperatureSensorADCv
 .text._Z18StartAdcConversionv
                0x00000494       0x1a src/cs_adc.o
                0x00000494                _Z18StartAdcConversionv
 .text.GetVoltageAdcValueInMv
                0x000004ae       0x7c src/cs_adc.o
                0x000004ae                GetVoltageAdcValueInMv
 .text.GetCurrentAdcInMa
                0x0000052a       0x7c src/cs_adc.o
                0x0000052a                GetCurrentAdcInMa
 .text.GetTemperatureAdcInDegrees
                0x000005a6       0xc0 src/cs_adc.o
                0x000005a6                GetTemperatureAdcInDegrees
 .text._ZN7LedLamp13LedLampStatusC2Ev
                0x00000666        0x6 src/LedLampStatus.o
                0x00000666                _ZN7LedLamp13LedLampStatusC2Ev
                0x00000666                _ZN7LedLamp13LedLampStatusC1Ev
 .text._ZNK7LedLamp13LedLampStatus17IsOverTemperatureEv
                0x0000066c        0x8 src/LedLampStatus.o
                0x0000066c                _ZNK7LedLamp13LedLampStatus17IsOverTemperatureEv
 .text._ZN7LedLamp13LedLampStatus18SetOverTemperatureEb
                0x00000674       0x12 src/LedLampStatus.o
                0x00000674                _ZN7LedLamp13LedLampStatus18SetOverTemperatureEb
 .text._ZNK7LedLamp13LedLampStatus12IsLowBatteryEv
                0x00000686        0xc src/LedLampStatus.o
                0x00000686                _ZNK7LedLamp13LedLampStatus12IsLowBatteryEv
 .text._ZN7LedLamp13LedLampStatus13SetLowBatteryEb
                0x00000692       0x12 src/LedLampStatus.o
                0x00000692                _ZN7LedLamp13LedLampStatus13SetLowBatteryEb
 .text._ZN7LedLamp13LedLampStatus20SetLowBatteryWarningEb
                0x000006a4       0x12 src/LedLampStatus.o
                0x000006a4                _ZN7LedLamp13LedLampStatus20SetLowBatteryWarningEb
 .text._ZNK7LedLamp13LedLampStatus18IsIgnoreLowBatteryEv
                0x000006b6        0xa src/LedLampStatus.o
                0x000006b6                _ZNK7LedLamp13LedLampStatus18IsIgnoreLowBatteryEv
 .text._ZN7LedLamp13LedLampStatus19SetIgnoreLowBatteryEb
                0x000006c0       0x12 src/LedLampStatus.o
                0x000006c0                _ZN7LedLamp13LedLampStatus19SetIgnoreLowBatteryEb
 .text._ZNK7LedLamp13LedLampStatus7IsKeyONEv
                0x000006d2        0xc src/LedLampStatus.o
                0x000006d2                _ZNK7LedLamp13LedLampStatus7IsKeyONEv
 .text._ZN7LedLamp13LedLampStatus8SetKeyONEb
                0x000006de       0x12 src/LedLampStatus.o
                0x000006de                _ZN7LedLamp13LedLampStatus8SetKeyONEb
 .text._ZN7LedLamp13LedLampStatus12SetPrevKeyONEb
                0x000006f0       0x12 src/LedLampStatus.o
                0x000006f0                _ZN7LedLamp13LedLampStatus12SetPrevKeyONEb
 .text._Z8BuzzerOnv
                0x00000702       0x14 src/LedsControl.o
                0x00000702                _Z8BuzzerOnv
 .text._Z9BuzzerOffv
                0x00000716       0x14 src/LedsControl.o
                0x00000716                _Z9BuzzerOffv
 .text._Z18AddChargeVoltageOnv
                0x0000072a       0x14 src/LedsControl.o
                0x0000072a                _Z18AddChargeVoltageOnv
 .text._Z19AddChargeVoltageOffv
                0x0000073e       0x14 src/LedsControl.o
                0x0000073e                _Z19AddChargeVoltageOffv
 .text._Z12ConverterOffv
                0x00000752       0x14 src/LedsControl.o
                0x00000752                _Z12ConverterOffv
 .text._Z21SenseBatteryVoltageOnv
                0x00000766       0x14 src/LedsControl.o
                0x00000766                _Z21SenseBatteryVoltageOnv
 .text._Z22SenseBatteryVoltageOffv
                0x0000077a       0x14 src/LedsControl.o
                0x0000077a                _Z22SenseBatteryVoltageOffv
 .text._Z16SetLedVoltGreen2b
                0x0000078e       0x1c src/LedsControl.o
                0x0000078e                _Z16SetLedVoltGreen2b
 .text._Z16SetLedVoltGreen1b
                0x000007aa       0x1c src/LedsControl.o
                0x000007aa                _Z16SetLedVoltGreen1b
 .text._Z16SetLedVoltYellowb
                0x000007c6       0x1c src/LedsControl.o
                0x000007c6                _Z16SetLedVoltYellowb
 .text._Z13SetLedVoltRedb
                0x000007e2       0x1c src/LedsControl.o
                0x000007e2                _Z13SetLedVoltRedb
 .text._Z16LedVoltGreen2Offv
                0x000007fe       0x14 src/LedsControl.o
                0x000007fe                _Z16LedVoltGreen2Offv
 .text._Z16LedVoltGreen1Offv
                0x00000812       0x14 src/LedsControl.o
                0x00000812                _Z16LedVoltGreen1Offv
 .text._Z16LedVoltYellowOffv
                0x00000826       0x14 src/LedsControl.o
                0x00000826                _Z16LedVoltYellowOffv
 .text._Z13LedVoltRedOffv
                0x0000083a       0x14 src/LedsControl.o
                0x0000083a                _Z13LedVoltRedOffv
 .text._Z16LedCurrGreen2Offv
                0x0000084e       0x14 src/LedsControl.o
                0x0000084e                _Z16LedCurrGreen2Offv
 .text._Z16LedCurrGreen1Offv
                0x00000862       0x14 src/LedsControl.o
                0x00000862                _Z16LedCurrGreen1Offv
 .text._Z16LedCurrYellowOffv
                0x00000876       0x14 src/LedsControl.o
                0x00000876                _Z16LedCurrYellowOffv
 .text._Z13LedCurrRedOffv
                0x0000088a       0x14 src/LedsControl.o
                0x0000088a                _Z13LedCurrRedOffv
 .text._Z10AllLedsOffv
                0x0000089e       0x10 src/LedsControl.o
                0x0000089e                _Z10AllLedsOffv
 .text._Z11ClearLedSckv
                0x000008ae        0x4 src/LedsControl.o
                0x000008ae                _Z11ClearLedSckv
 .text._Z21SendShiftRegisterWordj
                0x000008b2       0x36 src/LedsControl.o
                0x000008b2                _Z21SendShiftRegisterWordj
 .text._Z12ShiftRegInitv
                0x000008e8       0x10 src/LedsControl.o
                0x000008e8                _Z12ShiftRegInitv
 .text._Z12ShiftRegPushv
                0x000008f8        0xa src/LedsControl.o
                0x000008f8                _Z12ShiftRegPushv
 .text.GetVoltageLevelsTableSize
                0x00000902        0x4 C:\__myworkspace\ColomboProjects\12_to_200V_inverter\sw\Inverter12to200\DataStorageRawC\Release\libDataStorageRawC.a(IndicatorsTable.o)
                0x00000902                GetVoltageLevelsTableSize
 .text.GetVoltageLevelTableValue
                0x00000906       0x12 C:\__myworkspace\ColomboProjects\12_to_200V_inverter\sw\Inverter12to200\DataStorageRawC\Release\libDataStorageRawC.a(IndicatorsTable.o)
                0x00000906                GetVoltageLevelTableValue
 .text.GetLedFlashingTableValue
                0x00000918        0xc C:\__myworkspace\ColomboProjects\12_to_200V_inverter\sw\Inverter12to200\DataStorageRawC\Release\libDataStorageRawC.a(IndicatorsTable.o)
                0x00000918                GetLedFlashingTableValue
 .text.GetTempSensorTableSize
                0x00000924        0x4 C:\__myworkspace\ColomboProjects\12_to_200V_inverter\sw\Inverter12to200\DataStorageRawC\Release\libDataStorageRawC.a(TempSensorTable.o)
                0x00000924                GetTempSensorTableSize
 .text.GetTempSensorTableAdcValue
                0x00000928       0x14 C:\__myworkspace\ColomboProjects\12_to_200V_inverter\sw\Inverter12to200\DataStorageRawC\Release\libDataStorageRawC.a(TempSensorTable.o)
                0x00000928                GetTempSensorTableAdcValue
 .text.GetTempSensorTableTemperatureValue
                0x0000093c       0x12 C:\__myworkspace\ColomboProjects\12_to_200V_inverter\sw\Inverter12to200\DataStorageRawC\Release\libDataStorageRawC.a(TempSensorTable.o)
                0x0000093c                GetTempSensorTableTemperatureValue
 .text.libgcc.mul
                0x0000094e       0x12 c:/program files (x86)/atmel/studio/7.0/toolchain/avr8/avr8-gnu-toolchain/bin/../lib/gcc/avr/5.4.0/avr25\libgcc.a(_mulqi3.o)
                0x0000094e                __mulqi3
 .text.libgcc.mul
                0x00000960       0x22 c:/program files (x86)/atmel/studio/7.0/toolchain/avr8/avr8-gnu-toolchain/bin/../lib/gcc/avr/5.4.0/avr25\libgcc.a(_mulhi3.o)
                0x00000960                __mulhi3
 .text.libgcc.mul
                0x00000982       0x32 c:/program files (x86)/atmel/studio/7.0/toolchain/avr8/avr8-gnu-toolchain/bin/../lib/gcc/avr/5.4.0/avr25\libgcc.a(_mulsi3.o)
                0x00000982                __mulsi3
                0x00000986                __mulsi3_helper
 .text.libgcc.div
                0x000009b4       0x28 c:/program files (x86)/atmel/studio/7.0/toolchain/avr8/avr8-gnu-toolchain/bin/../lib/gcc/avr/5.4.0/avr25\libgcc.a(_udivmodhi4.o)
                0x000009b4                __udivmodhi4
 .text.libgcc.div
                0x000009dc       0x44 c:/program files (x86)/atmel/studio/7.0/toolchain/avr8/avr8-gnu-toolchain/bin/../lib/gcc/avr/5.4.0/avr25\libgcc.a(_udivmodsi4.o)
                0x000009dc                __udivmodsi4
 .text.libgcc   0x00000a20        0xc c:/program files (x86)/atmel/studio/7.0/toolchain/avr8/avr8-gnu-toolchain/bin/../lib/gcc/avr/5.4.0/avr25\libgcc.a(_tablejump2.o)
                0x00000a20                __tablejump2__
                0x00000a2c                . = ALIGN (0x2)
 *(.fini9)
 .fini9         0x00000a2c        0x0 c:/program files (x86)/atmel/studio/7.0/toolchain/avr8/avr8-gnu-toolchain/bin/../lib/gcc/avr/5.4.0/avr25\libgcc.a(_exit.o)
                0x00000a2c                _exit
                0x00000a2c                exit
 *(.fini9)
 *(.fini8)
 *(.fini8)
 *(.fini7)
 *(.fini7)
 *(.fini6)
 *(.fini6)
 *(.fini5)
 *(.fini5)
 *(.fini4)
 *(.fini4)
 *(.fini3)
 *(.fini3)
 *(.fini2)
 *(.fini2)
 *(.fini1)
 *(.fini1)
 *(.fini0)
 .fini0         0x00000a2c        0x4 c:/program files (x86)/atmel/studio/7.0/toolchain/avr8/avr8-gnu-toolchain/bin/../lib/gcc/avr/5.4.0/avr25\libgcc.a(_exit.o)
 *(.fini0)
                0x00000a30                _etext = .

.data           0x00800060        0xa load address 0x00000a30
                0x00800060                PROVIDE (__data_start, .)
 *(.data)
 *(.data*)
 *(.gnu.linkonce.d*)
 *(.rodata)
 *(.rodata*)
 .rodata._ZTVN7LedLamp16VoltageIndicatorE
                0x00800060        0xa main.o
                0x00800060                _ZTVN7LedLamp16VoltageIndicatorE
 *(.gnu.linkonce.r*)
                0x0080006a                . = ALIGN (0x2)
                0x0080006a                _edata = .
                0x0080006a                PROVIDE (__data_end, .)

.bss            0x0080006a        0xc
                0x0080006a                PROVIDE (__bss_start, .)
 *(.bss)
 *(.bss*)
 .bss.fastKeySwitchDetector
                0x0080006a        0xa main.o
                0x0080006a                fastKeySwitchDetector
 .bss.g_shiftRegCodeWord
                0x00800074        0x2 src/LedsControl.o
                0x00800074                g_shiftRegCodeWord
 *(COMMON)
                0x00800076                PROVIDE (__bss_end, .)
                0x00000a30                __data_load_start = LOADADDR (.data)
                0x00000a3a                __data_load_end = (__data_load_start + SIZEOF (.data))

.noinit         0x00800076        0x0
                [!provide]                PROVIDE (__noinit_start, .)
 *(.noinit*)
                [!provide]                PROVIDE (__noinit_end, .)
                0x00800076                _end = .
                [!provide]                PROVIDE (__heap_start, .)

.eeprom         0x00810000        0x0
 *(.eeprom*)
                0x00810000                __eeprom_end = .

.fuse
 *(.fuse)
 *(.lfuse)
 *(.hfuse)
 *(.efuse)

.lock
 *(.lock*)

.signature
 *(.signature*)

.user_signatures
 *(.user_signatures*)

.stab
 *(.stab)

.stabstr
 *(.stabstr)

.stab.excl
 *(.stab.excl)

.stab.exclstr
 *(.stab.exclstr)

.stab.index
 *(.stab.index)

.stab.indexstr
 *(.stab.indexstr)

.comment        0x00000000       0x30
 *(.comment)
 .comment       0x00000000       0x30 main.o
                                 0x31 (size before relaxing)
 .comment       0x00000030       0x31 src/CsDelay.o
 .comment       0x00000030       0x31 src/cs_adc.o
 .comment       0x00000030       0x31 src/LedLampStatus.o
 .comment       0x00000030       0x31 src/LedsControl.o
 .comment       0x00000030       0x31 C:\__myworkspace\ColomboProjects\12_to_200V_inverter\sw\Inverter12to200\DataStorageRawC\Release\libDataStorageRawC.a(IndicatorsTable.o)
 .comment       0x00000030       0x31 C:\__myworkspace\ColomboProjects\12_to_200V_inverter\sw\Inverter12to200\DataStorageRawC\Release\libDataStorageRawC.a(TempSensorTable.o)

.note.gnu.avr.deviceinfo
                0x00000000       0x3c
 .note.gnu.avr.deviceinfo
                0x00000000       0x3c C:/Program Files (x86)/Atmel/Studio/7.0/Packs/atmel/ATtiny_DFP/1.10.348/gcc/dev/attiny45/avr25/crtattiny45.o

.note.gnu.build-id
 *(.note.gnu.build-id)

.debug
 *(.debug)

.line
 *(.line)

.debug_srcinfo
 *(.debug_srcinfo)

.debug_sfnames
 *(.debug_sfnames)

.debug_aranges
 *(.debug_aranges)

.debug_pubnames
 *(.debug_pubnames)

.debug_info     0x00000000      0x420
 *(.debug_info .gnu.linkonce.wi.*)
 .debug_info    0x00000000      0x420 C:/Program Files (x86)/Atmel/Studio/7.0/Packs/atmel/ATtiny_DFP/1.10.348/gcc/dev/attiny45/avr25/crtattiny45.o

.debug_abbrev   0x00000000      0x3e8
 *(.debug_abbrev)
 .debug_abbrev  0x00000000      0x3e8 C:/Program Files (x86)/Atmel/Studio/7.0/Packs/atmel/ATtiny_DFP/1.10.348/gcc/dev/attiny45/avr25/crtattiny45.o

.debug_line     0x00000000       0xf2
 *(.debug_line .debug_line.* .debug_line_end)
 .debug_line    0x00000000       0xf2 C:/Program Files (x86)/Atmel/Studio/7.0/Packs/atmel/ATtiny_DFP/1.10.348/gcc/dev/attiny45/avr25/crtattiny45.o

.debug_frame
 *(.debug_frame)

.debug_str      0x00000000      0x169
 *(.debug_str)
 .debug_str     0x00000000      0x169 C:/Program Files (x86)/Atmel/Studio/7.0/Packs/atmel/ATtiny_DFP/1.10.348/gcc/dev/attiny45/avr25/crtattiny45.o

.debug_loc
 *(.debug_loc)

.debug_macinfo
 *(.debug_macinfo)

.debug_weaknames
 *(.debug_weaknames)

.debug_funcnames
 *(.debug_funcnames)

.debug_typenames
 *(.debug_typenames)

.debug_varnames
 *(.debug_varnames)

.debug_pubtypes
 *(.debug_pubtypes)

.debug_ranges
 *(.debug_ranges)

.debug_macro
 *(.debug_macro)
OUTPUT(BatteryLampInverterController.elf elf32-avr)
LOAD linker stubs
