../Src/BME280Sensor.cpp:43:1:BME280Sensor::BME280Sensor(uint8_t)	8	static
../Src/BME280Sensor.cpp:49:9:int16_t BME280Sensor::GetTemperature() const	0	static
../Src/BME280Sensor.cpp:54:10:uint32_t BME280Sensor::GetPressure() const	0	static
../Src/BME280Sensor.cpp:59:10:uint32_t BME280Sensor::GetHumidity() const	0	static
../Src/BME280Sensor.cpp:128:9:int32_t BME280Sensor::GetTemperatureWithCompensation(int32_t)	0	static
../Src/BME280Sensor.cpp:141:10:uint32_t BME280Sensor::GetPressureWithCompensations(int32_t)	24	static
../Src/BME280Sensor.cpp:162:10:uint32_t BME280Sensor::GetHumidityWithCompensation(int32_t)	8	static
../Src/BME280Sensor.cpp:244:6:bool BME280Sensor::ReadBurst(uint8_t, uint8_t*, uint8_t) const	24	static
../Src/BME280Sensor.cpp:239:6:bool BME280Sensor::Read(uint8_t, uint8_t&) const	0	static
../Src/BME280Sensor.cpp:64:6:bool BME280Sensor::ReadCalibrationConstants()	24	static
../Src/BME280Sensor.cpp:290:6:bool BME280Sensor::WriteBurst(uint8_t, const uint8_t*, uint8_t)	24	static
../Src/BME280Sensor.cpp:285:6:bool BME280Sensor::Write(uint8_t, uint8_t)	16	static
../Src/BME280Sensor.cpp:177:6:bool BME280Sensor::ReadProbe()	32	static
