../Src/I2cRxTx.cpp:28:13:void I2cRxTx::SetSDA()	0	static
../Src/I2cRxTx.cpp:32:13:void I2cRxTx::ClrSDA()	0	static
../Src/I2cRxTx.cpp:37:13:void I2cRxTx::SetSCL()	0	static
../Src/I2cRxTx.cpp:41:13:void I2cRxTx::ClrSCL()	0	static
../Src/I2cRxTx.cpp:63:6:void I2cRxTx::Init()	8	static
../Src/I2cRxTx.cpp:74:6:void I2cRxTx::I2cDelay()	0	static
../Src/I2cRxTx.cpp:79:6:void I2cRxTx::StartCondition()	8	static
../Src/I2cRxTx.cpp:89:6:void I2cRxTx::StopCondition()	8	static
../Src/I2cRxTx.cpp:100:6:void I2cRxTx::SendByte(uint8_t)	16	static
../Src/I2cRxTx.cpp:123:6:bool I2cRxTx::GetAcknowlegeBit(bool)	8	static
../Src/I2cRxTx.cpp:145:9:uint8_t I2cRxTx::RecieveByte()	16	static
