../Inc/StdAnBuff.hpp:49:7:void stdAnalog::Buffer<T, TSize, BUFF_SIZE>::Clear() [with T = char; TSize = unsigned char; TSize BUFF_SIZE = 24]	0	static
../Inc/StdAnBuff.hpp:58:7:void stdAnalog::Buffer<T, TSize, BUFF_SIZE>::PushBack(T) [with T = char; TSize = unsigned char; TSize BUFF_SIZE = 24]	0	static
../Inc/StdAnBuff.hpp:220:7:void stdAnalog::Buffer<T, TSize, BUFF_SIZE>::Reverse() [with T = char; TSize = unsigned char; TSize BUFF_SIZE = 24]	8	static
../Src/IntToStr.cpp:48:13:const char* intToStr::ToHex(T) [with T = unsigned char]	16	static
../Src/IntToStr.cpp:55:13:const char* intToStr::ToHex(T) [with T = short unsigned int]	16	static
../Src/IntToStr.cpp:61:13:const char* intToStr::ToHex(T) [with T = long unsigned int]	16	static
../Src/IntToStr.cpp:67:13:const char* intToStr::ToHex(T) [with T = long long unsigned int]	24	static
../Inc/StdAnBuff.hpp:118:7:void stdAnalog::Buffer<T, TSize, BUFF_SIZE>::Shift(TSize, TSize, TSize) [with T = char; TSize = unsigned char; TSize BUFF_SIZE = 24]	16	static
../Inc/StdAnBuff.hpp:164:7:void stdAnalog::Buffer<T, TSize, BUFF_SIZE>::Resize(TSize, T) [with T = char; TSize = unsigned char; TSize BUFF_SIZE = 24]	16	static
../Src/IntToStr.cpp:101:13:const char* intToStr::ToDec(T, uint8_t, uint8_t) [with T = unsigned char]	32	static
../Src/IntToStr.cpp:101:13:const char* intToStr::ToDec(T, uint8_t, uint8_t) [with T = short unsigned int]	32	static
../Src/IntToStr.cpp:101:13:const char* intToStr::ToDec(T, uint8_t, uint8_t) [with T = long unsigned int]	32	static
../Src/IntToStr.cpp:101:13:const char* intToStr::ToDec(T, uint8_t, uint8_t) [with T = long long unsigned int]	32	static
../Inc/StdAnBuff.hpp:69:7:void stdAnalog::Buffer<T, TSize, BUFF_SIZE>::PushFront(T) [with T = char; TSize = unsigned char; TSize BUFF_SIZE = 24]	16	static
../Src/IntToStr.cpp:101:13:const char* intToStr::ToDec(T, uint8_t, uint8_t) [with T = signed char]	32	static
../Src/IntToStr.cpp:101:13:const char* intToStr::ToDec(T, uint8_t, uint8_t) [with T = short int]	32	static
../Src/IntToStr.cpp:101:13:const char* intToStr::ToDec(T, uint8_t, uint8_t) [with T = long int]	32	static
../Src/IntToStr.cpp:101:13:const char* intToStr::ToDec(T, uint8_t, uint8_t) [with T = long long int]	40	static
../Src/IntToStr.cpp:183:1:cpp)	8	static
