../Src/SSD1306.cpp:63:6:void LcdDrivers::SSD1306::Driver::SetColumnPageAddressesForHVM(uint8_t, uint8_t, uint8_t, uint8_t)	24	static
../Src/SSD1306.cpp:89:6:void LcdDrivers::SSD1306::Driver::SetColumnStartAddressForPAM(uint8_t)	16	static
../Src/SSD1306.cpp:103:6:void LcdDrivers::SSD1306::Driver::SetPageStartAddressForPAM(uint8_t)	16	static
../Src/SSD1306.cpp:175:6:void LcdDrivers::SSD1306::Driver::SetError(bool)	0	static
../Src/SSD1306.cpp:180:6:bool LcdDrivers::SSD1306::Driver::GetError() const	0	static
../Src/SSD1306.cpp:185:6:void LcdDrivers::SSD1306::Driver::SendCommand(const uint8_t*)	24	static
../Src/SSD1306.cpp:157:6:void LcdDrivers::SSD1306::Driver::Init()	8	static
../Src/SSD1306.cpp:123:1:LcdDrivers::SSD1306::Driver::Driver(SlaveAddress, uint8_t, uint8_t, bool, bool)	16	static
../Src/SSD1306.cpp:167:6:void LcdDrivers::SSD1306::Driver::UnInit()	8	static
../Src/SSD1306.cpp:150:1:LcdDrivers::SSD1306::Driver::~Driver()	8	static
../Src/SSD1306.cpp:206:6:void LcdDrivers::SSD1306::Driver::SendData(const uint8_t*, uint16_t)	24	static
../Src/SSD1306.cpp:256:6:void LcdDrivers::SSD1306::Driver::SendDataRawStart()	16	static
../Src/SSD1306.cpp:270:6:void LcdDrivers::SSD1306::Driver::SendDataRawEnd()	0	static
../Src/SSD1306.cpp:275:6:void LcdDrivers::SSD1306::Driver::SendDataRaw(uint8_t)	8	static
../Src/SSD1306.cpp:286:6:void LcdDrivers::SSD1306::Driver::ClearScreen()	24	static
../Src/SSD1306.cpp:308:6:void LcdDrivers::SSD1306::Driver::Print(uint8_t, uint8_t, const char*)	32	static
