Archive member included to satisfy reference by file (symbol)

C:/ST/STM32CubeIDE_1.15.0/STM32CubeIDE/plugins/com.st.stm32cube.ide.mcu.externaltools.gnu-tools-for-stm32.12.3.rel1.win32_1.0.100.202403111256/tools/bin/../lib/gcc/arm-none-eabi/12.3.1/../../../../arm-none-eabi/lib/thumb/v7-m/nofp\libc_nano.a(libc_a-exit.o)
                              C:/ST/STM32CubeIDE_1.15.0/STM32CubeIDE/plugins/com.st.stm32cube.ide.mcu.externaltools.gnu-tools-for-stm32.12.3.rel1.win32_1.0.100.202403111256/tools/bin/../lib/gcc/arm-none-eabi/12.3.1/../../../../arm-none-eabi/lib/thumb/v7-m/nofp/crt0.o (exit)
C:/ST/STM32CubeIDE_1.15.0/STM32CubeIDE/plugins/com.st.stm32cube.ide.mcu.externaltools.gnu-tools-for-stm32.12.3.rel1.win32_1.0.100.202403111256/tools/bin/../lib/gcc/arm-none-eabi/12.3.1/../../../../arm-none-eabi/lib/thumb/v7-m/nofp\libc_nano.a(libc_a-findfp.o)
                              C:/ST/STM32CubeIDE_1.15.0/STM32CubeIDE/plugins/com.st.stm32cube.ide.mcu.externaltools.gnu-tools-for-stm32.12.3.rel1.win32_1.0.100.202403111256/tools/bin/../lib/gcc/arm-none-eabi/12.3.1/../../../../arm-none-eabi/lib/thumb/v7-m/nofp\libc_nano.a(libc_a-exit.o) (__stdio_exit_handler)
C:/ST/STM32CubeIDE_1.15.0/STM32CubeIDE/plugins/com.st.stm32cube.ide.mcu.externaltools.gnu-tools-for-stm32.12.3.rel1.win32_1.0.100.202403111256/tools/bin/../lib/gcc/arm-none-eabi/12.3.1/../../../../arm-none-eabi/lib/thumb/v7-m/nofp\libc_nano.a(libc_a-fwalk.o)
                              C:/ST/STM32CubeIDE_1.15.0/STM32CubeIDE/plugins/com.st.stm32cube.ide.mcu.externaltools.gnu-tools-for-stm32.12.3.rel1.win32_1.0.100.202403111256/tools/bin/../lib/gcc/arm-none-eabi/12.3.1/../../../../arm-none-eabi/lib/thumb/v7-m/nofp\libc_nano.a(libc_a-findfp.o) (_fwalk_sglue)
C:/ST/STM32CubeIDE_1.15.0/STM32CubeIDE/plugins/com.st.stm32cube.ide.mcu.externaltools.gnu-tools-for-stm32.12.3.rel1.win32_1.0.100.202403111256/tools/bin/../lib/gcc/arm-none-eabi/12.3.1/../../../../arm-none-eabi/lib/thumb/v7-m/nofp\libc_nano.a(libc_a-stdio.o)
                              C:/ST/STM32CubeIDE_1.15.0/STM32CubeIDE/plugins/com.st.stm32cube.ide.mcu.externaltools.gnu-tools-for-stm32.12.3.rel1.win32_1.0.100.202403111256/tools/bin/../lib/gcc/arm-none-eabi/12.3.1/../../../../arm-none-eabi/lib/thumb/v7-m/nofp\libc_nano.a(libc_a-findfp.o) (__sread)
C:/ST/STM32CubeIDE_1.15.0/STM32CubeIDE/plugins/com.st.stm32cube.ide.mcu.externaltools.gnu-tools-for-stm32.12.3.rel1.win32_1.0.100.202403111256/tools/bin/../lib/gcc/arm-none-eabi/12.3.1/../../../../arm-none-eabi/lib/thumb/v7-m/nofp\libc_nano.a(libc_a-memset.o)
                              C:/ST/STM32CubeIDE_1.15.0/STM32CubeIDE/plugins/com.st.stm32cube.ide.mcu.externaltools.gnu-tools-for-stm32.12.3.rel1.win32_1.0.100.202403111256/tools/bin/../lib/gcc/arm-none-eabi/12.3.1/../../../../arm-none-eabi/lib/thumb/v7-m/nofp/crt0.o (memset)
C:/ST/STM32CubeIDE_1.15.0/STM32CubeIDE/plugins/com.st.stm32cube.ide.mcu.externaltools.gnu-tools-for-stm32.12.3.rel1.win32_1.0.100.202403111256/tools/bin/../lib/gcc/arm-none-eabi/12.3.1/../../../../arm-none-eabi/lib/thumb/v7-m/nofp\libc_nano.a(libc_a-closer.o)
                              C:/ST/STM32CubeIDE_1.15.0/STM32CubeIDE/plugins/com.st.stm32cube.ide.mcu.externaltools.gnu-tools-for-stm32.12.3.rel1.win32_1.0.100.202403111256/tools/bin/../lib/gcc/arm-none-eabi/12.3.1/../../../../arm-none-eabi/lib/thumb/v7-m/nofp\libc_nano.a(libc_a-stdio.o) (_close_r)
C:/ST/STM32CubeIDE_1.15.0/STM32CubeIDE/plugins/com.st.stm32cube.ide.mcu.externaltools.gnu-tools-for-stm32.12.3.rel1.win32_1.0.100.202403111256/tools/bin/../lib/gcc/arm-none-eabi/12.3.1/../../../../arm-none-eabi/lib/thumb/v7-m/nofp\libc_nano.a(libc_a-reent.o)
                              C:/ST/STM32CubeIDE_1.15.0/STM32CubeIDE/plugins/com.st.stm32cube.ide.mcu.externaltools.gnu-tools-for-stm32.12.3.rel1.win32_1.0.100.202403111256/tools/bin/../lib/gcc/arm-none-eabi/12.3.1/../../../../arm-none-eabi/lib/thumb/v7-m/nofp\libc_nano.a(libc_a-closer.o) (errno)
C:/ST/STM32CubeIDE_1.15.0/STM32CubeIDE/plugins/com.st.stm32cube.ide.mcu.externaltools.gnu-tools-for-stm32.12.3.rel1.win32_1.0.100.202403111256/tools/bin/../lib/gcc/arm-none-eabi/12.3.1/../../../../arm-none-eabi/lib/thumb/v7-m/nofp\libc_nano.a(libc_a-impure.o)
                              C:/ST/STM32CubeIDE_1.15.0/STM32CubeIDE/plugins/com.st.stm32cube.ide.mcu.externaltools.gnu-tools-for-stm32.12.3.rel1.win32_1.0.100.202403111256/tools/bin/../lib/gcc/arm-none-eabi/12.3.1/../../../../arm-none-eabi/lib/thumb/v7-m/nofp\libc_nano.a(libc_a-reent.o) (_impure_ptr)
C:/ST/STM32CubeIDE_1.15.0/STM32CubeIDE/plugins/com.st.stm32cube.ide.mcu.externaltools.gnu-tools-for-stm32.12.3.rel1.win32_1.0.100.202403111256/tools/bin/../lib/gcc/arm-none-eabi/12.3.1/../../../../arm-none-eabi/lib/thumb/v7-m/nofp\libc_nano.a(libc_a-lseekr.o)
[...]
Memory Configuration

Name             Origin             Length             Attributes
RAM              0x20000000         0x00005000         xrw
FLASH            0x08000000         0x00010000         xr
*default*        0x00000000         0xffffffff

Linker script and memory map

LOAD C:/ST/STM32CubeIDE_1.15.0/STM32CubeIDE/plugins/com.st.stm32cube.ide.mcu.externaltools.gnu-tools-for-stm32.12.3.rel1.win32_1.0.100.202403111256/tools/bin/../lib/gcc/arm-none-eabi/12.3.1/thumb/v7-m/nofp/crti.o
LOAD C:/ST/STM32CubeIDE_1.15.0/STM32CubeIDE/plugins/com.st.stm32cube.ide.mcu.externaltools.gnu-tools-for-stm32.12.3.rel1.win32_1.0.100.202403111256/tools/bin/../lib/gcc/arm-none-eabi/12.3.1/thumb/v7-m/nofp/crtbegin.o
LOAD C:/ST/STM32CubeIDE_1.15.0/STM32CubeIDE/plugins/com.st.stm32cube.ide.mcu.externaltools.gnu-tools-for-stm32.12.3.rel1.win32_1.0.100.202403111256/tools/bin/../lib/gcc/arm-none-eabi/12.3.1/../../../../arm-none-eabi/lib/thumb/v7-m/nofp/crt0.o
LOAD ./CMSIS/src/stm32f1xx_it.o
LOAD ./CMSIS/src/syscalls.o
LOAD ./CMSIS/src/sysmem.o
LOAD ./CMSIS/src/system_stm32f1xx.o
LOAD ./Src/BME280Sensor.o
LOAD ./Src/DelayTimer.o
LOAD ./Src/ErrorLed.o
LOAD ./Src/GpioConfigurator.o
LOAD ./Src/I2cRxTx.o
LOAD ./Src/KeyPressDetector.o
LOAD ./Src/LcdScreen.o
LOAD ./Src/PowerControl.o
LOAD ./Src/main.o
LOAD ./Startup/startup_stm32f103c8tx.o
START GROUP
LOAD C:/ST/STM32CubeIDE_1.15.0/STM32CubeIDE/plugins/com.st.stm32cube.ide.mcu.externaltools.gnu-tools-for-stm32.12.3.rel1.win32_1.0.100.202403111256/tools/bin/../lib/gcc/arm-none-eabi/12.3.1/../../../../arm-none-eabi/lib/thumb/v7-m/nofp\libstdc++_nano.a
LOAD C:/ST/STM32CubeIDE_1.15.0/STM32CubeIDE/plugins/com.st.stm32cube.ide.mcu.externaltools.gnu-tools-for-stm32.12.3.rel1.win32_1.0.100.202403111256/tools/bin/../lib/gcc/arm-none-eabi/12.3.1/../../../../arm-none-eabi/lib/thumb/v7-m/nofp\libsupc++_nano.a
END GROUP
LOAD C:/ST/STM32CubeIDE_1.15.0/STM32CubeIDE/plugins/com.st.stm32cube.ide.mcu.externaltools.gnu-tools-for-stm32.12.3.rel1.win32_1.0.100.202403111256/tools/bin/../lib/gcc/arm-none-eabi/12.3.1/../../../../arm-none-eabi/lib/thumb/v7-m/nofp\libstdc++_nano.a
LOAD C:/ST/STM32CubeIDE_1.15.0/STM32CubeIDE/plugins/com.st.stm32cube.ide.mcu.externaltools.gnu-tools-for-stm32.12.3.rel1.win32_1.0.100.202403111256/tools/bin/../lib/gcc/arm-none-eabi/12.3.1/../../../../arm-none-eabi/lib/thumb/v7-m/nofp\libm.a
LOAD C:/ST/STM32CubeIDE_1.15.0/STM32CubeIDE/plugins/com.st.stm32cube.ide.mcu.externaltools.gnu-tools-for-stm32.12.3.rel1.win32_1.0.100.202403111256/tools/bin/../lib/gcc/arm-none-eabi/12.3.1/../../../../arm-none-eabi/lib/thumb/v7-m/nofp\libc_nano.a
START GROUP
LOAD C:/ST/STM32CubeIDE_1.15.0/STM32CubeIDE/plugins/com.st.stm32cube.ide.mcu.externaltools.gnu-tools-for-stm32.12.3.rel1.win32_1.0.100.202403111256/tools/bin/../lib/gcc/arm-none-eabi/12.3.1/thumb/v7-m/nofp\libgcc.a
LOAD C:/ST/STM32CubeIDE_1.15.0/STM32CubeIDE/plugins/com.st.stm32cube.ide.mcu.externaltools.gnu-tools-for-stm32.12.3.rel1.win32_1.0.100.202403111256/tools/bin/../lib/gcc/arm-none-eabi/12.3.1/../../../../arm-none-eabi/lib/thumb/v7-m/nofp\libc_nano.a
END GROUP
START GROUP
LOAD C:/ST/STM32CubeIDE_1.15.0/STM32CubeIDE/plugins/com.st.stm32cube.ide.mcu.externaltools.gnu-tools-for-stm32.12.3.rel1.win32_1.0.100.202403111256/tools/bin/../lib/gcc/arm-none-eabi/12.3.1/thumb/v7-m/nofp\libgcc.a
LOAD C:/ST/STM32CubeIDE_1.15.0/STM32CubeIDE/plugins/com.st.stm32cube.ide.mcu.externaltools.gnu-tools-for-stm32.12.3.rel1.win32_1.0.100.202403111256/tools/bin/../lib/gcc/arm-none-eabi/12.3.1/../../../../arm-none-eabi/lib/thumb/v7-m/nofp\libc_nano.a
LOAD C:/ST/STM32CubeIDE_1.15.0/STM32CubeIDE/plugins/com.st.stm32cube.ide.mcu.externaltools.gnu-tools-for-stm32.12.3.rel1.win32_1.0.100.202403111256/tools/bin/../lib/gcc/arm-none-eabi/12.3.1/../../../../arm-none-eabi/lib/thumb/v7-m/nofp\libnosys.a
END GROUP
START GROUP
LOAD C:/ST/STM32CubeIDE_1.15.0/STM32CubeIDE/plugins/com.st.stm32cube.ide.mcu.externaltools.gnu-tools-for-stm32.12.3.rel1.win32_1.0.100.202403111256/tools/bin/../lib/gcc/arm-none-eabi/12.3.1/thumb/v7-m/nofp\libgcc.a
LOAD C:/ST/STM32CubeIDE_1.15.0/STM32CubeIDE/plugins/com.st.stm32cube.ide.mcu.externaltools.gnu-tools-for-stm32.12.3.rel1.win32_1.0.100.202403111256/tools/bin/../lib/gcc/arm-none-eabi/12.3.1/../../../../arm-none-eabi/lib/thumb/v7-m/nofp\libc_nano.a
LOAD C:/ST/STM32CubeIDE_1.15.0/STM32CubeIDE/plugins/com.st.stm32cube.ide.mcu.externaltools.gnu-tools-for-stm32.12.3.rel1.win32_1.0.100.202403111256/tools/bin/../lib/gcc/arm-none-eabi/12.3.1/../../../../arm-none-eabi/lib/thumb/v7-m/nofp\libnosys.a
END GROUP
LOAD C:/ST/STM32CubeIDE_1.15.0/STM32CubeIDE/plugins/com.st.stm32cube.ide.mcu.externaltools.gnu-tools-for-stm32.12.3.rel1.win32_1.0.100.202403111256/tools/bin/../lib/gcc/arm-none-eabi/12.3.1/thumb/v7-m/nofp/crtend.o
LOAD C:/ST/STM32CubeIDE_1.15.0/STM32CubeIDE/plugins/com.st.stm32cube.ide.mcu.externaltools.gnu-tools-for-stm32.12.3.rel1.win32_1.0.100.202403111256/tools/bin/../lib/gcc/arm-none-eabi/12.3.1/thumb/v7-m/nofp/crtn.o
                0x20005000                        _estack = (ORIGIN (RAM) + LENGTH (RAM))
                0x00000200                        _Min_Heap_Size = 0x200
                0x00000400                        _Min_Stack_Size = 0x400

.isr_vector     0x08000000      0x130
                0x08000000                        . = ALIGN (0x4)
 *(.isr_vector)
 .isr_vector    0x08000000      0x130 ./Startup/startup_stm32f103c8tx.o
                0x08000000                g_pfnVectors
                0x08000130                        . = ALIGN (0x4)

.text           0x08000130     0x1dd0
                0x08000130                        . = ALIGN (0x4)
 *(.text)
 .text          0x08000130       0x40 C:/ST/STM32CubeIDE_1.15.0/STM32CubeIDE/plugins/com.st.stm32cube.ide.mcu.externaltools.gnu-tools-for-stm32.12.3.rel1.win32_1.0.100.202403111256/tools/bin/../lib/gcc/arm-none-eabi/12.3.1/thumb/v7-m/nofp/crtbegin.o
 .text          0x08000170      0x378 C:/ST/STM32CubeIDE_1.15.0/STM32CubeIDE/plugins/com.st.stm32cube.ide.mcu.externaltools.gnu-tools-for-stm32.12.3.rel1.win32_1.0.100.202403111256/tools/bin/../lib/gcc/arm-none-eabi/12.3.1/thumb/v7-m/nofp\libgcc.a(_arm_addsubdf3.o)
                0x08000170                __aeabi_drsub
                0x08000178                __aeabi_dsub
                0x08000178                __subdf3
                0x0800017c                __aeabi_dadd
                0x0800017c                __adddf3
                0x080003f4                __floatunsidf
                0x080003f4                __aeabi_ui2d
                0x08000414                __floatsidf
                0x08000414                __aeabi_i2d
                0x08000438                __aeabi_f2d
                0x08000438                __extendsfdf2
                0x0800047c                __floatundidf
                0x0800047c                __aeabi_ul2d
                0x0800048c                __floatdidf
                0x0800048c                __aeabi_l2d
 .text          0x080004e8      0x424 C:/ST/STM32CubeIDE_1.15.0/STM32CubeIDE/plugins/com.st.stm32cube.ide.mcu.externaltools.gnu-tools-for-stm32.12.3.rel1.win32_1.0.100.202403111256/tools/bin/../lib/gcc/arm-none-eabi/12.3.1/thumb/v7-m/nofp\libgcc.a(_arm_muldivdf3.o)
                0x080004e8                __aeabi_dmul
                0x080004e8                __muldf3
                0x0800073c                __divdf3
                0x0800073c                __aeabi_ddiv
 .text          0x0800090c       0x50 C:/ST/STM32CubeIDE_1.15.0/STM32CubeIDE/plugins/com.st.stm32cube.ide.mcu.externaltools.gnu-tools-for-stm32.12.3.rel1.win32_1.0.100.202403111256/tools/bin/../lib/gcc/arm-none-eabi/12.3.1/thumb/v7-m/nofp\libgcc.a(_arm_fixdfsi.o)
                0x0800090c                __aeabi_d2iz
                0x0800090c                __fixdfsi
 .text          0x0800095c       0xa0 C:/ST/STM32CubeIDE_1.15.0/STM32CubeIDE/plugins/com.st.stm32cube.ide.mcu.externaltools.gnu-tools-for-stm32.12.3.rel1.win32_1.0.100.202403111256/tools/bin/../lib/gcc/arm-none-eabi/12.3.1/thumb/v7-m/nofp\libgcc.a(_aeabi_ldivmod.o)
                0x0800095c                __aeabi_ldivmod
 .text          0x080009fc      0x2b8 C:/ST/STM32CubeIDE_1.15.0/STM32CubeIDE/plugins/com.st.stm32cube.ide.mcu.externaltools.gnu-tools-for-stm32.12.3.rel1.win32_1.0.100.202403111256/tools/bin/../lib/gcc/arm-none-eabi/12.3.1/thumb/v7-m/nofp\libgcc.a(_udivmoddi4.o)
                0x080009fc                __udivmoddi4
 .text          0x08000cb4        0x4 C:/ST/STM32CubeIDE_1.15.0/STM32CubeIDE/plugins/com.st.stm32cube.ide.mcu.externaltools.gnu-tools-for-stm32.12.3.rel1.win32_1.0.100.202403111256/tools/bin/../lib/gcc/arm-none-eabi/12.3.1/thumb/v7-m/nofp\libgcc.a(_dvmd_tls.o)
                0x08000cb4                __aeabi_idiv0
                0x08000cb4                __aeabi_ldiv0
 *(.text*)
 .text.NMI_Handler
                0x08000cb8        0x2 ./CMSIS/src/stm32f1xx_it.o
                0x08000cb8                NMI_Handler
 .text.HardFault_Handler
                0x08000cba        0x2 ./CMSIS/src/stm32f1xx_it.o
                0x08000cba                HardFault_Handler
 .text.MemManage_Handler
                0x08000cbc        0x2 ./CMSIS/src/stm32f1xx_it.o
                0x08000cbc                MemManage_Handler
 .text.BusFault_Handler
                0x08000cbe        0x2 ./CMSIS/src/stm32f1xx_it.o
                0x08000cbe                BusFault_Handler
 .text.UsageFault_Handler
                0x08000cc0        0x2 ./CMSIS/src/stm32f1xx_it.o
                0x08000cc0                UsageFault_Handler
 .text.SVC_Handler
                0x08000cc2        0x2 ./CMSIS/src/stm32f1xx_it.o
                0x08000cc2                SVC_Handler
 .text.DebugMon_Handler
                0x08000cc4        0x2 ./CMSIS/src/stm32f1xx_it.o
                0x08000cc4                DebugMon_Handler
 .text.PendSV_Handler
                0x08000cc6        0x2 ./CMSIS/src/stm32f1xx_it.o
                0x08000cc6                PendSV_Handler
 .text.SysTick_Handler
                0x08000cc8        0x2 ./CMSIS/src/stm32f1xx_it.o
                0x08000cc8                SysTick_Handler
 .text.SystemInit
                0x08000cca        0x2 ./CMSIS/src/system_stm32f1xx.o
                0x08000cca                SystemInit
 .text._ZN12BME280SensorC2Eh
                0x08000ccc       0x3e ./Src/BME280Sensor.o
                0x08000ccc                BME280Sensor::BME280Sensor(unsigned char)
                0x08000ccc                BME280Sensor::BME280Sensor(unsigned char)
 .text._ZNK12BME280Sensor14GetTemperatureEv
                0x08000d0a        0x6 ./Src/BME280Sensor.o
                0x08000d0a                BME280Sensor::GetTemperature() const
 .text._ZNK12BME280Sensor11GetPressureEv
                0x08000d10        0x4 ./Src/BME280Sensor.o
                0x08000d10                BME280Sensor::GetPressure() const
 .text._ZNK12BME280Sensor11GetHumidityEv
                0x08000d14        0x4 ./Src/BME280Sensor.o
                0x08000d14                BME280Sensor::GetHumidity() const
 .text._ZN12BME280Sensor30GetTemperatureWithCompensationEl
                0x08000d18       0x30 ./Src/BME280Sensor.o
                0x08000d18                BME280Sensor::GetTemperatureWithCompensation(long)
 .text._ZN12BME280Sensor28GetPressureWithCompensationsEl
                0x08000d48      0x14e ./Src/BME280Sensor.o
                0x08000d48                BME280Sensor::GetPressureWithCompensations(long)
 .text._ZN12BME280Sensor27GetHumidityWithCompensationEl
                0x08000e96       0x6c ./Src/BME280Sensor.o
                0x08000e96                BME280Sensor::GetHumidityWithCompensation(long)
 .text._ZNK12BME280Sensor9ReadBurstEhPhh
                0x08000f02       0x7c ./Src/BME280Sensor.o
                0x08000f02                BME280Sensor::ReadBurst(unsigned char, unsigned char*, unsigned char) const
 .text._ZNK12BME280Sensor4ReadEhRh
                0x08000f7e        0x6 ./Src/BME280Sensor.o
                0x08000f7e                BME280Sensor::Read(unsigned char, unsigned char&) const
 .text._ZN12BME280Sensor24ReadCalibrationConstantsEv
                0x08000f84      0x19c ./Src/BME280Sensor.o
                0x08000f84                BME280Sensor::ReadCalibrationConstants()
 .text._ZN12BME280Sensor10WriteBurstEhPKhh
                0x08001120       0x54 ./Src/BME280Sensor.o
                0x08001120                BME280Sensor::WriteBurst(unsigned char, unsigned char const*, unsigned char)
 .text._ZN12BME280Sensor5WriteEhh
                0x08001174       0x16 ./Src/BME280Sensor.o
                0x08001174                BME280Sensor::Write(unsigned char, unsigned char)
 .text._ZN12BME280Sensor9ReadProbeEv
                0x0800118a       0xb0 ./Src/BME280Sensor.o
                0x0800118a                BME280Sensor::ReadProbe()
 *fill*         0x0800123a        0x2 
 .text._ZN10DelayTimer4InitEtt
                0x0800123c       0x44 ./Src/DelayTimer.o
                0x0800123c                DelayTimer::Init(unsigned short, unsigned short)
 .text._ZN10DelayTimer13DelayMicroSecEt
                0x08001280       0x18 ./Src/DelayTimer.o
                0x08001280                DelayTimer::DelayMicroSec(unsigned short)
 .text._ZN10DelayTimer13DelayMilliSecEt
                0x08001298       0x18 ./Src/DelayTimer.o
                0x08001298                DelayTimer::DelayMilliSec(unsigned short)
 .text._ZN16GpioConfigurator15GpioClockEnableEP12GPIO_TypeDef
                0x080012b0       0x58 ./Src/GpioConfigurator.o
                0x080012b0                GpioConfigurator::GpioClockEnable(GPIO_TypeDef*)
 .text._ZN16GpioConfigurator18SetGpioOutPushPullEP12GPIO_TypeDefh
                0x08001308       0x3e ./Src/GpioConfigurator.o
                0x08001308                GpioConfigurator::SetGpioOutPushPull(GPIO_TypeDef*, unsigned char)
 .text._ZN16GpioConfigurator19SetGpioOutOpenDrainEP12GPIO_TypeDefh
                0x08001346       0x3e ./Src/GpioConfigurator.o
                0x08001346                GpioConfigurator::SetGpioOutOpenDrain(GPIO_TypeDef*, unsigned char)
 .text._ZN16GpioConfigurator17SetGpioInFloatingEP12GPIO_TypeDefh
                0x08001384       0x3e ./Src/GpioConfigurator.o
                0x08001384                GpioConfigurator::SetGpioInFloating(GPIO_TypeDef*, unsigned char)
 *fill*         0x080013c2        0x2 
 .text._ZN7I2cRxTx6SetSDAEv
                0x080013c4       0x10 ./Src/I2cRxTx.o
                0x080013c4                I2cRxTx::SetSDA()
 .text._ZN7I2cRxTx6ClrSDAEv
                0x080013d4       0x10 ./Src/I2cRxTx.o
                0x080013d4                I2cRxTx::ClrSDA()
 .text._ZN7I2cRxTx6SetSCLEv
                0x080013e4       0x10 ./Src/I2cRxTx.o
                0x080013e4                I2cRxTx::SetSCL()
 .text._ZN7I2cRxTx6ClrSCLEv
                0x080013f4       0x10 ./Src/I2cRxTx.o
                0x080013f4                I2cRxTx::ClrSCL()
 .text._ZN7I2cRxTx4InitEv
                0x08001404       0x30 ./Src/I2cRxTx.o
                0x08001404                I2cRxTx::Init()
 .text._ZN7I2cRxTx8I2cDelayEv
                0x08001434        0x6 ./Src/I2cRxTx.o
                0x08001434                I2cRxTx::I2cDelay()
 .text._ZN7I2cRxTx14StartConditionEv
                0x0800143a       0x1e ./Src/I2cRxTx.o
                0x0800143a                I2cRxTx::StartCondition()
 .text._ZN7I2cRxTx13StopConditionEv
                0x08001458       0x1e ./Src/I2cRxTx.o
                0x08001458                I2cRxTx::StopCondition()
 .text._ZN7I2cRxTx8SendByteEh
                0x08001476       0x32 ./Src/I2cRxTx.o
                0x08001476                I2cRxTx::SendByte(unsigned char)
 .text._ZN7I2cRxTx16GetAcknowlegeBitEb
                0x080014a8       0x30 ./Src/I2cRxTx.o
                0x080014a8                I2cRxTx::GetAcknowlegeBit(bool)
 .text._ZN7I2cRxTx11RecieveByteEv
                0x080014d8       0x44 ./Src/I2cRxTx.o
                0x080014d8                I2cRxTx::RecieveByte()
 .text._ZN16KeyPressDetector5ResetEv
                0x0800151c        0x6 ./Src/KeyPressDetector.o
                0x0800151c                KeyPressDetector::Reset()
 *fill*         0x08001522        0x2 
 .text._ZN16KeyPressDetector6UpdateEv
                0x08001524       0x14 ./Src/KeyPressDetector.o
                0x08001524                KeyPressDetector::Update()
 .text._ZNK16KeyPressDetector10WasPressedEv
                0x08001538        0x4 ./Src/KeyPressDetector.o
                0x08001538                KeyPressDetector::WasPressed() const
 .text._ZN16KeyPressDetector4InitEv
                0x0800153c       0x1c ./Src/KeyPressDetector.o
                0x0800153c                KeyPressDetector::Init()
 .text._ZN16KeyPressDetectorC2Ev
                0x08001558       0x10 ./Src/KeyPressDetector.o
                0x08001558                KeyPressDetector::KeyPressDetector()
                0x08001558                KeyPressDetector::KeyPressDetector()
 .text._ZN9LcdScreen5LcdRSEh
                0x08001568       0x18 ./Src/LcdScreen.o
                0x08001568                LcdScreen::LcdRS(unsigned char)
 .text._ZN9LcdScreen5LcdRWEh
                0x08001580       0x18 ./Src/LcdScreen.o
                0x08001580                LcdScreen::LcdRW(unsigned char)
 .text._ZN9LcdScreen4LcdEEh
                0x08001598       0x18 ./Src/LcdScreen.o
                0x08001598                LcdScreen::LcdE(unsigned char)
 .text._ZN9LcdScreen11LcdOut4bitsEh
                0x080015b0       0x2c ./Src/LcdScreen.o
                0x080015b0                LcdScreen::LcdOut4bits(unsigned char)
 .text._ZN9LcdScreen10LcdIn4bitsEv
                0x080015dc       0x20 ./Src/LcdScreen.o
                0x080015dc                LcdScreen::LcdIn4bits()
 .text._ZN9LcdScreen13LcdSetDataOutEv
                0x080015fc       0x2c ./Src/LcdScreen.o
                0x080015fc                LcdScreen::LcdSetDataOut()
 .text._ZN9LcdScreen12LcdSetDataInEv
                0x08001628       0x2c ./Src/LcdScreen.o
                0x08001628                LcdScreen::LcdSetDataIn()
 .text._ZN9LcdScreen15Lcd4BitWideReadEhh
                0x08001654       0x56 ./Src/LcdScreen.o
                0x08001654                LcdScreen::Lcd4BitWideRead(unsigned char, unsigned char)
 .text._ZN9LcdScreen6IsBusyEv
                0x080016aa       0x10 ./Src/LcdScreen.o
                0x080016aa                LcdScreen::IsBusy()
 .text._ZN9LcdScreen16Lcd4BitWideWriteEhhh
                0x080016ba       0x58 ./Src/LcdScreen.o
                0x080016ba                LcdScreen::Lcd4BitWideWrite(unsigned char, unsigned char, unsigned char)
 .text._ZN9LcdScreen20Lcd8BitWideFakeWriteEhhh
                0x08001712       0x38 ./Src/LcdScreen.o
                0x08001712                LcdScreen::Lcd8BitWideFakeWrite(unsigned char, unsigned char, unsigned char)
 .text._ZN9LcdScreen11WaitForBusyEv
                0x0800174a        0xc ./Src/LcdScreen.o
                0x0800174a                LcdScreen::WaitForBusy()
 *fill*         0x08001756        0x2 
 .text._ZN9LcdScreen7LcdInitEv
                0x08001758       0xec ./Src/LcdScreen.o
                0x08001758                LcdScreen::LcdInit()
 .text._ZN9LcdScreen8LcdClearEv
                0x08001844       0x1a ./Src/LcdScreen.o
                0x08001844                LcdScreen::LcdClear()
 .text._ZN9LcdScreen8LcdToPosEhh
                0x0800185e       0x2a ./Src/LcdScreen.o
                0x0800185e                LcdScreen::LcdToPos(unsigned char, unsigned char)
 .text._ZN9LcdScreen12LcdPrintCharEh
                0x08001888       0x1c ./Src/LcdScreen.o
                0x08001888                LcdScreen::LcdPrintChar(unsigned char)
 .text._ZN9LcdScreen8LcdPrintEPc
                0x080018a4       0x12 ./Src/LcdScreen.o
                0x080018a4                LcdScreen::LcdPrint(char*)
 *fill*         0x080018b6        0x2 
 .text._ZN9LcdScreen14LcdPrintNumberEhb
                0x080018b8       0x6c ./Src/LcdScreen.o
                0x080018b8                LcdScreen::LcdPrintNumber(unsigned char, bool)
 .text._ZN9LcdScreen14LcdPrintNumberEtb
                0x08001924       0x58 ./Src/LcdScreen.o
                0x08001924                LcdScreen::LcdPrintNumber(unsigned short, bool)
 .text._ZN9LcdScreen14LcdPrintNumberEmb
                0x0800197c       0x5c ./Src/LcdScreen.o
                0x0800197c                LcdScreen::LcdPrintNumber(unsigned long, bool)
 .text._ZN12PowerControl9PowerHoldEv
                0x080019d8       0x14 ./Src/PowerControl.o
                0x080019d8                PowerControl::PowerHold()
 .text._ZN12PowerControl11PowerUnholdEv
                0x080019ec       0x14 ./Src/PowerControl.o
                0x080019ec                PowerControl::PowerUnhold()
 .text._ZN12PowerControl4InitEv
                0x08001a00       0x24 ./Src/PowerControl.o
                0x08001a00                PowerControl::Init()
 .text._ZN12PowerControlC2Ev
                0x08001a24        0xc ./Src/PowerControl.o
                0x08001a24                PowerControl::PowerControl()
                0x08001a24                PowerControl::PowerControl()
 .text._Z10InitClocksv
                0x08001a30       0x2c ./Src/main.o
                0x08001a30                InitClocks()
 .text._Z33ALTERNATIVE_FUNCTION_CLOCK_ENABLEv
                0x08001a5c       0x10 ./Src/main.o
                0x08001a5c                ALTERNATIVE_FUNCTION_CLOCK_ENABLE()
 .text._Z15PA_CLOCK_ENABLEv
                0x08001a6c       0x10 ./Src/main.o
                0x08001a6c                PA_CLOCK_ENABLE()
 .text._Z15PB_CLOCK_ENABLEv
                0x08001a7c       0x10 ./Src/main.o
                0x08001a7c                PB_CLOCK_ENABLE()
 .text._Z15PC_CLOCK_ENABLEv
                0x08001a8c       0x10 ./Src/main.o
                0x08001a8c                PC_CLOCK_ENABLE()
 .text._Z9InitPortsv
                0x08001a9c       0x16 ./Src/main.o
                0x08001a9c                InitPorts()
 .text._Z21ShowBME280TemperatureRK12BME280Sensor
                0x08001ab2       0x5a ./Src/main.o
                0x08001ab2                ShowBME280Temperature(BME280Sensor const&)
 *fill*         0x08001b0c        0x4 
 .text._Z18ShowBME280AltitudeRK12BME280SensorRK14AltitudeMetter
                0x08001b10      0x150 ./Src/main.o
                0x08001b10                ShowBME280Altitude(BME280Sensor const&, AltitudeMetter const&)
 .text._Z18ShowBME280HumidityRK12BME280Sensor
                0x08001c60       0x7a ./Src/main.o
                0x08001c60                ShowBME280Humidity(BME280Sensor const&)
 .text._Z18ShowBME280PressureRK12BME280Sensor
                0x08001cda       0x28 ./Src/main.o
                0x08001cda                ShowBME280Pressure(BME280Sensor const&)
 *fill*         0x08001d02        0x2 
 .text._Z15ShowBME280Errorv
                0x08001d04       0x30 ./Src/main.o
                0x08001d04                ShowBME280Error()
 .text._Z18ShowBatteryVoltagev
                0x08001d34       0x30 ./Src/main.o
                0x08001d34                ShowBatteryVoltage()
 .text.startup.main
                0x08001d64       0xe8 ./Src/main.o
                0x08001d64                main
 .text.Reset_Handler
                0x08001e4c       0x50 ./Startup/startup_stm32f103c8tx.o
                0x08001e4c                Reset_Handler
 .text.Default_Handler
                0x08001e9c        0x2 ./Startup/startup_stm32f103c8tx.o
                0x08001e9c                EXTI2_IRQHandler
                0x08001e9c                TIM8_TRG_COM_IRQHandler
                0x08001e9c                TIM8_CC_IRQHandler
                0x08001e9c                TIM1_CC_IRQHandler
                0x08001e9c                TIM6_IRQHandler
                0x08001e9c                PVD_IRQHandler
                0x08001e9c                SDIO_IRQHandler
                0x08001e9c                EXTI3_IRQHandler
                0x08001e9c                USB_HP_CAN_TX_IRQHandler
                0x08001e9c                EXTI0_IRQHandler
                0x08001e9c                I2C2_EV_IRQHandler
                0x08001e9c                ADC1_2_IRQHandler
                0x08001e9c                SPI1_IRQHandler
                0x08001e9c                CAN_SCE_IRQHandler
                0x08001e9c                TAMPER_IRQHandler
                0x08001e9c                TIM8_UP_IRQHandler
                0x08001e9c                DMA2_Channel2_IRQHandler
                0x08001e9c                DMA1_Channel4_IRQHandler
                0x08001e9c                USART3_IRQHandler
                0x08001e9c                RTC_IRQHandler
                0x08001e9c                DMA1_Channel7_IRQHandler
                0x08001e9c                UART5_IRQHandler
                0x08001e9c                ADC3_IRQHandler
                0x08001e9c                TIM4_IRQHandler
                0x08001e9c                CAN_RX1_IRQHandler
                0x08001e9c                DMA2_Channel1_IRQHandler
                0x08001e9c                I2C1_EV_IRQHandler
                0x08001e9c                DMA1_Channel6_IRQHandler
                0x08001e9c                UART4_IRQHandler
                0x08001e9c                TIM3_IRQHandler
                0x08001e9c                RCC_IRQHandler
                0x08001e9c                TIM1_TRG_COM_IRQHandler
                0x08001e9c                DMA1_Channel1_IRQHandler
                0x08001e9c                Default_Handler
                0x08001e9c                EXTI15_10_IRQHandler
                0x08001e9c                TIM7_IRQHandler
                0x08001e9c                TIM5_IRQHandler
                0x08001e9c                EXTI9_5_IRQHandler
                0x08001e9c                SPI2_IRQHandler
                0x08001e9c                USB_LP_CAN_RX0_IRQHandler
                0x08001e9c                DMA1_Channel5_IRQHandler
                0x08001e9c                EXTI4_IRQHandler
                0x08001e9c                DMA1_Channel3_IRQHandler
                0x08001e9c                FSMC_IRQHandler
                0x08001e9c                TIM1_UP_IRQHandler
                0x08001e9c                WWDG_IRQHandler
                0x08001e9c                TIM2_IRQHandler
                0x08001e9c                TIM1_BRK_IRQHandler
                0x08001e9c                EXTI1_IRQHandler
                0x08001e9c                RTCAlarm_IRQHandler
                0x08001e9c                DMA2_Channel4_5_IRQHandler
                0x08001e9c                USART2_IRQHandler
                0x08001e9c                I2C2_ER_IRQHandler
                0x08001e9c                DMA1_Channel2_IRQHandler
                0x08001e9c                TIM8_BRK_IRQHandler
                0x08001e9c                FLASH_IRQHandler
                0x08001e9c                USART1_IRQHandler
                0x08001e9c                SPI3_IRQHandler
                0x08001e9c                I2C1_ER_IRQHandler
                0x08001e9c                DMA2_Channel3_IRQHandler
 *fill*         0x08001e9e        0x2 
 .text.__libc_init_array
                0x08001ea0       0x48 C:/ST/STM32CubeIDE_1.15.0/STM32CubeIDE/plugins/com.st.stm32cube.ide.mcu.externaltools.gnu-tools-for-stm32.12.3.rel1.win32_1.0.100.202403111256/tools/bin/../lib/gcc/arm-none-eabi/12.3.1/../../../../arm-none-eabi/lib/thumb/v7-m/nofp\libc_nano.a(libc_a-init.o)
                0x08001ea0                __libc_init_array
 *(.glue_7)
 .glue_7        0x08001ee8        0x0 linker stubs
 *(.glue_7t)
 .glue_7t       0x08001ee8        0x0 linker stubs
 *(.eh_frame)
 .eh_frame      0x08001ee8        0x0 C:/ST/STM32CubeIDE_1.15.0/STM32CubeIDE/plugins/com.st.stm32cube.ide.mcu.externaltools.gnu-tools-for-stm32.12.3.rel1.win32_1.0.100.202403111256/tools/bin/../lib/gcc/arm-none-eabi/12.3.1/thumb/v7-m/nofp/crtbegin.o
 *(.init)
 .init          0x08001ee8        0x4 C:/ST/STM32CubeIDE_1.15.0/STM32CubeIDE/plugins/com.st.stm32cube.ide.mcu.externaltools.gnu-tools-for-stm32.12.3.rel1.win32_1.0.100.202403111256/tools/bin/../lib/gcc/arm-none-eabi/12.3.1/thumb/v7-m/nofp/crti.o
                0x08001ee8                _init
 .init          0x08001eec        0x8 C:/ST/STM32CubeIDE_1.15.0/STM32CubeIDE/plugins/com.st.stm32cube.ide.mcu.externaltools.gnu-tools-for-stm32.12.3.rel1.win32_1.0.100.202403111256/tools/bin/../lib/gcc/arm-none-eabi/12.3.1/thumb/v7-m/nofp/crtn.o
 *(.fini)
 .fini          0x08001ef4        0x4 C:/ST/STM32CubeIDE_1.15.0/STM32CubeIDE/plugins/com.st.stm32cube.ide.mcu.externaltools.gnu-tools-for-stm32.12.3.rel1.win32_1.0.100.202403111256/tools/bin/../lib/gcc/arm-none-eabi/12.3.1/thumb/v7-m/nofp/crti.o
                0x08001ef4                _fini
 .fini          0x08001ef8        0x8 C:/ST/STM32CubeIDE_1.15.0/STM32CubeIDE/plugins/com.st.stm32cube.ide.mcu.externaltools.gnu-tools-for-stm32.12.3.rel1.win32_1.0.100.202403111256/tools/bin/../lib/gcc/arm-none-eabi/12.3.1/thumb/v7-m/nofp/crtn.o
                0x08001f00                        . = ALIGN (0x4)
                0x08001f00                        _etext = .

.vfp11_veneer   0x08001f00        0x0
 .vfp11_veneer  0x08001f00        0x0 linker stubs

.v4_bx          0x08001f00        0x0
 .v4_bx         0x08001f00        0x0 linker stubs

.iplt           0x08001f00        0x0
 .iplt          0x08001f00        0x0 C:/ST/STM32CubeIDE_1.15.0/STM32CubeIDE/plugins/com.st.stm32cube.ide.mcu.externaltools.gnu-tools-for-stm32.12.3.rel1.win32_1.0.100.202403111256/tools/bin/../lib/gcc/arm-none-eabi/12.3.1/thumb/v7-m/nofp/crtbegin.o

.rodata         0x08001f00       0x3c
                0x08001f00                        . = ALIGN (0x4)
 *(.rodata)
 .rodata        0x08001f00        0x3 ./Src/BME280Sensor.o
 *(.rodata*)
 .rodata._ZN9LcdScreen14LcdPrintNumberEhb.str1.1
                0x08001f03        0x0 ./Src/LcdScreen.o
                                  0x4 (size before relaxing)
 .rodata._ZN9LcdScreen14LcdPrintNumberEtb.str1.1
                0x08001f03        0x0 ./Src/LcdScreen.o
                                  0x6 (size before relaxing)
 .rodata._ZN9LcdScreen14LcdPrintNumberEmb.str1.1
                0x08001f03        0xb ./Src/LcdScreen.o
 .rodata._Z15ShowBME280Errorv.str1.1
                0x08001f0e        0xd ./Src/main.o
 .rodata._Z18ShowBatteryVoltagev.str1.1
                0x08001f1b       0x11 ./Src/main.o
 .rodata.main.str1.1
                0x08001f2c        0x9 ./Src/main.o
 .rodata.CSWTCH.34
                0x08001f35        0x4 ./Src/main.o
                0x08001f3c                        . = ALIGN (0x4)
 *fill*         0x08001f39        0x3 

.ARM.extab      0x08001f3c        0x0
                0x08001f3c                        . = ALIGN (0x4)
 *(.ARM.extab* .gnu.linkonce.armextab.*)
                0x08001f3c                        . = ALIGN (0x4)

.ARM            0x08001f3c        0x8
                0x08001f3c                        . = ALIGN (0x4)
                0x08001f3c                        __exidx_start = .
 *(.ARM.exidx*)
 .ARM.exidx     0x08001f3c        0x8 C:/ST/STM32CubeIDE_1.15.0/STM32CubeIDE/plugins/com.st.stm32cube.ide.mcu.externaltools.gnu-tools-for-stm32.12.3.rel1.win32_1.0.100.202403111256/tools/bin/../lib/gcc/arm-none-eabi/12.3.1/thumb/v7-m/nofp\libgcc.a(_udivmoddi4.o)
                0x08001f44                        __exidx_end = .
                0x08001f44                        . = ALIGN (0x4)

.preinit_array  0x08001f44        0x0
                0x08001f44                        . = ALIGN (0x4)
                0x08001f44                        PROVIDE (__preinit_array_start = .)
 *(.preinit_array*)
                0x08001f44                        PROVIDE (__preinit_array_end = .)
                0x08001f44                        . = ALIGN (0x4)

.init_array     0x08001f44        0x4
                0x08001f44                        . = ALIGN (0x4)
                0x08001f44                        PROVIDE (__init_array_start = .)
 *(SORT_BY_NAME(.init_array.*))
 *(.init_array*)
 .init_array    0x08001f44        0x4 C:/ST/STM32CubeIDE_1.15.0/STM32CubeIDE/plugins/com.st.stm32cube.ide.mcu.externaltools.gnu-tools-for-stm32.12.3.rel1.win32_1.0.100.202403111256/tools/bin/../lib/gcc/arm-none-eabi/12.3.1/thumb/v7-m/nofp/crtbegin.o
                0x08001f48                        PROVIDE (__init_array_end = .)
                0x08001f48                        . = ALIGN (0x4)

.fini_array     0x08001f48        0x4
                0x08001f48                        . = ALIGN (0x4)
                [!provide]                        PROVIDE (__fini_array_start = .)
 *(SORT_BY_NAME(.fini_array.*))
 *(.fini_array*)
 .fini_array    0x08001f48        0x4 C:/ST/STM32CubeIDE_1.15.0/STM32CubeIDE/plugins/com.st.stm32cube.ide.mcu.externaltools.gnu-tools-for-stm32.12.3.rel1.win32_1.0.100.202403111256/tools/bin/../lib/gcc/arm-none-eabi/12.3.1/thumb/v7-m/nofp/crtbegin.o
                [!provide]                        PROVIDE (__fini_array_end = .)
                0x08001f4c                        . = ALIGN (0x4)
                0x08001f4c                        _sidata = LOADADDR (.data)

.rel.dyn        0x08001f4c        0x0
 .rel.iplt      0x08001f4c        0x0 C:/ST/STM32CubeIDE_1.15.0/STM32CubeIDE/plugins/com.st.stm32cube.ide.mcu.externaltools.gnu-tools-for-stm32.12.3.rel1.win32_1.0.100.202403111256/tools/bin/../lib/gcc/arm-none-eabi/12.3.1/thumb/v7-m/nofp/crtbegin.o

.data           0x20000000        0x0 load address 0x08001f4c
                0x20000000                        . = ALIGN (0x4)
                0x20000000                        _sdata = .
 *(.data)
 *(.data*)
 *(.RamFunc)
 *(.RamFunc*)
                0x20000000                        . = ALIGN (0x4)
                0x20000000                        _edata = .

.igot.plt       0x20000000        0x0 load address 0x08001f4c
 .igot.plt      0x20000000        0x0 C:/ST/STM32CubeIDE_1.15.0/STM32CubeIDE/plugins/com.st.stm32cube.ide.mcu.externaltools.gnu-tools-for-stm32.12.3.rel1.win32_1.0.100.202403111256/tools/bin/../lib/gcc/arm-none-eabi/12.3.1/thumb/v7-m/nofp/crtbegin.o
                0x20000000                        . = ALIGN (0x4)

.bss            0x20000000       0x1c load address 0x08001f4c
                0x20000000                        _sbss = .
                0x20000000                        __bss_start__ = _sbss
 *(.bss)
 .bss           0x20000000       0x1c C:/ST/STM32CubeIDE_1.15.0/STM32CubeIDE/plugins/com.st.stm32cube.ide.mcu.externaltools.gnu-tools-for-stm32.12.3.rel1.win32_1.0.100.202403111256/tools/bin/../lib/gcc/arm-none-eabi/12.3.1/thumb/v7-m/nofp/crtbegin.o
 *(.bss*)
 *(COMMON)
                0x2000001c                        . = ALIGN (0x4)
                0x2000001c                        _ebss = .
                0x2000001c                        __bss_end__ = _ebss

._user_heap_stack
                0x2000001c      0x604 load address 0x08001f4c
                0x20000020                        . = ALIGN (0x8)
 *fill*         0x2000001c        0x4 
                [!provide]                        PROVIDE (end = .)
                0x20000020                        PROVIDE (_end = .)
                0x20000220                        . = (. + _Min_Heap_Size)
 *fill*         0x20000020      0x200 
                0x20000620                        . = (. + _Min_Stack_Size)
 *fill*         0x20000220      0x400 
                0x20000620                        . = ALIGN (0x8)

/DISCARD/
 libc.a(*)
 libm.a(*)
 libgcc.a(*)

.ARM.attributes
                0x00000000       0x29
 *(.ARM.attributes)
 .ARM.attributes
                0x00000000       0x1d C:/ST/STM32CubeIDE_1.15.0/STM32CubeIDE/plugins/com.st.stm32cube.ide.mcu.externaltools.gnu-tools-for-stm32.12.3.rel1.win32_1.0.100.202403111256/tools/bin/../lib/gcc/arm-none-eabi/12.3.1/thumb/v7-m/nofp/crti.o
 .ARM.attributes
                0x0000001d       0x2d C:/ST/STM32CubeIDE_1.15.0/STM32CubeIDE/plugins/com.st.stm32cube.ide.mcu.externaltools.gnu-tools-for-stm32.12.3.rel1.win32_1.0.100.202403111256/tools/bin/../lib/gcc/arm-none-eabi/12.3.1/thumb/v7-m/nofp/crtbegin.o
 .ARM.attributes
                0x0000004a       0x2d ./CMSIS/src/stm32f1xx_it.o
 .ARM.attributes
                0x00000077       0x2d ./CMSIS/src/system_stm32f1xx.o
 .ARM.attributes
                0x000000a4       0x2d ./Src/BME280Sensor.o
 .ARM.attributes
                0x000000d1       0x2d ./Src/DelayTimer.o
 .ARM.attributes
                0x000000fe       0x2d ./Src/GpioConfigurator.o
 .ARM.attributes
                0x0000012b       0x2d ./Src/I2cRxTx.o
 .ARM.attributes
                0x00000158       0x2d ./Src/KeyPressDetector.o
 .ARM.attributes
                0x00000185       0x2d ./Src/LcdScreen.o
 .ARM.attributes
                0x000001b2       0x2d ./Src/PowerControl.o
 .ARM.attributes
                0x000001df       0x2d ./Src/main.o
 .ARM.attributes
                0x0000020c       0x21 ./Startup/startup_stm32f103c8tx.o
 .ARM.attributes
                0x0000022d       0x2d C:/ST/STM32CubeIDE_1.15.0/STM32CubeIDE/plugins/com.st.stm32cube.ide.mcu.externaltools.gnu-tools-for-stm32.12.3.rel1.win32_1.0.100.202403111256/tools/bin/../lib/gcc/arm-none-eabi/12.3.1/../../../../arm-none-eabi/lib/thumb/v7-m/nofp\libc_nano.a(libc_a-init.o)
 .ARM.attributes
                0x0000025a       0x1d C:/ST/STM32CubeIDE_1.15.0/STM32CubeIDE/plugins/com.st.stm32cube.ide.mcu.externaltools.gnu-tools-for-stm32.12.3.rel1.win32_1.0.100.202403111256/tools/bin/../lib/gcc/arm-none-eabi/12.3.1/thumb/v7-m/nofp\libgcc.a(_arm_addsubdf3.o)
 .ARM.attributes
                0x00000277       0x1d C:/ST/STM32CubeIDE_1.15.0/STM32CubeIDE/plugins/com.st.stm32cube.ide.mcu.externaltools.gnu-tools-for-stm32.12.3.rel1.win32_1.0.100.202403111256/tools/bin/../lib/gcc/arm-none-eabi/12.3.1/thumb/v7-m/nofp\libgcc.a(_arm_muldivdf3.o)
 .ARM.attributes
                0x00000294       0x1d C:/ST/STM32CubeIDE_1.15.0/STM32CubeIDE/plugins/com.st.stm32cube.ide.mcu.externaltools.gnu-tools-for-stm32.12.3.rel1.win32_1.0.100.202403111256/tools/bin/../lib/gcc/arm-none-eabi/12.3.1/thumb/v7-m/nofp\libgcc.a(_arm_fixdfsi.o)
 .ARM.attributes
                0x000002b1       0x1d C:/ST/STM32CubeIDE_1.15.0/STM32CubeIDE/plugins/com.st.stm32cube.ide.mcu.externaltools.gnu-tools-for-stm32.12.3.rel1.win32_1.0.100.202403111256/tools/bin/../lib/gcc/arm-none-eabi/12.3.1/thumb/v7-m/nofp\libgcc.a(_aeabi_ldivmod.o)
 .ARM.attributes
                0x000002ce       0x2d C:/ST/STM32CubeIDE_1.15.0/STM32CubeIDE/plugins/com.st.stm32cube.ide.mcu.externaltools.gnu-tools-for-stm32.12.3.rel1.win32_1.0.100.202403111256/tools/bin/../lib/gcc/arm-none-eabi/12.3.1/thumb/v7-m/nofp\libgcc.a(_udivmoddi4.o)
 .ARM.attributes
                0x000002fb       0x1d C:/ST/STM32CubeIDE_1.15.0/STM32CubeIDE/plugins/com.st.stm32cube.ide.mcu.externaltools.gnu-tools-for-stm32.12.3.rel1.win32_1.0.100.202403111256/tools/bin/../lib/gcc/arm-none-eabi/12.3.1/thumb/v7-m/nofp\libgcc.a(_dvmd_tls.o)
 .ARM.attributes
                0x00000318       0x1d C:/ST/STM32CubeIDE_1.15.0/STM32CubeIDE/plugins/com.st.stm32cube.ide.mcu.externaltools.gnu-tools-for-stm32.12.3.rel1.win32_1.0.100.202403111256/tools/bin/../lib/gcc/arm-none-eabi/12.3.1/thumb/v7-m/nofp/crtn.o
OUTPUT(HumidityMetter.elf elf32-littlearm)
LOAD linker stubs
LOAD C:/ST/STM32CubeIDE_1.15.0/STM32CubeIDE/plugins/com.st.stm32cube.ide.mcu.externaltools.gnu-tools-for-stm32.12.3.rel1.win32_1.0.100.202403111256/tools/bin/../lib/gcc/arm-none-eabi/12.3.1/../../../../arm-none-eabi/lib/thumb/v7-m/nofp\libc.a
LOAD C:/ST/STM32CubeIDE_1.15.0/STM32CubeIDE/plugins/com.st.stm32cube.ide.mcu.externaltools.gnu-tools-for-stm32.12.3.rel1.win32_1.0.100.202403111256/tools/bin/../lib/gcc/arm-none-eabi/12.3.1/../../../../arm-none-eabi/lib/thumb/v7-m/nofp\libm.a
LOAD C:/ST/STM32CubeIDE_1.15.0/STM32CubeIDE/plugins/com.st.stm32cube.ide.mcu.externaltools.gnu-tools-for-stm32.12.3.rel1.win32_1.0.100.202403111256/tools/bin/../lib/gcc/arm-none-eabi/12.3.1/thumb/v7-m/nofp\libgcc.a

.comment        0x00000000       0x43
 .comment       0x00000000       0x43 ./CMSIS/src/stm32f1xx_it.o
                                 0x44 (size before relaxing)
 .comment       0x00000043       0x44 ./CMSIS/src/system_stm32f1xx.o
 .comment       0x00000043       0x44 ./Src/BME280Sensor.o
 .comment       0x00000043       0x44 ./Src/DelayTimer.o
 .comment       0x00000043       0x44 ./Src/GpioConfigurator.o
 .comment       0x00000043       0x44 ./Src/I2cRxTx.o
 .comment       0x00000043       0x44 ./Src/KeyPressDetector.o
 .comment       0x00000043       0x44 ./Src/LcdScreen.o
 .comment       0x00000043       0x44 ./Src/PowerControl.o
 .comment       0x00000043       0x44 ./Src/main.o

.debug_frame    0x00000000      0x1c4
 .debug_frame   0x00000000       0x2c C:/ST/STM32CubeIDE_1.15.0/STM32CubeIDE/plugins/com.st.stm32cube.ide.mcu.externaltools.gnu-tools-for-stm32.12.3.rel1.win32_1.0.100.202403111256/tools/bin/../lib/gcc/arm-none-eabi/12.3.1/../../../../arm-none-eabi/lib/thumb/v7-m/nofp\libc_nano.a(libc_a-init.o)
 .debug_frame   0x0000002c       0xac C:/ST/STM32CubeIDE_1.15.0/STM32CubeIDE/plugins/com.st.stm32cube.ide.mcu.externaltools.gnu-tools-for-stm32.12.3.rel1.win32_1.0.100.202403111256/tools/bin/../lib/gcc/arm-none-eabi/12.3.1/thumb/v7-m/nofp\libgcc.a(_arm_addsubdf3.o)
 .debug_frame   0x000000d8       0x50 C:/ST/STM32CubeIDE_1.15.0/STM32CubeIDE/plugins/com.st.stm32cube.ide.mcu.externaltools.gnu-tools-for-stm32.12.3.rel1.win32_1.0.100.202403111256/tools/bin/../lib/gcc/arm-none-eabi/12.3.1/thumb/v7-m/nofp\libgcc.a(_arm_muldivdf3.o)
 .debug_frame   0x00000128       0x24 C:/ST/STM32CubeIDE_1.15.0/STM32CubeIDE/plugins/com.st.stm32cube.ide.mcu.externaltools.gnu-tools-for-stm32.12.3.rel1.win32_1.0.100.202403111256/tools/bin/../lib/gcc/arm-none-eabi/12.3.1/thumb/v7-m/nofp\libgcc.a(_arm_fixdfsi.o)
 .debug_frame   0x0000014c       0x44 C:/ST/STM32CubeIDE_1.15.0/STM32CubeIDE/plugins/com.st.stm32cube.ide.mcu.externaltools.gnu-tools-for-stm32.12.3.rel1.win32_1.0.100.202403111256/tools/bin/../lib/gcc/arm-none-eabi/12.3.1/thumb/v7-m/nofp\libgcc.a(_aeabi_ldivmod.o)
 .debug_frame   0x00000190       0x34 C:/ST/STM32CubeIDE_1.15.0/STM32CubeIDE/plugins/com.st.stm32cube.ide.mcu.externaltools.gnu-tools-for-stm32.12.3.rel1.win32_1.0.100.202403111256/tools/bin/../lib/gcc/arm-none-eabi/12.3.1/thumb/v7-m/nofp\libgcc.a(_udivmoddi4.o)
