04:42:19 **** Incremental Build of configuration Release for project HumidityMetter ****
make -j6 all 
arm-none-eabi-g++ "../Src/main.cpp" -mcpu=cortex-m3 -std=gnu++14 -DSTM32 -DSTM32F1 -DSTM32F103C8Tx -DSTM32F103xB -c -I../Inc -I"C:/__workspace/ColomboProjects/HumidityMetter/sw_ver2/HumidityMetter/CMSIS/src" -I"C:/__workspace/ColomboProjects/HumidityMetter/sw_ver2/HumidityMetter/CMSIS/inc" -Os -ffunction-sections -fdata-sections -fno-exceptions -fno-rtti -fno-use-cxa-atexit -Wall -fstack-usage -fcyclomatic-complexity -MMD -MP -MF"Src/main.d" -MT"Src/main.o" --specs=nano.specs -mfloat-abi=soft -mthumb -o "Src/main.o"
../Src/main.cpp: In function 'void ShowSensorError(const AM2320Sensor&)':
../Src/main.cpp:210:29: warning: ISO C++ forbids converting a string constant to 'char*' [-Wwrite-strings]
  210 |         LcdScreen::LcdPrint("Sensor:");
      |                             ^~~~~~~~~
../Src/main.cpp:214:55: warning: ISO C++ forbids converting a string constant to 'char*' [-Wwrite-strings]
  214 |         case AM2320Sensor::ES_OK: LcdScreen::LcdPrint("OK"); break;
      |                                                       ^~~~
../Src/main.cpp:215:63: warning: ISO C++ forbids converting a string constant to 'char*' [-Wwrite-strings]
  215 |         case AM2320Sensor::ES_NO_RESPOND: LcdScreen::LcdPrint("NO RESP"); break;
      |                                                               ^~~~~~~~~
../Src/main.cpp:216:72: warning: ISO C++ forbids converting a string constant to 'char*' [-Wwrite-strings]
  216 |         case AM2320Sensor::ES_COMMUNICATION_ERROR: LcdScreen::LcdPrint("COMM ERR"); break;
      |                                                                        ^~~~~~~~~~
../Src/main.cpp:217:62: warning: ISO C++ forbids converting a string constant to 'char*' [-Wwrite-strings]
  217 |         case AM2320Sensor::ES_CRC_ERROR: LcdScreen::LcdPrint("CRC ERR"); break;
      |                                                              ^~~~~~~~~
../Src/main.cpp: In function 'void ShowBME280Error()':
../Src/main.cpp:354:29: warning: ISO C++ forbids converting a string constant to 'char*' [-Wwrite-strings]
  354 |         LcdScreen::LcdPrint("BME280");
      |                             ^~~~~~~~
../Src/main.cpp:356:29: warning: ISO C++ forbids converting a string constant to 'char*' [-Wwrite-strings]
  356 |         LcdScreen::LcdPrint("ERROR");
      |                             ^~~~~~~
../Src/main.cpp: In function 'void ShowBatteryVoltage(const BatterySensor&)':
../Src/main.cpp:363:29: warning: ISO C++ forbids converting a string constant to 'char*' [-Wwrite-strings]
  363 |         LcdScreen::LcdPrint("BATTERY");
      |                             ^~~~~~~~~
../Src/main.cpp: In function 'int main()':
../Src/main.cpp:402:29: warning: ISO C++ forbids converting a string constant to 'char*' [-Wwrite-strings]
  402 |         LcdScreen::LcdPrint("Hello!!!");
      |                             ^~~~~~~~~~
arm-none-eabi-g++ -o "HumidityMetter.elf" @"objects.list"   -mcpu=cortex-m3 -T"C:\__workspace\ColomboProjects\HumidityMetter\sw_ver2\HumidityMetter\STM32F103C8TX_FLASH.ld" --specs=nosys.specs -Wl,-Map="HumidityMetter.map" -Wl,--gc-sections -static --specs=nano.specs -mfloat-abi=soft -mthumb -Wl,--start-group -lc -lm -lstdc++ -lsupc++ -Wl,--end-group
Finished building target: HumidityMetter.elf
 
arm-none-eabi-size  HumidityMetter.elf 
arm-none-eabi-objdump -h -S HumidityMetter.elf  > "HumidityMetter.list"
   text	   data	    bss	    dec	    hex	filename
   6520	      0	   1608	   8128	   1fc0	HumidityMetter.elf
Finished building: default.size.stdout
 
Finished building: HumidityMetter.list
 
