07:05:14 **** Incremental Build of configuration Release for project HumidityMetter ****
make -j6 all 
arm-none-eabi-g++ "../Src/BME280Sensor.cpp" -mcpu=cortex-m3 -std=gnu++14 -DSTM32 -DSTM32F1 -DSTM32F103C8Tx -DSTM32F103xB -c -I../Inc -I"C:/__workspace/ColomboProjects/HumidityMetter/sw_ver2/HumidityMetter/CMSIS/src" -I"C:/__workspace/ColomboProjects/HumidityMetter/sw_ver2/HumidityMetter/CMSIS/inc" -Os -ffunction-sections -fdata-sections -fno-exceptions -fno-rtti -fno-use-cxa-atexit -Wall -fstack-usage -fcyclomatic-complexity -MMD -MP -MF"Src/BME280Sensor.d" -MT"Src/BME280Sensor.o" --specs=nano.specs -mfloat-abi=soft -mthumb -o "Src/BME280Sensor.o"
arm-none-eabi-g++ -o "HumidityMetter.elf" @"objects.list"   -mcpu=cortex-m3 -T"C:\__workspace\ColomboProjects\HumidityMetter\sw_ver2\HumidityMetter\STM32F103C8TX_FLASH.ld" --specs=nosys.specs -Wl,-Map="HumidityMetter.map" -Wl,--gc-sections -static --specs=nano.specs -mfloat-abi=soft -mthumb -Wl,--start-group -lc -lm -lstdc++ -lsupc++ -Wl,--end-group
Finished building target: HumidityMetter.elf
 
arm-none-eabi-size  HumidityMetter.elf 
arm-none-eabi-objdump -h -S HumidityMetter.elf  > "HumidityMetter.list"
   text	   data	    bss	    dec	    hex	filename
   8872	      0	   1568	  10440	   28c8	HumidityMetter.elf
Finished building: default.size.stdout
 
Finished building: HumidityMetter.list
 

07:05:15 Build Finished. 0 errors, 0 warnings. (took 868ms)

