Archive member included to satisfy reference by file (symbol)

C:/ST/STM32CubeIDE_1.15.0/STM32CubeIDE/plugins/com.st.stm32cube.ide.mcu.externaltools.gnu-tools-for-stm32.12.3.rel1.win32_1.0.100.202403111256/tools/bin/../lib/gcc/arm-none-eabi/12.3.1/../../../../arm-none-eabi/lib/thumb/v7-m/nofp\libc_nano.a(libc_a-exit.o)
                              C:/ST/STM32CubeIDE_1.15.0/STM32CubeIDE/plugins/com.st.stm32cube.ide.mcu.externaltools.gnu-tools-for-stm32.12.3.rel1.win32_1.0.100.202403111256/tools/bin/../lib/gcc/arm-none-eabi/12.3.1/../../../../arm-none-eabi/lib/thumb/v7-m/nofp/crt0.o (exit)
C:/ST/STM32CubeIDE_1.15.0/STM32CubeIDE/plugins/com.st.stm32cube.ide.mcu.externaltools.gnu-tools-for-stm32.12.3.rel1.win32_1.0.100.202403111256/tools/bin/../lib/gcc/arm-none-eabi/12.3.1/../../../../arm-none-eabi/lib/thumb/v7-m/nofp\libc_nano.a(libc_a-findfp.o)
                              C:/ST/STM32CubeIDE_1.15.0/STM32CubeIDE/plugins/com.st.stm32cube.ide.mcu.externaltools.gnu-tools-for-stm32.12.3.rel1.win32_1.0.100.202403111256/tools/bin/../lib/gcc/arm-none-eabi/12.3.1/../../../../arm-none-eabi/lib/thumb/v7-m/nofp\libc_nano.a(libc_a-exit.o) (__stdio_exit_handler)
C:/ST/STM32CubeIDE_1.15.0/STM32CubeIDE/plugins/com.st.stm32cube.ide.mcu.externaltools.gnu-tools-for-stm32.12.3.rel1.win32_1.0.100.202403111256/tools/bin/../lib/gcc/arm-none-eabi/12.3.1/../../../../arm-none-eabi/lib/thumb/v7-m/nofp\libc_nano.a(libc_a-fwalk.o)
                              C:/ST/STM32CubeIDE_1.15.0/STM32CubeIDE/plugins/com.st.stm32cube.ide.mcu.externaltools.gnu-tools-for-stm32.12.3.rel1.win32_1.0.100.202403111256/tools/bin/../lib/gcc/arm-none-eabi/12.3.1/../../../../arm-none-eabi/lib/thumb/v7-m/nofp\libc_nano.a(libc_a-findfp.o) (_fwalk_sglue)
C:/ST/STM32CubeIDE_1.15.0/STM32CubeIDE/plugins/com.st.stm32cube.ide.mcu.externaltools.gnu-tools-for-stm32.12.3.rel1.win32_1.0.100.202403111256/tools/bin/../lib/gcc/arm-none-eabi/12.3.1/../../../../arm-none-eabi/lib/thumb/v7-m/nofp\libc_nano.a(libc_a-stdio.o)
                              C:/ST/STM32CubeIDE_1.15.0/STM32CubeIDE/plugins/com.st.stm32cube.ide.mcu.externaltools.gnu-tools-for-stm32.12.3.rel1.win32_1.0.100.202403111256/tools/bin/../lib/gcc/arm-none-eabi/12.3.1/../../../../arm-none-eabi/lib/thumb/v7-m/nofp\libc_nano.a(libc_a-findfp.o) (__sread)
C:/ST/STM32CubeIDE_1.15.0/STM32CubeIDE/plugins/com.st.stm32cube.ide.mcu.externaltools.gnu-tools-for-stm32.12.3.rel1.win32_1.0.100.202403111256/tools/bin/../lib/gcc/arm-none-eabi/12.3.1/../../../../arm-none-eabi/lib/thumb/v7-m/nofp\libc_nano.a(libc_a-memset.o)
                              C:/ST/STM32CubeIDE_1.15.0/STM32CubeIDE/plugins/com.st.stm32cube.ide.mcu.externaltools.gnu-tools-for-stm32.12.3.rel1.win32_1.0.100.202403111256/tools/bin/../lib/gcc/arm-none-eabi/12.3.1/../../../../arm-none-eabi/lib/thumb/v7-m/nofp/crt0.o (memset)
C:/ST/STM32CubeIDE_1.15.0/STM32CubeIDE/plugins/com.st.stm32cube.ide.mcu.externaltools.gnu-tools-for-stm32.12.3.rel1.win32_1.0.100.202403111256/tools/bin/../lib/gcc/arm-none-eabi/12.3.1/../../../../arm-none-eabi/lib/thumb/v7-m/nofp\libc_nano.a(libc_a-closer.o)
                              C:/ST/STM32CubeIDE_1.15.0/STM32CubeIDE/plugins/com.st.stm32cube.ide.mcu.externaltools.gnu-tools-for-stm32.12.3.rel1.win32_1.0.100.202403111256/tools/bin/../lib/gcc/arm-none-eabi/12.3.1/../../../../arm-none-eabi/lib/thumb/v7-m/nofp\libc_nano.a(libc_a-stdio.o) (_close_r)
C:/ST/STM32CubeIDE_1.15.0/STM32CubeIDE/plugins/com.st.stm32cube.ide.mcu.externaltools.gnu-tools-for-stm32.12.3.rel1.win32_1.0.100.202403111256/tools/bin/../lib/gcc/arm-none-eabi/12.3.1/../../../../arm-none-eabi/lib/thumb/v7-m/nofp\libc_nano.a(libc_a-reent.o)
                              C:/ST/STM32CubeIDE_1.15.0/STM32CubeIDE/plugins/com.st.stm32cube.ide.mcu.externaltools.gnu-tools-for-stm32.12.3.rel1.win32_1.0.100.202403111256/tools/bin/../lib/gcc/arm-none-eabi/12.3.1/../../../../arm-none-eabi/lib/thumb/v7-m/nofp\libc_nano.a(libc_a-closer.o) (errno)
C:/ST/STM32CubeIDE_1.15.0/STM32CubeIDE/plugins/com.st.stm32cube.ide.mcu.externaltools.gnu-tools-for-stm32.12.3.rel1.win32_1.0.100.202403111256/tools/bin/../lib/gcc/arm-none-eabi/12.3.1/../../../../arm-none-eabi/lib/thumb/v7-m/nofp\libc_nano.a(libc_a-impure.o)
                              C:/ST/STM32CubeIDE_1.15.0/STM32CubeIDE/plugins/com.st.stm32cube.ide.mcu.externaltools.gnu-tools-for-stm32.12.3.rel1.win32_1.0.100.202403111256/tools/bin/../lib/gcc/arm-none-eabi/12.3.1/../../../../arm-none-eabi/lib/thumb/v7-m/nofp\libc_nano.a(libc_a-reent.o) (_impure_ptr)
C:/ST/STM32CubeIDE_1.15.0/STM32CubeIDE/plugins/com.st.stm32cube.ide.mcu.externaltools.gnu-tools-for-stm32.12.3.rel1.win32_1.0.100.202403111256/tools/bin/../lib/gcc/arm-none-eabi/12.3.1/../../../../arm-none-eabi/lib/thumb/v7-m/nofp\libc_nano.a(libc_a-lseekr.o)
[...]
Memory Configuration

Name             Origin             Length             Attributes
RAM              0x20000000         0x00005000         xrw
FLASH            0x08000000         0x00010000         xr
*default*        0x00000000         0xffffffff

Linker script and memory map

LOAD C:/ST/STM32CubeIDE_1.15.0/STM32CubeIDE/plugins/com.st.stm32cube.ide.mcu.externaltools.gnu-tools-for-stm32.12.3.rel1.win32_1.0.100.202403111256/tools/bin/../lib/gcc/arm-none-eabi/12.3.1/thumb/v7-m/nofp/crti.o
LOAD C:/ST/STM32CubeIDE_1.15.0/STM32CubeIDE/plugins/com.st.stm32cube.ide.mcu.externaltools.gnu-tools-for-stm32.12.3.rel1.win32_1.0.100.202403111256/tools/bin/../lib/gcc/arm-none-eabi/12.3.1/thumb/v7-m/nofp/crtbegin.o
LOAD C:/ST/STM32CubeIDE_1.15.0/STM32CubeIDE/plugins/com.st.stm32cube.ide.mcu.externaltools.gnu-tools-for-stm32.12.3.rel1.win32_1.0.100.202403111256/tools/bin/../lib/gcc/arm-none-eabi/12.3.1/../../../../arm-none-eabi/lib/thumb/v7-m/nofp/crt0.o
LOAD ./CMSIS/src/stm32f1xx_it.o
LOAD ./CMSIS/src/syscalls.o
LOAD ./CMSIS/src/sysmem.o
LOAD ./CMSIS/src/system_stm32f1xx.o
LOAD ./Src/AdcSingleRead.o
LOAD ./Src/BME280Sensor.o
LOAD ./Src/BatterySensor.o
LOAD ./Src/DelayTimer.o
LOAD ./Src/ErrorLed.o
LOAD ./Src/Font8x8.o
LOAD ./Src/Font8x8Right.o
LOAD ./Src/GpioConfigurator.o
LOAD ./Src/I2cRxTx.o
LOAD ./Src/I2cSw.o
LOAD ./Src/KeyPressDetector.o
LOAD ./Src/LcdScreen.o
LOAD ./Src/PowerControl.o
LOAD ./Src/SSD1306.o
LOAD ./Src/main.o
LOAD ./Startup/startup_stm32f103c8tx.o
START GROUP
LOAD C:/ST/STM32CubeIDE_1.15.0/STM32CubeIDE/plugins/com.st.stm32cube.ide.mcu.externaltools.gnu-tools-for-stm32.12.3.rel1.win32_1.0.100.202403111256/tools/bin/../lib/gcc/arm-none-eabi/12.3.1/../../../../arm-none-eabi/lib/thumb/v7-m/nofp\libstdc++_nano.a
LOAD C:/ST/STM32CubeIDE_1.15.0/STM32CubeIDE/plugins/com.st.stm32cube.ide.mcu.externaltools.gnu-tools-for-stm32.12.3.rel1.win32_1.0.100.202403111256/tools/bin/../lib/gcc/arm-none-eabi/12.3.1/../../../../arm-none-eabi/lib/thumb/v7-m/nofp\libsupc++_nano.a
END GROUP
LOAD C:/ST/STM32CubeIDE_1.15.0/STM32CubeIDE/plugins/com.st.stm32cube.ide.mcu.externaltools.gnu-tools-for-stm32.12.3.rel1.win32_1.0.100.202403111256/tools/bin/../lib/gcc/arm-none-eabi/12.3.1/../../../../arm-none-eabi/lib/thumb/v7-m/nofp\libstdc++_nano.a
LOAD C:/ST/STM32CubeIDE_1.15.0/STM32CubeIDE/plugins/com.st.stm32cube.ide.mcu.externaltools.gnu-tools-for-stm32.12.3.rel1.win32_1.0.100.202403111256/tools/bin/../lib/gcc/arm-none-eabi/12.3.1/../../../../arm-none-eabi/lib/thumb/v7-m/nofp\libm.a
LOAD C:/ST/STM32CubeIDE_1.15.0/STM32CubeIDE/plugins/com.st.stm32cube.ide.mcu.externaltools.gnu-tools-for-stm32.12.3.rel1.win32_1.0.100.202403111256/tools/bin/../lib/gcc/arm-none-eabi/12.3.1/../../../../arm-none-eabi/lib/thumb/v7-m/nofp\libc_nano.a
START GROUP
LOAD C:/ST/STM32CubeIDE_1.15.0/STM32CubeIDE/plugins/com.st.stm32cube.ide.mcu.externaltools.gnu-tools-for-stm32.12.3.rel1.win32_1.0.100.202403111256/tools/bin/../lib/gcc/arm-none-eabi/12.3.1/thumb/v7-m/nofp\libgcc.a
LOAD C:/ST/STM32CubeIDE_1.15.0/STM32CubeIDE/plugins/com.st.stm32cube.ide.mcu.externaltools.gnu-tools-for-stm32.12.3.rel1.win32_1.0.100.202403111256/tools/bin/../lib/gcc/arm-none-eabi/12.3.1/../../../../arm-none-eabi/lib/thumb/v7-m/nofp\libc_nano.a
END GROUP
START GROUP
LOAD C:/ST/STM32CubeIDE_1.15.0/STM32CubeIDE/plugins/com.st.stm32cube.ide.mcu.externaltools.gnu-tools-for-stm32.12.3.rel1.win32_1.0.100.202403111256/tools/bin/../lib/gcc/arm-none-eabi/12.3.1/thumb/v7-m/nofp\libgcc.a
LOAD C:/ST/STM32CubeIDE_1.15.0/STM32CubeIDE/plugins/com.st.stm32cube.ide.mcu.externaltools.gnu-tools-for-stm32.12.3.rel1.win32_1.0.100.202403111256/tools/bin/../lib/gcc/arm-none-eabi/12.3.1/../../../../arm-none-eabi/lib/thumb/v7-m/nofp\libc_nano.a
LOAD C:/ST/STM32CubeIDE_1.15.0/STM32CubeIDE/plugins/com.st.stm32cube.ide.mcu.externaltools.gnu-tools-for-stm32.12.3.rel1.win32_1.0.100.202403111256/tools/bin/../lib/gcc/arm-none-eabi/12.3.1/../../../../arm-none-eabi/lib/thumb/v7-m/nofp\libnosys.a
END GROUP
START GROUP
LOAD C:/ST/STM32CubeIDE_1.15.0/STM32CubeIDE/plugins/com.st.stm32cube.ide.mcu.externaltools.gnu-tools-for-stm32.12.3.rel1.win32_1.0.100.202403111256/tools/bin/../lib/gcc/arm-none-eabi/12.3.1/thumb/v7-m/nofp\libgcc.a
LOAD C:/ST/STM32CubeIDE_1.15.0/STM32CubeIDE/plugins/com.st.stm32cube.ide.mcu.externaltools.gnu-tools-for-stm32.12.3.rel1.win32_1.0.100.202403111256/tools/bin/../lib/gcc/arm-none-eabi/12.3.1/../../../../arm-none-eabi/lib/thumb/v7-m/nofp\libc_nano.a
LOAD C:/ST/STM32CubeIDE_1.15.0/STM32CubeIDE/plugins/com.st.stm32cube.ide.mcu.externaltools.gnu-tools-for-stm32.12.3.rel1.win32_1.0.100.202403111256/tools/bin/../lib/gcc/arm-none-eabi/12.3.1/../../../../arm-none-eabi/lib/thumb/v7-m/nofp\libnosys.a
END GROUP
LOAD C:/ST/STM32CubeIDE_1.15.0/STM32CubeIDE/plugins/com.st.stm32cube.ide.mcu.externaltools.gnu-tools-for-stm32.12.3.rel1.win32_1.0.100.202403111256/tools/bin/../lib/gcc/arm-none-eabi/12.3.1/thumb/v7-m/nofp/crtend.o
LOAD C:/ST/STM32CubeIDE_1.15.0/STM32CubeIDE/plugins/com.st.stm32cube.ide.mcu.externaltools.gnu-tools-for-stm32.12.3.rel1.win32_1.0.100.202403111256/tools/bin/../lib/gcc/arm-none-eabi/12.3.1/thumb/v7-m/nofp/crtn.o
                0x20005000                        _estack = (ORIGIN (RAM) + LENGTH (RAM))
                0x00000200                        _Min_Heap_Size = 0x200
                0x00000400                        _Min_Stack_Size = 0x400

.isr_vector     0x08000000      0x130
                0x08000000                        . = ALIGN (0x4)
 *(.isr_vector)
 .isr_vector    0x08000000      0x130 ./Startup/startup_stm32f103c8tx.o
                0x08000000                g_pfnVectors
                0x08000130                        . = ALIGN (0x4)

.text           0x08000130      0xc78
                0x08000130                        . = ALIGN (0x4)
 *(.text)
 .text          0x08000130       0x40 C:/ST/STM32CubeIDE_1.15.0/STM32CubeIDE/plugins/com.st.stm32cube.ide.mcu.externaltools.gnu-tools-for-stm32.12.3.rel1.win32_1.0.100.202403111256/tools/bin/../lib/gcc/arm-none-eabi/12.3.1/thumb/v7-m/nofp/crtbegin.o
 *(.text*)
 .text.NMI_Handler
                0x08000170        0x2 ./CMSIS/src/stm32f1xx_it.o
                0x08000170                NMI_Handler
 .text.HardFault_Handler
                0x08000172        0x2 ./CMSIS/src/stm32f1xx_it.o
                0x08000172                HardFault_Handler
 .text.MemManage_Handler
                0x08000174        0x2 ./CMSIS/src/stm32f1xx_it.o
                0x08000174                MemManage_Handler
 .text.BusFault_Handler
                0x08000176        0x2 ./CMSIS/src/stm32f1xx_it.o
                0x08000176                BusFault_Handler
 .text.UsageFault_Handler
                0x08000178        0x2 ./CMSIS/src/stm32f1xx_it.o
                0x08000178                UsageFault_Handler
 .text.SVC_Handler
                0x0800017a        0x2 ./CMSIS/src/stm32f1xx_it.o
                0x0800017a                SVC_Handler
 .text.DebugMon_Handler
                0x0800017c        0x2 ./CMSIS/src/stm32f1xx_it.o
                0x0800017c                DebugMon_Handler
 .text.PendSV_Handler
                0x0800017e        0x2 ./CMSIS/src/stm32f1xx_it.o
                0x0800017e                PendSV_Handler
 .text.SysTick_Handler
                0x08000180        0x2 ./CMSIS/src/stm32f1xx_it.o
                0x08000180                SysTick_Handler
 .text.SystemInit
                0x08000182        0x2 ./CMSIS/src/system_stm32f1xx.o
                0x08000182                SystemInit
 .text._ZN10DelayTimer4InitEtt
                0x08000184       0x44 ./Src/DelayTimer.o
                0x08000184                DelayTimer::Init(unsigned short, unsigned short)
 .text._ZN10DelayTimer13DelayMicroSecEt
                0x080001c8       0x18 ./Src/DelayTimer.o
                0x080001c8                DelayTimer::DelayMicroSec(unsigned short)
 .text._ZN10DelayTimer13DelayMilliSecEt
                0x080001e0       0x18 ./Src/DelayTimer.o
                0x080001e0                DelayTimer::DelayMilliSec(unsigned short)
 .text._ZN8ErrorLed5LedOnEv
                0x080001f8       0x10 ./Src/ErrorLed.o
                0x080001f8                ErrorLed::LedOn()
 .text._ZN8ErrorLed6LedOffEv
                0x08000208       0x10 ./Src/ErrorLed.o
                0x08000208                ErrorLed::LedOff()
 .text._ZNK8ErrorLed4InitEv
                0x08000218       0x20 ./Src/ErrorLed.o
                0x08000218                ErrorLed::Init() const
 .text._ZN8ErrorLedC2Ev
                0x08000238        0xc ./Src/ErrorLed.o
                0x08000238                ErrorLed::ErrorLed()
                0x08000238                ErrorLed::ErrorLed()
 .text._ZNK8ErrorLed9ShowErrorENS_9ErrorTypeE
                0x08000244       0x4c ./Src/ErrorLed.o
                0x08000244                ErrorLed::ShowError(ErrorLed::ErrorType) const
 .text._ZNK4font12Font8x8Right13GetCharBitmapEh
                0x08000290        0xc ./Src/Font8x8Right.o
                0x08000290                font::Font8x8Right::GetCharBitmap(unsigned char) const
 .text._ZNK4font12Font8x8Right8GetWidthEv
                0x0800029c        0x4 ./Src/Font8x8Right.o
                0x0800029c                font::Font8x8Right::GetHeight() const
                0x0800029c                font::Font8x8Right::GetWidth() const
 .text._ZN16GpioConfigurator15GpioClockEnableEP12GPIO_TypeDef
                0x080002a0       0x58 ./Src/GpioConfigurator.o
                0x080002a0                GpioConfigurator::GpioClockEnable(GPIO_TypeDef*)
 .text._ZN16GpioConfigurator18SetGpioOutPushPullEP12GPIO_TypeDefh
                0x080002f8       0x3e ./Src/GpioConfigurator.o
                0x080002f8                GpioConfigurator::SetGpioOutPushPull(GPIO_TypeDef*, unsigned char)
 .text._ZN16GpioConfigurator19SetGpioOutOpenDrainEP12GPIO_TypeDefh
                0x08000336       0x3e ./Src/GpioConfigurator.o
                0x08000336                GpioConfigurator::SetGpioOutOpenDrain(GPIO_TypeDef*, unsigned char)
 .text._ZN16GpioConfigurator17SetGpioInFloatingEP12GPIO_TypeDefh
                0x08000374       0x3e ./Src/GpioConfigurator.o
                0x08000374                GpioConfigurator::SetGpioInFloating(GPIO_TypeDef*, unsigned char)
 *fill*         0x080003b2        0x2 
 .text._ZN3i2c11I2c400KHzSw4InitEv
                0x080003b4       0x2c ./Src/I2cSw.o
                0x080003b4                i2c::I2c400KHzSw::Init()
 .text._ZN3i2c11I2c400KHzSw14StartConditionEv
                0x080003e0       0x18 ./Src/I2cSw.o
                0x080003e0                i2c::I2c400KHzSw::StartCondition()
 .text._ZN3i2c11I2c400KHzSw13StopConditionEv
                0x080003f8       0x18 ./Src/I2cSw.o
                0x080003f8                i2c::I2c400KHzSw::StopCondition()
 .text._ZN3i2c11I2c400KHzSw9GetAckBitEb
                0x08000410       0x24 ./Src/I2cSw.o
                0x08000410                i2c::I2c400KHzSw::GetAckBit(bool)
 .text._ZN3i2c11I2c400KHzSw6TxByteEhb
                0x08000434       0xd8 ./Src/I2cSw.o
                0x08000434                i2c::I2c400KHzSw::TxByte(unsigned char, bool)
 .text._ZN9LcdScreen5LcdRSEh
                0x0800050c       0x18 ./Src/LcdScreen.o
                0x0800050c                LcdScreen::LcdRS(unsigned char)
 .text._ZN9LcdScreen5LcdRWEh
                0x08000524       0x18 ./Src/LcdScreen.o
                0x08000524                LcdScreen::LcdRW(unsigned char)
 .text._ZN9LcdScreen4LcdEEh
                0x0800053c       0x18 ./Src/LcdScreen.o
                0x0800053c                LcdScreen::LcdE(unsigned char)
 .text._ZN9LcdScreen11LcdOut4bitsEh
                0x08000554       0x34 ./Src/LcdScreen.o
                0x08000554                LcdScreen::LcdOut4bits(unsigned char)
 .text._ZN9LcdScreen10LcdIn4bitsEv
                0x08000588       0x24 ./Src/LcdScreen.o
                0x08000588                LcdScreen::LcdIn4bits()
 .text._ZN9LcdScreen13LcdSetDataOutEv
                0x080005ac       0x2c ./Src/LcdScreen.o
                0x080005ac                LcdScreen::LcdSetDataOut()
 .text._ZN9LcdScreen12LcdSetDataInEv
                0x080005d8       0x2c ./Src/LcdScreen.o
                0x080005d8                LcdScreen::LcdSetDataIn()
 .text._ZN9LcdScreen15Lcd4BitWideReadEhh
                0x08000604       0x56 ./Src/LcdScreen.o
                0x08000604                LcdScreen::Lcd4BitWideRead(unsigned char, unsigned char)
 .text._ZN9LcdScreen6IsBusyEv
                0x0800065a       0x10 ./Src/LcdScreen.o
                0x0800065a                LcdScreen::IsBusy()
 .text._ZN9LcdScreen16Lcd4BitWideWriteEhhh
                0x0800066a       0x58 ./Src/LcdScreen.o
                0x0800066a                LcdScreen::Lcd4BitWideWrite(unsigned char, unsigned char, unsigned char)
 .text._ZN9LcdScreen20Lcd8BitWideFakeWriteEhhh
                0x080006c2       0x38 ./Src/LcdScreen.o
                0x080006c2                LcdScreen::Lcd8BitWideFakeWrite(unsigned char, unsigned char, unsigned char)
 .text._ZN9LcdScreen11WaitForBusyEv
                0x080006fa        0xc ./Src/LcdScreen.o
                0x080006fa                LcdScreen::WaitForBusy()
 *fill*         0x08000706        0x2 
 .text._ZN9LcdScreen7LcdInitEv
                0x08000708      0x100 ./Src/LcdScreen.o
                0x08000708                LcdScreen::LcdInit()
 .text._ZN9LcdScreen8LcdClearEv
                0x08000808       0x1a ./Src/LcdScreen.o
                0x08000808                LcdScreen::LcdClear()
 .text._ZN9LcdScreen12LcdPrintCharEh
                0x08000822       0x1c ./Src/LcdScreen.o
                0x08000822                LcdScreen::LcdPrintChar(unsigned char)
 .text._ZN9LcdScreen8LcdPrintEPc
                0x0800083e       0x12 ./Src/LcdScreen.o
                0x0800083e                LcdScreen::LcdPrint(char*)
 .text._ZN12PowerControl9PowerHoldEv
                0x08000850       0x14 ./Src/PowerControl.o
                0x08000850                PowerControl::PowerHold()
 .text._ZN12PowerControl11PowerUnholdEv
                0x08000864       0x14 ./Src/PowerControl.o
                0x08000864                PowerControl::PowerUnhold()
 .text._ZN12PowerControl4InitEv
                0x08000878       0x24 ./Src/PowerControl.o
                0x08000878                PowerControl::Init()
 .text._ZN12PowerControlC2Ev
                0x0800089c        0xc ./Src/PowerControl.o
                0x0800089c                PowerControl::PowerControl()
                0x0800089c                PowerControl::PowerControl()
 .text._ZN10LcdDrivers7SSD13066Driver28SetColumnPageAddressesForHVMEhhhh
                0x080008a8       0x7c ./Src/SSD1306.o
                0x080008a8                LcdDrivers::SSD1306::Driver::SetColumnPageAddressesForHVM(unsigned char, unsigned char, unsigned char, unsigned char)
 .text._ZN10LcdDrivers7SSD13066Driver27SetColumnStartAddressForPAMEh
                0x08000924       0x52 ./Src/SSD1306.o
                0x08000924                LcdDrivers::SSD1306::Driver::SetColumnStartAddressForPAM(unsigned char)
 .text._ZN10LcdDrivers7SSD13066Driver25SetPageStartAddressForPAMEh
                0x08000976       0x3e ./Src/SSD1306.o
                0x08000976                LcdDrivers::SSD1306::Driver::SetPageStartAddressForPAM(unsigned char)
 .text._ZN10LcdDrivers7SSD13066Driver11SendCommandEPKh
                0x080009b4       0x38 ./Src/SSD1306.o
                0x080009b4                LcdDrivers::SSD1306::Driver::SendCommand(unsigned char const*)
 .text._ZN10LcdDrivers7SSD13066Driver4InitEv
                0x080009ec       0x70 ./Src/SSD1306.o
                0x080009ec                LcdDrivers::SSD1306::Driver::Init()
 .text._ZN10LcdDrivers7SSD13066DriverC2ENS1_12SlaveAddressEhhbb
                0x08000a5c       0x3c ./Src/SSD1306.o
                0x08000a5c                LcdDrivers::SSD1306::Driver::Driver(LcdDrivers::SSD1306::Driver::SlaveAddress, unsigned char, unsigned char, bool, bool)
                0x08000a5c                LcdDrivers::SSD1306::Driver::Driver(LcdDrivers::SSD1306::Driver::SlaveAddress, unsigned char, unsigned char, bool, bool)
 .text._ZN10LcdDrivers7SSD13066Driver8SendDataEPKht
                0x08000a98       0x4c ./Src/SSD1306.o
                0x08000a98                LcdDrivers::SSD1306::Driver::SendData(unsigned char const*, unsigned short)
 .text._ZN10LcdDrivers7SSD13066Driver16SendDataRawStartEv
                0x08000ae4       0x24 ./Src/SSD1306.o
                0x08000ae4                LcdDrivers::SSD1306::Driver::SendDataRawStart()
 .text._ZN10LcdDrivers7SSD13066Driver11SendDataRawEh
                0x08000b08       0x14 ./Src/SSD1306.o
                0x08000b08                LcdDrivers::SSD1306::Driver::SendDataRaw(unsigned char)
 .text._ZN10LcdDrivers7SSD13066Driver11ClearScreenEv
                0x08000b1c       0x58 ./Src/SSD1306.o
                0x08000b1c                LcdDrivers::SSD1306::Driver::ClearScreen()
 .text._ZN10LcdDrivers7SSD13066Driver5PrintEhhPKc
                0x08000b74       0x8c ./Src/SSD1306.o
                0x08000b74                LcdDrivers::SSD1306::Driver::Print(unsigned char, unsigned char, char const*)
 .text._Z10InitClocksv
                0x08000c00       0x2c ./Src/main.o
                0x08000c00                InitClocks()
 .text._Z33ALTERNATIVE_FUNCTION_CLOCK_ENABLEv
                0x08000c2c       0x10 ./Src/main.o
                0x08000c2c                ALTERNATIVE_FUNCTION_CLOCK_ENABLE()
 .text._Z15PA_CLOCK_ENABLEv
                0x08000c3c       0x10 ./Src/main.o
                0x08000c3c                PA_CLOCK_ENABLE()
 .text._Z15PB_CLOCK_ENABLEv
                0x08000c4c       0x10 ./Src/main.o
                0x08000c4c                PB_CLOCK_ENABLE()
 .text._Z15PC_CLOCK_ENABLEv
                0x08000c5c       0x10 ./Src/main.o
                0x08000c5c                PC_CLOCK_ENABLE()
 .text._Z9InitPortsv
                0x08000c6c       0x16 ./Src/main.o
                0x08000c6c                InitPorts()
 *fill*         0x08000c82        0x2 
 .text.startup.main
                0x08000c84       0x70 ./Src/main.o
                0x08000c84                main
 .text.Reset_Handler
                0x08000cf4       0x50 ./Startup/startup_stm32f103c8tx.o
                0x08000cf4                Reset_Handler
 .text.Default_Handler
                0x08000d44        0x2 ./Startup/startup_stm32f103c8tx.o
                0x08000d44                EXTI2_IRQHandler
                0x08000d44                TIM8_TRG_COM_IRQHandler
                0x08000d44                TIM8_CC_IRQHandler
                0x08000d44                TIM1_CC_IRQHandler
                0x08000d44                TIM6_IRQHandler
                0x08000d44                PVD_IRQHandler
                0x08000d44                SDIO_IRQHandler
                0x08000d44                EXTI3_IRQHandler
                0x08000d44                USB_HP_CAN_TX_IRQHandler
                0x08000d44                EXTI0_IRQHandler
                0x08000d44                I2C2_EV_IRQHandler
                0x08000d44                ADC1_2_IRQHandler
                0x08000d44                SPI1_IRQHandler
                0x08000d44                CAN_SCE_IRQHandler
                0x08000d44                TAMPER_IRQHandler
                0x08000d44                TIM8_UP_IRQHandler
                0x08000d44                DMA2_Channel2_IRQHandler
                0x08000d44                DMA1_Channel4_IRQHandler
                0x08000d44                USART3_IRQHandler
                0x08000d44                RTC_IRQHandler
                0x08000d44                DMA1_Channel7_IRQHandler
                0x08000d44                UART5_IRQHandler
                0x08000d44                ADC3_IRQHandler
                0x08000d44                TIM4_IRQHandler
                0x08000d44                CAN_RX1_IRQHandler
                0x08000d44                DMA2_Channel1_IRQHandler
                0x08000d44                I2C1_EV_IRQHandler
                0x08000d44                DMA1_Channel6_IRQHandler
                0x08000d44                UART4_IRQHandler
                0x08000d44                TIM3_IRQHandler
                0x08000d44                RCC_IRQHandler
                0x08000d44                TIM1_TRG_COM_IRQHandler
                0x08000d44                DMA1_Channel1_IRQHandler
                0x08000d44                Default_Handler
                0x08000d44                EXTI15_10_IRQHandler
                0x08000d44                TIM7_IRQHandler
                0x08000d44                TIM5_IRQHandler
                0x08000d44                EXTI9_5_IRQHandler
                0x08000d44                SPI2_IRQHandler
                0x08000d44                USB_LP_CAN_RX0_IRQHandler
                0x08000d44                DMA1_Channel5_IRQHandler
                0x08000d44                EXTI4_IRQHandler
                0x08000d44                DMA1_Channel3_IRQHandler
                0x08000d44                FSMC_IRQHandler
                0x08000d44                TIM1_UP_IRQHandler
                0x08000d44                WWDG_IRQHandler
                0x08000d44                TIM2_IRQHandler
                0x08000d44                TIM1_BRK_IRQHandler
                0x08000d44                EXTI1_IRQHandler
                0x08000d44                RTCAlarm_IRQHandler
                0x08000d44                DMA2_Channel4_5_IRQHandler
                0x08000d44                USART2_IRQHandler
                0x08000d44                I2C2_ER_IRQHandler
                0x08000d44                DMA1_Channel2_IRQHandler
                0x08000d44                TIM8_BRK_IRQHandler
                0x08000d44                FLASH_IRQHandler
                0x08000d44                USART1_IRQHandler
                0x08000d44                SPI3_IRQHandler
                0x08000d44                I2C1_ER_IRQHandler
                0x08000d44                DMA2_Channel3_IRQHandler
 *fill*         0x08000d46        0x2 
 .text.__libc_init_array
                0x08000d48       0x48 C:/ST/STM32CubeIDE_1.15.0/STM32CubeIDE/plugins/com.st.stm32cube.ide.mcu.externaltools.gnu-tools-for-stm32.12.3.rel1.win32_1.0.100.202403111256/tools/bin/../lib/gcc/arm-none-eabi/12.3.1/../../../../arm-none-eabi/lib/thumb/v7-m/nofp\libc_nano.a(libc_a-init.o)
                0x08000d48                __libc_init_array
 *(.glue_7)
 .glue_7        0x08000d90        0x0 linker stubs
 *(.glue_7t)
 .glue_7t       0x08000d90        0x0 linker stubs
 *(.eh_frame)
 .eh_frame      0x08000d90        0x0 C:/ST/STM32CubeIDE_1.15.0/STM32CubeIDE/plugins/com.st.stm32cube.ide.mcu.externaltools.gnu-tools-for-stm32.12.3.rel1.win32_1.0.100.202403111256/tools/bin/../lib/gcc/arm-none-eabi/12.3.1/thumb/v7-m/nofp/crtbegin.o
 *(.init)
 .init          0x08000d90        0x4 C:/ST/STM32CubeIDE_1.15.0/STM32CubeIDE/plugins/com.st.stm32cube.ide.mcu.externaltools.gnu-tools-for-stm32.12.3.rel1.win32_1.0.100.202403111256/tools/bin/../lib/gcc/arm-none-eabi/12.3.1/thumb/v7-m/nofp/crti.o
                0x08000d90                _init
 .init          0x08000d94        0x8 C:/ST/STM32CubeIDE_1.15.0/STM32CubeIDE/plugins/com.st.stm32cube.ide.mcu.externaltools.gnu-tools-for-stm32.12.3.rel1.win32_1.0.100.202403111256/tools/bin/../lib/gcc/arm-none-eabi/12.3.1/thumb/v7-m/nofp/crtn.o
 *(.fini)
 .fini          0x08000d9c        0x4 C:/ST/STM32CubeIDE_1.15.0/STM32CubeIDE/plugins/com.st.stm32cube.ide.mcu.externaltools.gnu-tools-for-stm32.12.3.rel1.win32_1.0.100.202403111256/tools/bin/../lib/gcc/arm-none-eabi/12.3.1/thumb/v7-m/nofp/crti.o
                0x08000d9c                _fini
 .fini          0x08000da0        0x8 C:/ST/STM32CubeIDE_1.15.0/STM32CubeIDE/plugins/com.st.stm32cube.ide.mcu.externaltools.gnu-tools-for-stm32.12.3.rel1.win32_1.0.100.202403111256/tools/bin/../lib/gcc/arm-none-eabi/12.3.1/thumb/v7-m/nofp/crtn.o
                0x08000da8                        . = ALIGN (0x4)
                0x08000da8                        _etext = .

.vfp11_veneer   0x08000da8        0x0
 .vfp11_veneer  0x08000da8        0x0 linker stubs

.v4_bx          0x08000da8        0x0
 .v4_bx         0x08000da8        0x0 linker stubs

.iplt           0x08000da8        0x0
 .iplt          0x08000da8        0x0 C:/ST/STM32CubeIDE_1.15.0/STM32CubeIDE/plugins/com.st.stm32cube.ide.mcu.externaltools.gnu-tools-for-stm32.12.3.rel1.win32_1.0.100.202403111256/tools/bin/../lib/gcc/arm-none-eabi/12.3.1/thumb/v7-m/nofp/crtbegin.o

.rodata         0x08000da8      0x8c8
                0x08000da8                        . = ALIGN (0x4)
 *(.rodata)
 *(.rodata*)
 .rodata._ZTVN4font12Font8x8RightE
                0x08000da8       0x14 ./Src/Font8x8Right.o
                0x08000da8                vtable for font::Font8x8Right
 .rodata._ZN4fontL17fontTable8x8RightE
                0x08000dbc      0x800 ./Src/Font8x8Right.o
 .rodata._ZN10LcdDrivers7SSD1306L31SET_MEMORY_ADDRESSING_MODE_PAGEE
                0x080015bc        0x5 ./Src/SSD1306.o
 .rodata._ZN10LcdDrivers7SSD1306L35SET_MEMORY_ADDRESSING_MODE_VERTICALE
                0x080015c1        0x5 ./Src/SSD1306.o
 .rodata._ZN10LcdDrivers7SSD1306L33SET_COM_SCAN_DIRECTION_Y_INVERTEDE
                0x080015c6        0x4 ./Src/SSD1306.o
 .rodata._ZN10LcdDrivers7SSD1306L31SET_COM_SCAN_DIRECTION_Y_NORMALE
                0x080015ca        0x4 ./Src/SSD1306.o
 .rodata._ZN10LcdDrivers7SSD1306L28SET_SEGMENT_REMAP_X_INVERTEDE
                0x080015ce        0x4 ./Src/SSD1306.o
 .rodata._ZN10LcdDrivers7SSD1306L26SET_SEGMENT_REMAP_X_NORMALE
                0x080015d2        0x4 ./Src/SSD1306.o
 .rodata._ZN10LcdDrivers7SSD1306L18SET_NORMAL_DISPLAYE
                0x080015d6        0x4 ./Src/SSD1306.o
 .rodata._ZN10LcdDrivers7SSD1306L17ENTIRE_DISPLAY_ONE
                0x080015da        0x4 ./Src/SSD1306.o
 .rodata._ZN10LcdDrivers7SSD1306L10DISPLAY_ONE
                0x080015de        0x4 ./Src/SSD1306.o
 .rodata._ZN10LcdDrivers7SSD1306L14CHARGE_PUMP_ONE
                0x080015e2        0x5 ./Src/SSD1306.o
 .rodata.main.str1.1
                0x080015e7       0x88 ./Src/main.o
                0x08001670                        . = ALIGN (0x4)
 *fill*         0x0800166f        0x1 

.ARM.extab      0x08001670        0x0
                0x08001670                        . = ALIGN (0x4)
 *(.ARM.extab* .gnu.linkonce.armextab.*)
                0x08001670                        . = ALIGN (0x4)

.ARM            0x08001670        0x0
                0x08001670                        . = ALIGN (0x4)
                0x08001670                        __exidx_start = .
 *(.ARM.exidx*)
                0x08001670                        __exidx_end = .
                0x08001670                        . = ALIGN (0x4)

.preinit_array  0x08001670        0x0
                0x08001670                        . = ALIGN (0x4)
                0x08001670                        PROVIDE (__preinit_array_start = .)
 *(.preinit_array*)
                0x08001670                        PROVIDE (__preinit_array_end = .)
                0x08001670                        . = ALIGN (0x4)

.init_array     0x08001670        0x4
                0x08001670                        . = ALIGN (0x4)
                0x08001670                        PROVIDE (__init_array_start = .)
 *(SORT_BY_NAME(.init_array.*))
 *(.init_array*)
 .init_array    0x08001670        0x4 C:/ST/STM32CubeIDE_1.15.0/STM32CubeIDE/plugins/com.st.stm32cube.ide.mcu.externaltools.gnu-tools-for-stm32.12.3.rel1.win32_1.0.100.202403111256/tools/bin/../lib/gcc/arm-none-eabi/12.3.1/thumb/v7-m/nofp/crtbegin.o
                0x08001674                        PROVIDE (__init_array_end = .)
                0x08001674                        . = ALIGN (0x4)

.fini_array     0x08001674        0x4
                0x08001674                        . = ALIGN (0x4)
                [!provide]                        PROVIDE (__fini_array_start = .)
 *(SORT_BY_NAME(.fini_array.*))
 *(.fini_array*)
 .fini_array    0x08001674        0x4 C:/ST/STM32CubeIDE_1.15.0/STM32CubeIDE/plugins/com.st.stm32cube.ide.mcu.externaltools.gnu-tools-for-stm32.12.3.rel1.win32_1.0.100.202403111256/tools/bin/../lib/gcc/arm-none-eabi/12.3.1/thumb/v7-m/nofp/crtbegin.o
                [!provide]                        PROVIDE (__fini_array_end = .)
                0x08001678                        . = ALIGN (0x4)
                0x08001678                        _sidata = LOADADDR (.data)

.rel.dyn        0x08001678        0x0
 .rel.iplt      0x08001678        0x0 C:/ST/STM32CubeIDE_1.15.0/STM32CubeIDE/plugins/com.st.stm32cube.ide.mcu.externaltools.gnu-tools-for-stm32.12.3.rel1.win32_1.0.100.202403111256/tools/bin/../lib/gcc/arm-none-eabi/12.3.1/thumb/v7-m/nofp/crtbegin.o

.data           0x20000000        0x0 load address 0x08001678
                0x20000000                        . = ALIGN (0x4)
                0x20000000                        _sdata = .
 *(.data)
 *(.data*)
 *(.RamFunc)
 *(.RamFunc*)
                0x20000000                        . = ALIGN (0x4)
                0x20000000                        _edata = .

.igot.plt       0x20000000        0x0 load address 0x08001678
 .igot.plt      0x20000000        0x0 C:/ST/STM32CubeIDE_1.15.0/STM32CubeIDE/plugins/com.st.stm32cube.ide.mcu.externaltools.gnu-tools-for-stm32.12.3.rel1.win32_1.0.100.202403111256/tools/bin/../lib/gcc/arm-none-eabi/12.3.1/thumb/v7-m/nofp/crtbegin.o
                0x20000000                        . = ALIGN (0x4)

.bss            0x20000000       0x1c load address 0x08001678
                0x20000000                        _sbss = .
                0x20000000                        __bss_start__ = _sbss
 *(.bss)
 .bss           0x20000000       0x1c C:/ST/STM32CubeIDE_1.15.0/STM32CubeIDE/plugins/com.st.stm32cube.ide.mcu.externaltools.gnu-tools-for-stm32.12.3.rel1.win32_1.0.100.202403111256/tools/bin/../lib/gcc/arm-none-eabi/12.3.1/thumb/v7-m/nofp/crtbegin.o
 *(.bss*)
 *(COMMON)
                0x2000001c                        . = ALIGN (0x4)
                0x2000001c                        _ebss = .
                0x2000001c                        __bss_end__ = _ebss

._user_heap_stack
                0x2000001c      0x604 load address 0x08001678
                0x20000020                        . = ALIGN (0x8)
 *fill*         0x2000001c        0x4 
                [!provide]                        PROVIDE (end = .)
                0x20000020                        PROVIDE (_end = .)
                0x20000220                        . = (. + _Min_Heap_Size)
 *fill*         0x20000020      0x200 
                0x20000620                        . = (. + _Min_Stack_Size)
 *fill*         0x20000220      0x400 
                0x20000620                        . = ALIGN (0x8)

/DISCARD/
 libc.a(*)
 libm.a(*)
 libgcc.a(*)

.ARM.attributes
                0x00000000       0x29
 *(.ARM.attributes)
 .ARM.attributes
                0x00000000       0x1d C:/ST/STM32CubeIDE_1.15.0/STM32CubeIDE/plugins/com.st.stm32cube.ide.mcu.externaltools.gnu-tools-for-stm32.12.3.rel1.win32_1.0.100.202403111256/tools/bin/../lib/gcc/arm-none-eabi/12.3.1/thumb/v7-m/nofp/crti.o
 .ARM.attributes
                0x0000001d       0x2d C:/ST/STM32CubeIDE_1.15.0/STM32CubeIDE/plugins/com.st.stm32cube.ide.mcu.externaltools.gnu-tools-for-stm32.12.3.rel1.win32_1.0.100.202403111256/tools/bin/../lib/gcc/arm-none-eabi/12.3.1/thumb/v7-m/nofp/crtbegin.o
 .ARM.attributes
                0x0000004a       0x2d ./CMSIS/src/stm32f1xx_it.o
 .ARM.attributes
                0x00000077       0x2d ./CMSIS/src/system_stm32f1xx.o
 .ARM.attributes
                0x000000a4       0x2d ./Src/DelayTimer.o
 .ARM.attributes
                0x000000d1       0x2d ./Src/ErrorLed.o
 .ARM.attributes
                0x000000fe       0x2d ./Src/Font8x8Right.o
 .ARM.attributes
                0x0000012b       0x2d ./Src/GpioConfigurator.o
 .ARM.attributes
                0x00000158       0x2d ./Src/I2cSw.o
 .ARM.attributes
                0x00000185       0x2d ./Src/LcdScreen.o
 .ARM.attributes
                0x000001b2       0x2d ./Src/PowerControl.o
 .ARM.attributes
                0x000001df       0x2d ./Src/SSD1306.o
 .ARM.attributes
                0x0000020c       0x2d ./Src/main.o
 .ARM.attributes
                0x00000239       0x21 ./Startup/startup_stm32f103c8tx.o
 .ARM.attributes
                0x0000025a       0x2d C:/ST/STM32CubeIDE_1.15.0/STM32CubeIDE/plugins/com.st.stm32cube.ide.mcu.externaltools.gnu-tools-for-stm32.12.3.rel1.win32_1.0.100.202403111256/tools/bin/../lib/gcc/arm-none-eabi/12.3.1/../../../../arm-none-eabi/lib/thumb/v7-m/nofp\libc_nano.a(libc_a-init.o)
 .ARM.attributes
                0x00000287       0x1d C:/ST/STM32CubeIDE_1.15.0/STM32CubeIDE/plugins/com.st.stm32cube.ide.mcu.externaltools.gnu-tools-for-stm32.12.3.rel1.win32_1.0.100.202403111256/tools/bin/../lib/gcc/arm-none-eabi/12.3.1/thumb/v7-m/nofp/crtn.o
OUTPUT(HumidityMetter.elf elf32-littlearm)
LOAD linker stubs
LOAD C:/ST/STM32CubeIDE_1.15.0/STM32CubeIDE/plugins/com.st.stm32cube.ide.mcu.externaltools.gnu-tools-for-stm32.12.3.rel1.win32_1.0.100.202403111256/tools/bin/../lib/gcc/arm-none-eabi/12.3.1/../../../../arm-none-eabi/lib/thumb/v7-m/nofp\libc.a
LOAD C:/ST/STM32CubeIDE_1.15.0/STM32CubeIDE/plugins/com.st.stm32cube.ide.mcu.externaltools.gnu-tools-for-stm32.12.3.rel1.win32_1.0.100.202403111256/tools/bin/../lib/gcc/arm-none-eabi/12.3.1/../../../../arm-none-eabi/lib/thumb/v7-m/nofp\libm.a
LOAD C:/ST/STM32CubeIDE_1.15.0/STM32CubeIDE/plugins/com.st.stm32cube.ide.mcu.externaltools.gnu-tools-for-stm32.12.3.rel1.win32_1.0.100.202403111256/tools/bin/../lib/gcc/arm-none-eabi/12.3.1/thumb/v7-m/nofp\libgcc.a

.comment        0x00000000       0x43
 .comment       0x00000000       0x43 ./CMSIS/src/stm32f1xx_it.o
                                 0x44 (size before relaxing)
 .comment       0x00000043       0x44 ./CMSIS/src/system_stm32f1xx.o
 .comment       0x00000043       0x44 ./Src/DelayTimer.o
 .comment       0x00000043       0x44 ./Src/ErrorLed.o
 .comment       0x00000043       0x44 ./Src/Font8x8Right.o
 .comment       0x00000043       0x44 ./Src/GpioConfigurator.o
 .comment       0x00000043       0x44 ./Src/I2cSw.o
 .comment       0x00000043       0x44 ./Src/LcdScreen.o
 .comment       0x00000043       0x44 ./Src/PowerControl.o
 .comment       0x00000043       0x44 ./Src/SSD1306.o
 .comment       0x00000043       0x44 ./Src/main.o

.debug_frame    0x00000000       0x2c
 .debug_frame   0x00000000       0x2c C:/ST/STM32CubeIDE_1.15.0/STM32CubeIDE/plugins/com.st.stm32cube.ide.mcu.externaltools.gnu-tools-for-stm32.12.3.rel1.win32_1.0.100.202403111256/tools/bin/../lib/gcc/arm-none-eabi/12.3.1/../../../../arm-none-eabi/lib/thumb/v7-m/nofp\libc_nano.a(libc_a-init.o)
